Archive member included to satisfy reference by file (symbol)

/usr/lib/gcc/arm-none-eabi/7.3.1/../../../arm-none-eabi/lib/thumb/v7e-m/fpv4-sp/hard/libc.a(lib_a-atexit.o)
                              /usr/lib/gcc/arm-none-eabi/7.3.1/../../../arm-none-eabi/lib/thumb/v7e-m/fpv4-sp/hard/crt0.o (atexit)
/usr/lib/gcc/arm-none-eabi/7.3.1/../../../arm-none-eabi/lib/thumb/v7e-m/fpv4-sp/hard/libc.a(lib_a-exit.o)
                              /usr/lib/gcc/arm-none-eabi/7.3.1/../../../arm-none-eabi/lib/thumb/v7e-m/fpv4-sp/hard/crt0.o (exit)
/usr/lib/gcc/arm-none-eabi/7.3.1/../../../arm-none-eabi/lib/thumb/v7e-m/fpv4-sp/hard/libc.a(lib_a-fini.o)
                              /usr/lib/gcc/arm-none-eabi/7.3.1/../../../arm-none-eabi/lib/thumb/v7e-m/fpv4-sp/hard/crt0.o (__libc_fini_array)
/usr/lib/gcc/arm-none-eabi/7.3.1/../../../arm-none-eabi/lib/thumb/v7e-m/fpv4-sp/hard/libc.a(lib_a-impure.o)
                              /usr/lib/gcc/arm-none-eabi/7.3.1/../../../arm-none-eabi/lib/thumb/v7e-m/fpv4-sp/hard/libc.a(lib_a-exit.o) (_global_impure_ptr)
/usr/lib/gcc/arm-none-eabi/7.3.1/../../../arm-none-eabi/lib/thumb/v7e-m/fpv4-sp/hard/libc.a(lib_a-init.o)
                              /usr/lib/gcc/arm-none-eabi/7.3.1/../../../arm-none-eabi/lib/thumb/v7e-m/fpv4-sp/hard/crt0.o (__libc_init_array)
/usr/lib/gcc/arm-none-eabi/7.3.1/../../../arm-none-eabi/lib/thumb/v7e-m/fpv4-sp/hard/libc.a(lib_a-memset.o)
                              /usr/lib/gcc/arm-none-eabi/7.3.1/../../../arm-none-eabi/lib/thumb/v7e-m/fpv4-sp/hard/crt0.o (memset)
/usr/lib/gcc/arm-none-eabi/7.3.1/../../../arm-none-eabi/lib/thumb/v7e-m/fpv4-sp/hard/libc.a(lib_a-__atexit.o)
                              /usr/lib/gcc/arm-none-eabi/7.3.1/../../../arm-none-eabi/lib/thumb/v7e-m/fpv4-sp/hard/libc.a(lib_a-atexit.o) (__register_exitproc)
/usr/lib/gcc/arm-none-eabi/7.3.1/../../../arm-none-eabi/lib/thumb/v7e-m/fpv4-sp/hard/libc.a(lib_a-__call_atexit.o)
                              /usr/lib/gcc/arm-none-eabi/7.3.1/../../../arm-none-eabi/lib/thumb/v7e-m/fpv4-sp/hard/libc.a(lib_a-exit.o) (__call_exitprocs)
/usr/lib/gcc/arm-none-eabi/7.3.1/../../../arm-none-eabi/lib/thumb/v7e-m/fpv4-sp/hard/libnosys.a(_exit.o)
                              /usr/lib/gcc/arm-none-eabi/7.3.1/../../../arm-none-eabi/lib/thumb/v7e-m/fpv4-sp/hard/libc.a(lib_a-exit.o) (_exit)
/usr/lib/gcc/arm-none-eabi/7.3.1/thumb/v7e-m/fpv4-sp/hard/libgcc.a(_aeabi_uldivmod.o)
                              ../../app/stm32g4xx_hal_uart.o (__aeabi_uldivmod)
/usr/lib/gcc/arm-none-eabi/7.3.1/thumb/v7e-m/fpv4-sp/hard/libgcc.a(_udivmoddi4.o)
                              /usr/lib/gcc/arm-none-eabi/7.3.1/thumb/v7e-m/fpv4-sp/hard/libgcc.a(_aeabi_uldivmod.o) (__udivmoddi4)
/usr/lib/gcc/arm-none-eabi/7.3.1/thumb/v7e-m/fpv4-sp/hard/libgcc.a(unwind-arm.o)
                              ../../app/app_main.o (__aeabi_unwind_cpp_pr1)
/usr/lib/gcc/arm-none-eabi/7.3.1/thumb/v7e-m/fpv4-sp/hard/libgcc.a(libunwind.o)
                              /usr/lib/gcc/arm-none-eabi/7.3.1/thumb/v7e-m/fpv4-sp/hard/libgcc.a(unwind-arm.o) (restore_core_regs)
/usr/lib/gcc/arm-none-eabi/7.3.1/thumb/v7e-m/fpv4-sp/hard/libgcc.a(pr-support.o)
                              /usr/lib/gcc/arm-none-eabi/7.3.1/thumb/v7e-m/fpv4-sp/hard/libgcc.a(unwind-arm.o) (__gnu_unwind_execute)
/usr/lib/gcc/arm-none-eabi/7.3.1/thumb/v7e-m/fpv4-sp/hard/libgcc.a(_dvmd_tls.o)
                              /usr/lib/gcc/arm-none-eabi/7.3.1/thumb/v7e-m/fpv4-sp/hard/libgcc.a(_aeabi_uldivmod.o) (__aeabi_ldiv0)
/usr/lib/gcc/arm-none-eabi/7.3.1/../../../arm-none-eabi/lib/thumb/v7e-m/fpv4-sp/hard/libc.a(lib_a-abort.o)
                              /usr/lib/gcc/arm-none-eabi/7.3.1/thumb/v7e-m/fpv4-sp/hard/libgcc.a(unwind-arm.o) (abort)
/usr/lib/gcc/arm-none-eabi/7.3.1/../../../arm-none-eabi/lib/thumb/v7e-m/fpv4-sp/hard/libc.a(lib_a-memcpy.o)
                              /usr/lib/gcc/arm-none-eabi/7.3.1/thumb/v7e-m/fpv4-sp/hard/libgcc.a(unwind-arm.o) (memcpy)
/usr/lib/gcc/arm-none-eabi/7.3.1/../../../arm-none-eabi/lib/thumb/v7e-m/fpv4-sp/hard/libc.a(lib_a-signal.o)
                              /usr/lib/gcc/arm-none-eabi/7.3.1/../../../arm-none-eabi/lib/thumb/v7e-m/fpv4-sp/hard/libc.a(lib_a-abort.o) (raise)
/usr/lib/gcc/arm-none-eabi/7.3.1/../../../arm-none-eabi/lib/thumb/v7e-m/fpv4-sp/hard/libc.a(lib_a-signalr.o)
                              /usr/lib/gcc/arm-none-eabi/7.3.1/../../../arm-none-eabi/lib/thumb/v7e-m/fpv4-sp/hard/libc.a(lib_a-signal.o) (_kill_r)
/usr/lib/gcc/arm-none-eabi/7.3.1/../../../arm-none-eabi/lib/thumb/v7e-m/fpv4-sp/hard/libc.a(lib_a-mallocr.o)
                              /usr/lib/gcc/arm-none-eabi/7.3.1/../../../arm-none-eabi/lib/thumb/v7e-m/fpv4-sp/hard/libc.a(lib_a-signal.o) (_malloc_r)
/usr/lib/gcc/arm-none-eabi/7.3.1/../../../arm-none-eabi/lib/thumb/v7e-m/fpv4-sp/hard/libc.a(lib_a-mlock.o)
                              /usr/lib/gcc/arm-none-eabi/7.3.1/../../../arm-none-eabi/lib/thumb/v7e-m/fpv4-sp/hard/libc.a(lib_a-mallocr.o) (__malloc_lock)
[...]
Memory Configuration

Name             Origin             Length             Attributes
RAM              0x0000000020000000 0x0000000000020000 xrw
FLASH            0x0000000008000000 0x0000000000080000 xr
*default*        0x0000000000000000 0xffffffffffffffff

Linker script and memory map

LOAD /usr/lib/gcc/arm-none-eabi/7.3.1/thumb/v7e-m/fpv4-sp/hard/crti.o
LOAD /usr/lib/gcc/arm-none-eabi/7.3.1/thumb/v7e-m/fpv4-sp/hard/crtbegin.o
LOAD /usr/lib/gcc/arm-none-eabi/7.3.1/../../../arm-none-eabi/lib/thumb/v7e-m/fpv4-sp/hard/crt0.o
LOAD ../../app/main.o
LOAD ../../app/gpio.o
LOAD ../../app/usart.o
LOAD ../../app/stm32g4xx_it.o
LOAD ../../app/stm32g4xx_hal_msp.o
LOAD ../../app/stm32g4xx_hal_gpio.o
LOAD ../../app/stm32g4xx_hal_uart.o
LOAD ../../app/stm32g4xx_hal_uart_ex.o
LOAD ../../app/stm32g4xx_hal.o
LOAD ../../app/stm32g4xx_hal_rcc.o
LOAD ../../app/stm32g4xx_hal_rcc_ex.o
LOAD ../../app/stm32g4xx_hal_flash.o
LOAD ../../app/stm32g4xx_hal_flash_ex.o
LOAD ../../app/stm32g4xx_hal_flash_ramfunc.o
LOAD ../../app/stm32g4xx_hal_exti.o
LOAD ../../app/stm32g4xx_hal_dma.o
LOAD ../../app/stm32g4xx_hal_dma_ex.o
LOAD ../../app/stm32g4xx_hal_pwr.o
LOAD ../../app/stm32g4xx_hal_pwr_ex.o
LOAD ../../app/stm32g4xx_hal_cortex.o
LOAD ../../app/stm32g4xx_hal_tim.o
LOAD ../../app/stm32g4xx_hal_tim_ex.o
LOAD ../../app/system_stm32g4xx.o
LOAD ../../app/app_main.o
LOAD ../../app/startup_stm32g474xx.o
LOAD /usr/lib/gcc/arm-none-eabi/7.3.1/../../../arm-none-eabi/lib/thumb/v7e-m/fpv4-sp/hard/libc.a
LOAD /usr/lib/gcc/arm-none-eabi/7.3.1/../../../arm-none-eabi/lib/thumb/v7e-m/fpv4-sp/hard/libm.a
LOAD /usr/lib/gcc/arm-none-eabi/7.3.1/../../../arm-none-eabi/lib/thumb/v7e-m/fpv4-sp/hard/libnosys.a
START GROUP
LOAD /usr/lib/gcc/arm-none-eabi/7.3.1/thumb/v7e-m/fpv4-sp/hard/libgcc.a
LOAD /usr/lib/gcc/arm-none-eabi/7.3.1/../../../arm-none-eabi/lib/thumb/v7e-m/fpv4-sp/hard/libc.a
END GROUP
START GROUP
LOAD /usr/lib/gcc/arm-none-eabi/7.3.1/thumb/v7e-m/fpv4-sp/hard/libgcc.a
LOAD /usr/lib/gcc/arm-none-eabi/7.3.1/../../../arm-none-eabi/lib/thumb/v7e-m/fpv4-sp/hard/libc.a
LOAD /usr/lib/gcc/arm-none-eabi/7.3.1/../../../arm-none-eabi/lib/thumb/v7e-m/fpv4-sp/hard/libnosys.a
END GROUP
LOAD /usr/lib/gcc/arm-none-eabi/7.3.1/thumb/v7e-m/fpv4-sp/hard/crtend.o
LOAD /usr/lib/gcc/arm-none-eabi/7.3.1/thumb/v7e-m/fpv4-sp/hard/crtn.o
                0x0000000020020000                _estack = 0x20020000
                0x0000000000000200                _Min_Heap_Size = 0x200
                0x0000000000000400                _Min_Stack_Size = 0x400

.isr_vector     0x0000000008000000      0x1d8
                0x0000000008000000                . = ALIGN (0x4)
 *(.isr_vector)
 .isr_vector    0x0000000008000000      0x1d8 ../../app/startup_stm32g474xx.o
                0x0000000008000000                g_pfnVectors
                0x00000000080001d8                . = ALIGN (0x4)

.text           0x00000000080001d8     0x44b0
                0x00000000080001d8                . = ALIGN (0x4)
 *(.text)
 .text          0x00000000080001d8       0x88 /usr/lib/gcc/arm-none-eabi/7.3.1/thumb/v7e-m/fpv4-sp/hard/crtbegin.o
 .text          0x0000000008000260        0xc /usr/lib/gcc/arm-none-eabi/7.3.1/../../../arm-none-eabi/lib/thumb/v7e-m/fpv4-sp/hard/libc.a(lib_a-atexit.o)
                0x0000000008000260                atexit
 .text          0x000000000800026c       0x34 /usr/lib/gcc/arm-none-eabi/7.3.1/../../../arm-none-eabi/lib/thumb/v7e-m/fpv4-sp/hard/libc.a(lib_a-fini.o)
                0x000000000800026c                __libc_fini_array
 .text          0x00000000080002a0       0x48 /usr/lib/gcc/arm-none-eabi/7.3.1/../../../arm-none-eabi/lib/thumb/v7e-m/fpv4-sp/hard/libc.a(lib_a-init.o)
                0x00000000080002a0                __libc_init_array
 .text          0x00000000080002e8       0x94 /usr/lib/gcc/arm-none-eabi/7.3.1/../../../arm-none-eabi/lib/thumb/v7e-m/fpv4-sp/hard/libc.a(lib_a-memset.o)
                0x00000000080002e8                memset
 .text          0x000000000800037c       0x68 /usr/lib/gcc/arm-none-eabi/7.3.1/../../../arm-none-eabi/lib/thumb/v7e-m/fpv4-sp/hard/libc.a(lib_a-__atexit.o)
                0x000000000800037c                __register_exitproc
 .text          0x00000000080003e4        0x4 /usr/lib/gcc/arm-none-eabi/7.3.1/../../../arm-none-eabi/lib/thumb/v7e-m/fpv4-sp/hard/libnosys.a(_exit.o)
                0x00000000080003e4                _exit
 .text          0x00000000080003e8       0x30 /usr/lib/gcc/arm-none-eabi/7.3.1/thumb/v7e-m/fpv4-sp/hard/libgcc.a(_aeabi_uldivmod.o)
                0x00000000080003e8                __aeabi_uldivmod
 .text          0x0000000008000418      0x2cc /usr/lib/gcc/arm-none-eabi/7.3.1/thumb/v7e-m/fpv4-sp/hard/libgcc.a(_udivmoddi4.o)
                0x0000000008000418                __udivmoddi4
 .text          0x00000000080006e4      0x9ec /usr/lib/gcc/arm-none-eabi/7.3.1/thumb/v7e-m/fpv4-sp/hard/libgcc.a(unwind-arm.o)
                0x0000000008000998                _Unwind_GetCFA
                0x000000000800099c                __gnu_Unwind_RaiseException
                0x00000000080009fc                __gnu_Unwind_ForcedUnwind
                0x0000000008000a10                __gnu_Unwind_Resume
                0x0000000008000a54                __gnu_Unwind_Resume_or_Rethrow
                0x0000000008000a64                _Unwind_Complete
                0x0000000008000a68                _Unwind_DeleteException
                0x0000000008000a74                _Unwind_VRS_Get
                0x0000000008000ab8                _Unwind_VRS_Set
                0x0000000008000b00                __gnu_Unwind_Backtrace
                0x0000000008000e44                __aeabi_unwind_cpp_pr0
                0x0000000008000e48                __aeabi_unwind_cpp_pr1
                0x0000000008000e4c                __aeabi_unwind_cpp_pr2
                0x0000000008000e50                _Unwind_VRS_Pop
 .text          0x00000000080010d0      0x1ac /usr/lib/gcc/arm-none-eabi/7.3.1/thumb/v7e-m/fpv4-sp/hard/libgcc.a(libunwind.o)
                0x00000000080010d0                __restore_core_regs
                0x00000000080010d0                restore_core_regs
                0x00000000080010e8                __gnu_Unwind_Restore_VFP
                0x00000000080010f0                __gnu_Unwind_Save_VFP
                0x00000000080010f8                __gnu_Unwind_Restore_VFP_D
                0x0000000008001100                __gnu_Unwind_Save_VFP_D
                0x0000000008001108                __gnu_Unwind_Restore_VFP_D_16_to_31
                0x0000000008001110                __gnu_Unwind_Save_VFP_D_16_to_31
                0x0000000008001118                __gnu_Unwind_Restore_WMMXD
                0x000000000800115c                __gnu_Unwind_Save_WMMXD
                0x00000000080011a0                __gnu_Unwind_Restore_WMMXC
                0x00000000080011b4                __gnu_Unwind_Save_WMMXC
                0x00000000080011c8                ___Unwind_RaiseException
                0x00000000080011c8                _Unwind_RaiseException
                0x00000000080011ec                ___Unwind_Resume
                0x00000000080011ec                _Unwind_Resume
                0x0000000008001210                _Unwind_Resume_or_Rethrow
                0x0000000008001210                ___Unwind_Resume_or_Rethrow
                0x0000000008001234                ___Unwind_ForcedUnwind
                0x0000000008001234                _Unwind_ForcedUnwind
                0x0000000008001258                _Unwind_Backtrace
                0x0000000008001258                ___Unwind_Backtrace
 .text          0x000000000800127c      0x374 /usr/lib/gcc/arm-none-eabi/7.3.1/thumb/v7e-m/fpv4-sp/hard/libgcc.a(pr-support.o)
                0x00000000080012d4                __gnu_unwind_execute
                0x0000000008001598                __gnu_unwind_frame
                0x00000000080015c0                _Unwind_GetRegionStart
                0x00000000080015cc                _Unwind_GetLanguageSpecificData
                0x00000000080015e0                _Unwind_GetDataRelBase
                0x00000000080015e8                _Unwind_GetTextRelBase
 .text          0x00000000080015f0        0x4 /usr/lib/gcc/arm-none-eabi/7.3.1/thumb/v7e-m/fpv4-sp/hard/libgcc.a(_dvmd_tls.o)
                0x00000000080015f0                __aeabi_ldiv0
                0x00000000080015f0                __aeabi_idiv0
 .text          0x00000000080015f4       0x10 /usr/lib/gcc/arm-none-eabi/7.3.1/../../../arm-none-eabi/lib/thumb/v7e-m/fpv4-sp/hard/libc.a(lib_a-abort.o)
                0x00000000080015f4                abort
 .text          0x0000000008001604      0x134 /usr/lib/gcc/arm-none-eabi/7.3.1/../../../arm-none-eabi/lib/thumb/v7e-m/fpv4-sp/hard/libc.a(lib_a-memcpy.o)
                0x0000000008001604                memcpy
 .text          0x0000000008001738      0x15c /usr/lib/gcc/arm-none-eabi/7.3.1/../../../arm-none-eabi/lib/thumb/v7e-m/fpv4-sp/hard/libc.a(lib_a-signal.o)
                0x0000000008001760                _init_signal_r
                0x000000000800176c                _signal_r
                0x00000000080017a4                _raise_r
                0x00000000080017fc                __sigtramp_r
                0x0000000008001850                raise
                0x0000000008001860                signal
                0x0000000008001870                _init_signal
                0x0000000008001884                __sigtramp
 .text          0x0000000008001894       0x2c /usr/lib/gcc/arm-none-eabi/7.3.1/../../../arm-none-eabi/lib/thumb/v7e-m/fpv4-sp/hard/libc.a(lib_a-signalr.o)
                0x0000000008001894                _kill_r
                0x00000000080018bc                _getpid_r
 .text          0x00000000080018c0      0x568 /usr/lib/gcc/arm-none-eabi/7.3.1/../../../arm-none-eabi/lib/thumb/v7e-m/fpv4-sp/hard/libc.a(lib_a-mallocr.o)
                0x00000000080018c0                _malloc_r
 .text          0x0000000008001e28        0x8 /usr/lib/gcc/arm-none-eabi/7.3.1/../../../arm-none-eabi/lib/thumb/v7e-m/fpv4-sp/hard/libc.a(lib_a-mlock.o)
                0x0000000008001e28                __malloc_lock
                0x0000000008001e2c                __malloc_unlock
 .text          0x0000000008001e30       0x24 /usr/lib/gcc/arm-none-eabi/7.3.1/../../../arm-none-eabi/lib/thumb/v7e-m/fpv4-sp/hard/libc.a(lib_a-sbrkr.o)
                0x0000000008001e30                _sbrk_r
 .text          0x0000000008001e54      0x288 /usr/lib/gcc/arm-none-eabi/7.3.1/../../../arm-none-eabi/lib/thumb/v7e-m/fpv4-sp/hard/libc.a(lib_a-freer.o)
                0x0000000008001e54                _malloc_trim_r
                0x0000000008001ef4                _free_r
 .text          0x00000000080020dc       0x10 /usr/lib/gcc/arm-none-eabi/7.3.1/../../../arm-none-eabi/lib/thumb/v7e-m/fpv4-sp/hard/libnosys.a(getpid.o)
                0x00000000080020dc                _getpid
 .text          0x00000000080020ec       0x10 /usr/lib/gcc/arm-none-eabi/7.3.1/../../../arm-none-eabi/lib/thumb/v7e-m/fpv4-sp/hard/libnosys.a(kill.o)
                0x00000000080020ec                _kill
 .text          0x00000000080020fc       0x1c /usr/lib/gcc/arm-none-eabi/7.3.1/../../../arm-none-eabi/lib/thumb/v7e-m/fpv4-sp/hard/libnosys.a(sbrk.o)
                0x00000000080020fc                _sbrk
 *(.text*)
 .text.SystemClock_Config
                0x0000000008002118       0x76 ../../app/main.o
                0x0000000008002118                SystemClock_Config
 .text.main     0x000000000800218e       0x44 ../../app/main.o
                0x000000000800218e                main
 .text.Error_Handler
                0x00000000080021d2        0x2 ../../app/main.o
                0x00000000080021d2                Error_Handler
 .text.assert_failed
                0x00000000080021d4        0x2 ../../app/main.o
                0x00000000080021d4                assert_failed
 *fill*         0x00000000080021d6        0x2 
 .text.MX_GPIO_Init
                0x00000000080021d8      0x140 ../../app/gpio.o
                0x00000000080021d8                MX_GPIO_Init
 .text.MX_LPUART1_UART_Init
                0x0000000008002318       0x64 ../../app/usart.o
                0x0000000008002318                MX_LPUART1_UART_Init
 .text.HAL_UART_MspInit
                0x000000000800237c       0x64 ../../app/usart.o
                0x000000000800237c                HAL_UART_MspInit
 .text.NMI_Handler
                0x00000000080023e0        0x2 ../../app/stm32g4xx_it.o
                0x00000000080023e0                NMI_Handler
 .text.HardFault_Handler
                0x00000000080023e2        0x2 ../../app/stm32g4xx_it.o
                0x00000000080023e2                HardFault_Handler
 .text.MemManage_Handler
                0x00000000080023e4        0x2 ../../app/stm32g4xx_it.o
                0x00000000080023e4                MemManage_Handler
 .text.BusFault_Handler
                0x00000000080023e6        0x2 ../../app/stm32g4xx_it.o
                0x00000000080023e6                BusFault_Handler
 .text.UsageFault_Handler
                0x00000000080023e8        0x2 ../../app/stm32g4xx_it.o
                0x00000000080023e8                UsageFault_Handler
 .text.SVC_Handler
                0x00000000080023ea        0x2 ../../app/stm32g4xx_it.o
                0x00000000080023ea                SVC_Handler
 .text.DebugMon_Handler
                0x00000000080023ec        0x2 ../../app/stm32g4xx_it.o
                0x00000000080023ec                DebugMon_Handler
 .text.PendSV_Handler
                0x00000000080023ee        0x2 ../../app/stm32g4xx_it.o
                0x00000000080023ee                PendSV_Handler
 .text.SysTick_Handler
                0x00000000080023f0        0x8 ../../app/stm32g4xx_it.o
                0x00000000080023f0                SysTick_Handler
 .text.EXTI15_10_IRQHandler
                0x00000000080023f8        0xc ../../app/stm32g4xx_it.o
                0x00000000080023f8                EXTI15_10_IRQHandler
 .text.HAL_MspInit
                0x0000000008002404       0x38 ../../app/stm32g4xx_hal_msp.o
                0x0000000008002404                HAL_MspInit
 .text.HAL_GPIO_Init
                0x000000000800243c      0x2d0 ../../app/stm32g4xx_hal_gpio.o
                0x000000000800243c                HAL_GPIO_Init
 .text.HAL_GPIO_WritePin
                0x000000000800270c       0x34 ../../app/stm32g4xx_hal_gpio.o
                0x000000000800270c                HAL_GPIO_WritePin
 .text.HAL_GPIO_EXTI_Callback
                0x0000000008002740        0x2 ../../app/stm32g4xx_hal_gpio.o
                0x0000000008002740                HAL_GPIO_EXTI_Callback
 *fill*         0x0000000008002742        0x2 
 .text.HAL_GPIO_EXTI_IRQHandler
                0x0000000008002744       0x1c ../../app/stm32g4xx_hal_gpio.o
                0x0000000008002744                HAL_GPIO_EXTI_IRQHandler
 .text.UART_SetConfig
                0x0000000008002760      0x4a4 ../../app/stm32g4xx_hal_uart.o
                0x0000000008002760                UART_SetConfig
 .text.UART_AdvFeatureConfig
                0x0000000008002c04      0x1f4 ../../app/stm32g4xx_hal_uart.o
                0x0000000008002c04                UART_AdvFeatureConfig
 .text.UART_WaitOnFlagUntilTimeout
                0x0000000008002df8       0xa6 ../../app/stm32g4xx_hal_uart.o
                0x0000000008002df8                UART_WaitOnFlagUntilTimeout
 .text.UART_CheckIdleState
                0x0000000008002e9e       0x72 ../../app/stm32g4xx_hal_uart.o
                0x0000000008002e9e                UART_CheckIdleState
 .text.HAL_UART_Init
                0x0000000008002f10       0xf4 ../../app/stm32g4xx_hal_uart.o
                0x0000000008002f10                HAL_UART_Init
 .text.UARTEx_SetNbDataToProcess
                0x0000000008003004       0x74 ../../app/stm32g4xx_hal_uart_ex.o
 .text.HAL_UARTEx_DisableFifoMode
                0x0000000008003078       0x84 ../../app/stm32g4xx_hal_uart_ex.o
                0x0000000008003078                HAL_UARTEx_DisableFifoMode
 .text.HAL_UARTEx_SetTxFifoThreshold
                0x00000000080030fc       0xbc ../../app/stm32g4xx_hal_uart_ex.o
                0x00000000080030fc                HAL_UARTEx_SetTxFifoThreshold
 .text.HAL_UARTEx_SetRxFifoThreshold
                0x00000000080031b8       0xbc ../../app/stm32g4xx_hal_uart_ex.o
                0x00000000080031b8                HAL_UARTEx_SetRxFifoThreshold
 .text.HAL_InitTick
                0x0000000008003274       0x50 ../../app/stm32g4xx_hal.o
                0x0000000008003274                HAL_InitTick
 .text.HAL_Init
                0x00000000080032c4       0x1e ../../app/stm32g4xx_hal.o
                0x00000000080032c4                HAL_Init
 *fill*         0x00000000080032e2        0x2 
 .text.HAL_IncTick
                0x00000000080032e4       0x18 ../../app/stm32g4xx_hal.o
                0x00000000080032e4                HAL_IncTick
 .text.HAL_GetTick
                0x00000000080032fc        0xc ../../app/stm32g4xx_hal.o
                0x00000000080032fc                HAL_GetTick
 .text.HAL_Delay
                0x0000000008003308       0x28 ../../app/stm32g4xx_hal.o
                0x0000000008003308                HAL_Delay
 .text.RCC_GetSysClockFreqFromPLLSource
                0x0000000008003330       0x58 ../../app/stm32g4xx_hal_rcc.o
 .text.HAL_RCC_OscConfig
                0x0000000008003388      0x638 ../../app/stm32g4xx_hal_rcc.o
                0x0000000008003388                HAL_RCC_OscConfig
 .text.HAL_RCC_GetSysClockFreq
                0x00000000080039c0       0x88 ../../app/stm32g4xx_hal_rcc.o
                0x00000000080039c0                HAL_RCC_GetSysClockFreq
 .text.HAL_RCC_ClockConfig
                0x0000000008003a48      0x2bc ../../app/stm32g4xx_hal_rcc.o
                0x0000000008003a48                HAL_RCC_ClockConfig
 .text.HAL_RCC_GetHCLKFreq
                0x0000000008003d04        0xc ../../app/stm32g4xx_hal_rcc.o
                0x0000000008003d04                HAL_RCC_GetHCLKFreq
 .text.HAL_RCC_GetPCLK1Freq
                0x0000000008003d10       0x24 ../../app/stm32g4xx_hal_rcc.o
                0x0000000008003d10                HAL_RCC_GetPCLK1Freq
 .text.HAL_RCC_GetPCLK2Freq
                0x0000000008003d34       0x24 ../../app/stm32g4xx_hal_rcc.o
                0x0000000008003d34                HAL_RCC_GetPCLK2Freq
 .text.HAL_RCCEx_PeriphCLKConfig
                0x0000000008003d58      0x604 ../../app/stm32g4xx_hal_rcc_ex.o
                0x0000000008003d58                HAL_RCCEx_PeriphCLKConfig
 .text.HAL_PWREx_ControlVoltageScaling
                0x000000000800435c      0x12c ../../app/stm32g4xx_hal_pwr_ex.o
                0x000000000800435c                HAL_PWREx_ControlVoltageScaling
 .text.HAL_PWREx_DisableUCPDDeadBattery
                0x0000000008004488       0x10 ../../app/stm32g4xx_hal_pwr_ex.o
                0x0000000008004488                HAL_PWREx_DisableUCPDDeadBattery
 .text.HAL_NVIC_SetPriorityGrouping
                0x0000000008004498       0x3c ../../app/stm32g4xx_hal_cortex.o
                0x0000000008004498                HAL_NVIC_SetPriorityGrouping
 .text.HAL_NVIC_SetPriority
                0x00000000080044d4       0x8c ../../app/stm32g4xx_hal_cortex.o
                0x00000000080044d4                HAL_NVIC_SetPriority
 .text.HAL_NVIC_EnableIRQ
                0x0000000008004560       0x30 ../../app/stm32g4xx_hal_cortex.o
                0x0000000008004560                HAL_NVIC_EnableIRQ
 .text.HAL_SYSTICK_Config
                0x0000000008004590       0x2c ../../app/stm32g4xx_hal_cortex.o
                0x0000000008004590                HAL_SYSTICK_Config
 .text.SystemInit
                0x00000000080045bc       0x1c ../../app/system_stm32g4xx.o
                0x00000000080045bc                SystemInit
 .text.app_main
                0x00000000080045d8       0x2e ../../app/app_main.o
                0x00000000080045d8                app_main
 *fill*         0x0000000008004606        0x2 
 .text.Reset_Handler
                0x0000000008004608       0x50 ../../app/startup_stm32g474xx.o
                0x0000000008004608                Reset_Handler
 .text.Default_Handler
                0x0000000008004658        0x2 ../../app/startup_stm32g474xx.o
                0x0000000008004658                RTC_Alarm_IRQHandler
                0x0000000008004658                EXTI2_IRQHandler
                0x0000000008004658                TIM8_TRG_COM_IRQHandler
                0x0000000008004658                TIM8_CC_IRQHandler
                0x0000000008004658                HRTIM1_Master_IRQHandler
                0x0000000008004658                SPI4_IRQHandler
                0x0000000008004658                FDCAN3_IT0_IRQHandler
                0x0000000008004658                TIM1_CC_IRQHandler
                0x0000000008004658                HRTIM1_FLT_IRQHandler
                0x0000000008004658                HRTIM1_TIMF_IRQHandler
                0x0000000008004658                USB_HP_IRQHandler
                0x0000000008004658                CORDIC_IRQHandler
                0x0000000008004658                HRTIM1_TIMD_IRQHandler
                0x0000000008004658                DMA2_Channel8_IRQHandler
                0x0000000008004658                EXTI3_IRQHandler
                0x0000000008004658                I2C3_ER_IRQHandler
                0x0000000008004658                EXTI0_IRQHandler
                0x0000000008004658                I2C2_EV_IRQHandler
                0x0000000008004658                FPU_IRQHandler
                0x0000000008004658                FDCAN1_IT1_IRQHandler
                0x0000000008004658                TIM1_UP_TIM16_IRQHandler
                0x0000000008004658                ADC1_2_IRQHandler
                0x0000000008004658                HRTIM1_TIME_IRQHandler
                0x0000000008004658                SPI1_IRQHandler
                0x0000000008004658                TIM6_DAC_IRQHandler
                0x0000000008004658                HRTIM1_TIMC_IRQHandler
                0x0000000008004658                TIM8_UP_IRQHandler
                0x0000000008004658                DMA2_Channel2_IRQHandler
                0x0000000008004658                DMA1_Channel4_IRQHandler
                0x0000000008004658                TIM20_TRG_COM_IRQHandler
                0x0000000008004658                USART3_IRQHandler
                0x0000000008004658                DMA1_Channel7_IRQHandler
                0x0000000008004658                UART5_IRQHandler
                0x0000000008004658                ADC3_IRQHandler
                0x0000000008004658                TIM4_IRQHandler
                0x0000000008004658                DMA2_Channel1_IRQHandler
                0x0000000008004658                QUADSPI_IRQHandler
                0x0000000008004658                I2C1_EV_IRQHandler
                0x0000000008004658                DMA1_Channel6_IRQHandler
                0x0000000008004658                UART4_IRQHandler
                0x0000000008004658                DMA2_Channel4_IRQHandler
                0x0000000008004658                TIM3_IRQHandler
                0x0000000008004658                RCC_IRQHandler
                0x0000000008004658                TIM20_UP_IRQHandler
                0x0000000008004658                DMA1_Channel1_IRQHandler
                0x0000000008004658                Default_Handler
                0x0000000008004658                DMA2_Channel7_IRQHandler
                0x0000000008004658                RTC_TAMP_LSECSS_IRQHandler
                0x0000000008004658                FMAC_IRQHandler
                0x0000000008004658                DMA1_Channel8_IRQHandler
                0x0000000008004658                HRTIM1_TIMA_IRQHandler
                0x0000000008004658                TIM7_DAC_IRQHandler
                0x0000000008004658                FDCAN3_IT1_IRQHandler
                0x0000000008004658                TIM5_IRQHandler
                0x0000000008004658                UCPD1_IRQHandler
                0x0000000008004658                I2C3_EV_IRQHandler
                0x0000000008004658                EXTI9_5_IRQHandler
                0x0000000008004658                RTC_WKUP_IRQHandler
                0x0000000008004658                PVD_PVM_IRQHandler
                0x0000000008004658                SPI2_IRQHandler
                0x0000000008004658                ADC5_IRQHandler
                0x0000000008004658                DMA2_Channel5_IRQHandler
                0x0000000008004658                CRS_IRQHandler
                0x0000000008004658                DMA1_Channel5_IRQHandler
                0x0000000008004658                USB_LP_IRQHandler
                0x0000000008004658                EXTI4_IRQHandler
                0x0000000008004658                RNG_IRQHandler
                0x0000000008004658                HRTIM1_TIMB_IRQHandler
                0x0000000008004658                TIM1_TRG_COM_TIM17_IRQHandler
                0x0000000008004658                FDCAN2_IT1_IRQHandler
                0x0000000008004658                DMA1_Channel3_IRQHandler
                0x0000000008004658                ADC4_IRQHandler
                0x0000000008004658                WWDG_IRQHandler
                0x0000000008004658                I2C4_EV_IRQHandler
                0x0000000008004658                FDCAN2_IT0_IRQHandler
                0x0000000008004658                LPUART1_IRQHandler
                0x0000000008004658                DMA2_Channel6_IRQHandler
                0x0000000008004658                FDCAN1_IT0_IRQHandler
                0x0000000008004658                TIM2_IRQHandler
                0x0000000008004658                COMP7_IRQHandler
                0x0000000008004658                COMP1_2_3_IRQHandler
                0x0000000008004658                EXTI1_IRQHandler
                0x0000000008004658                USART2_IRQHandler
                0x0000000008004658                COMP4_5_6_IRQHandler
                0x0000000008004658                TIM20_BRK_IRQHandler
                0x0000000008004658                I2C2_ER_IRQHandler
                0x0000000008004658                DMA1_Channel2_IRQHandler
                0x0000000008004658                TIM8_BRK_IRQHandler
                0x0000000008004658                FLASH_IRQHandler
                0x0000000008004658                TIM20_CC_IRQHandler
                0x0000000008004658                USART1_IRQHandler
                0x0000000008004658                SPI3_IRQHandler
                0x0000000008004658                I2C1_ER_IRQHandler
                0x0000000008004658                FMC_IRQHandler
                0x0000000008004658                LPTIM1_IRQHandler
                0x0000000008004658                DMAMUX_OVR_IRQHandler
                0x0000000008004658                I2C4_ER_IRQHandler
                0x0000000008004658                USBWakeUp_IRQHandler
                0x0000000008004658                SAI1_IRQHandler
                0x0000000008004658                DMA2_Channel3_IRQHandler
                0x0000000008004658                TIM1_BRK_TIM15_IRQHandler
 *fill*         0x000000000800465a        0x2 
 .text.startup  0x000000000800465c       0x14 /usr/lib/gcc/arm-none-eabi/7.3.1/../../../arm-none-eabi/lib/thumb/v7e-m/fpv4-sp/hard/libc.a(lib_a-__call_atexit.o)
 *(.glue_7)
 .glue_7        0x0000000008004670        0x0 linker stubs
 *(.glue_7t)
 .glue_7t       0x0000000008004670        0x0 linker stubs
 *(.eh_frame)
 .eh_frame      0x0000000008004670        0x0 /usr/lib/gcc/arm-none-eabi/7.3.1/thumb/v7e-m/fpv4-sp/hard/crtbegin.o
 *(.init)
 .init          0x0000000008004670        0x4 /usr/lib/gcc/arm-none-eabi/7.3.1/thumb/v7e-m/fpv4-sp/hard/crti.o
                0x0000000008004670                _init
 .init          0x0000000008004674        0x8 /usr/lib/gcc/arm-none-eabi/7.3.1/thumb/v7e-m/fpv4-sp/hard/crtn.o
 *(.fini)
 .fini          0x000000000800467c        0x4 /usr/lib/gcc/arm-none-eabi/7.3.1/thumb/v7e-m/fpv4-sp/hard/crti.o
                0x000000000800467c                _fini
 .fini          0x0000000008004680        0x8 /usr/lib/gcc/arm-none-eabi/7.3.1/thumb/v7e-m/fpv4-sp/hard/crtn.o
                0x0000000008004688                . = ALIGN (0x4)
                0x0000000008004688                _etext = .

.vfp11_veneer   0x0000000008004688        0x0
 .vfp11_veneer  0x0000000008004688        0x0 linker stubs

.v4_bx          0x0000000008004688        0x0
 .v4_bx         0x0000000008004688        0x0 linker stubs

.iplt           0x0000000008004688        0x0
 .iplt          0x0000000008004688        0x0 /usr/lib/gcc/arm-none-eabi/7.3.1/thumb/v7e-m/fpv4-sp/hard/crtbegin.o

.rodata         0x0000000008004688      0x1d0
                0x0000000008004688                . = ALIGN (0x4)
 *(.rodata)
 .rodata        0x0000000008004688       0x10 ../../app/stm32g4xx_hal_uart_ex.o
 .rodata        0x0000000008004698        0x4 /usr/lib/gcc/arm-none-eabi/7.3.1/../../../arm-none-eabi/lib/thumb/v7e-m/fpv4-sp/hard/libc.a(lib_a-impure.o)
                0x0000000008004698                _global_impure_ptr
 *(.rodata*)
 .rodata.HAL_GPIO_Init.str1.4
                0x000000000800469c       0x36 ../../app/stm32g4xx_hal_gpio.o
 *fill*         0x00000000080046d2        0x2 
 .rodata.HAL_UART_DeInit.str1.4
                0x00000000080046d4       0x36 ../../app/stm32g4xx_hal_uart.o
 *fill*         0x000000000800470a        0x2 
 .rodata.UARTPrescTable
                0x000000000800470c       0x18 ../../app/stm32g4xx_hal_uart.o
                0x000000000800470c                UARTPrescTable
 .rodata.UARTEx_Wakeup_AddressConfig.str1.4
                0x0000000008004724       0x39 ../../app/stm32g4xx_hal_uart_ex.o
 *fill*         0x000000000800475d        0x3 
 .rodata.HAL_RCC_OscConfig.str1.4
                0x0000000008004760       0x35 ../../app/stm32g4xx_hal_rcc.o
 *fill*         0x0000000008004795        0x3 
 .rodata.HAL_RCCEx_PeriphCLKConfig.str1.4
                0x0000000008004798       0x38 ../../app/stm32g4xx_hal_rcc_ex.o
 .rodata.HAL_PWREx_ControlVoltageScaling.str1.4
                0x00000000080047d0       0x38 ../../app/stm32g4xx_hal_pwr_ex.o
 .rodata.HAL_NVIC_SetPriorityGrouping.str1.4
                0x0000000008004808       0x38 ../../app/stm32g4xx_hal_cortex.o
 .rodata.AHBPrescTable
                0x0000000008004840       0x10 ../../app/system_stm32g4xx.o
                0x0000000008004840                AHBPrescTable
 .rodata.APBPrescTable
                0x0000000008004850        0x8 ../../app/system_stm32g4xx.o
                0x0000000008004850                APBPrescTable
                0x0000000008004858                . = ALIGN (0x4)

.ARM.extab      0x0000000008004858       0x24
 *(.ARM.extab* .gnu.linkonce.armextab.*)
 .ARM.extab.text.app_main
                0x0000000008004858        0xc ../../app/app_main.o
 .ARM.extab     0x0000000008004864       0x18 /usr/lib/gcc/arm-none-eabi/7.3.1/thumb/v7e-m/fpv4-sp/hard/libgcc.a(pr-support.o)

.ARM            0x000000000800487c       0xc8
                0x000000000800487c                __exidx_start = .
 *(.ARM.exidx*)
 .ARM.exidx.text.app_main
                0x0000000008004934       0x10 ../../app/app_main.o
                                          0x8 (size before relaxing)
 .ARM.exidx     0x000000000800487c        0x8 /usr/lib/gcc/arm-none-eabi/7.3.1/thumb/v7e-m/fpv4-sp/hard/libgcc.a(_udivmoddi4.o)
 .ARM.exidx     0x0000000008004884       0x78 /usr/lib/gcc/arm-none-eabi/7.3.1/thumb/v7e-m/fpv4-sp/hard/libgcc.a(unwind-arm.o)
                                         0xd8 (size before relaxing)
 .ARM.exidx     0x00000000080048fc       0x38 /usr/lib/gcc/arm-none-eabi/7.3.1/thumb/v7e-m/fpv4-sp/hard/libgcc.a(pr-support.o)
                                         0x48 (size before relaxing)
                0x0000000008004944                __exidx_end = .

.rel.dyn        0x0000000008004944        0x0
 .rel.iplt      0x0000000008004944        0x0 /usr/lib/gcc/arm-none-eabi/7.3.1/thumb/v7e-m/fpv4-sp/hard/crtbegin.o

.preinit_array  0x0000000008004944        0x0
                0x0000000008004944                PROVIDE (__preinit_array_start = .)
 *(.preinit_array*)
                0x0000000008004944                PROVIDE (__preinit_array_end = .)

.init_array     0x0000000008004944        0x8
                0x0000000008004944                PROVIDE (__init_array_start = .)
 *(SORT_BY_NAME(.init_array.*))
 .init_array.00000
                0x0000000008004944        0x4 /usr/lib/gcc/arm-none-eabi/7.3.1/../../../arm-none-eabi/lib/thumb/v7e-m/fpv4-sp/hard/libc.a(lib_a-__call_atexit.o)
 *(.init_array*)
 .init_array    0x0000000008004948        0x4 /usr/lib/gcc/arm-none-eabi/7.3.1/thumb/v7e-m/fpv4-sp/hard/crtbegin.o
                0x000000000800494c                PROVIDE (__init_array_end = .)

.fini_array     0x000000000800494c        0x4
                0x000000000800494c                PROVIDE (__fini_array_start = .)
 *(SORT_BY_NAME(.fini_array.*))
 *(.fini_array*)
 .fini_array    0x000000000800494c        0x4 /usr/lib/gcc/arm-none-eabi/7.3.1/thumb/v7e-m/fpv4-sp/hard/crtbegin.o
                0x0000000008004950                PROVIDE (__fini_array_end = .)
                0x0000000008004950                _sidata = LOADADDR (.data)

.data           0x0000000020000000      0x84c load address 0x0000000008004950
                0x0000000020000000                . = ALIGN (0x4)
                0x0000000020000000                _sdata = .
 *(.data)
 .data          0x0000000020000000      0x430 /usr/lib/gcc/arm-none-eabi/7.3.1/../../../arm-none-eabi/lib/thumb/v7e-m/fpv4-sp/hard/libc.a(lib_a-impure.o)
                0x0000000020000000                _impure_ptr
 .data          0x0000000020000430      0x410 /usr/lib/gcc/arm-none-eabi/7.3.1/../../../arm-none-eabi/lib/thumb/v7e-m/fpv4-sp/hard/libc.a(lib_a-mallocr.o)
                0x0000000020000430                __malloc_av_
                0x0000000020000838                __malloc_sbrk_base
                0x000000002000083c                __malloc_trim_threshold
 *(.data*)
 .data.uwTickFreq
                0x0000000020000840        0x4 ../../app/stm32g4xx_hal.o
                0x0000000020000840                uwTickFreq
 .data.uwTickPrio
                0x0000000020000844        0x4 ../../app/stm32g4xx_hal.o
                0x0000000020000844                uwTickPrio
 .data.SystemCoreClock
                0x0000000020000848        0x4 ../../app/system_stm32g4xx.o
                0x0000000020000848                SystemCoreClock
                0x000000002000084c                . = ALIGN (0x4)
                0x000000002000084c                _edata = .

.tm_clone_table
                0x000000002000084c        0x0 load address 0x000000000800519c
 .tm_clone_table
                0x000000002000084c        0x0 /usr/lib/gcc/arm-none-eabi/7.3.1/thumb/v7e-m/fpv4-sp/hard/crtbegin.o
 .tm_clone_table
                0x000000002000084c        0x0 /usr/lib/gcc/arm-none-eabi/7.3.1/thumb/v7e-m/fpv4-sp/hard/crtend.o

.igot.plt       0x000000002000084c        0x0 load address 0x000000000800519c
 .igot.plt      0x000000002000084c        0x0 /usr/lib/gcc/arm-none-eabi/7.3.1/thumb/v7e-m/fpv4-sp/hard/crtbegin.o
                0x000000002000084c                . = ALIGN (0x4)

.bss            0x000000002000084c       0xe8 load address 0x000000000800519c
                0x000000002000084c                _sbss = .
                0x000000002000084c                __bss_start__ = _sbss
 *(.bss)
 .bss           0x000000002000084c       0x1c /usr/lib/gcc/arm-none-eabi/7.3.1/thumb/v7e-m/fpv4-sp/hard/crtbegin.o
 .bss           0x0000000020000868       0x34 /usr/lib/gcc/arm-none-eabi/7.3.1/../../../arm-none-eabi/lib/thumb/v7e-m/fpv4-sp/hard/libc.a(lib_a-mallocr.o)
                0x0000000020000868                __malloc_top_pad
                0x000000002000086c                __malloc_current_mallinfo
                0x0000000020000894                __malloc_max_sbrked_mem
                0x0000000020000898                __malloc_max_total_mem
 .bss           0x000000002000089c        0x4 /usr/lib/gcc/arm-none-eabi/7.3.1/../../../arm-none-eabi/lib/thumb/v7e-m/fpv4-sp/hard/libnosys.a(sbrk.o)
 *(.bss*)
 *(COMMON)
 COMMON         0x00000000200008a0       0x8c ../../app/usart.o
                0x00000000200008a0                hlpuart1
 COMMON         0x000000002000092c        0x4 ../../app/stm32g4xx_hal.o
                0x000000002000092c                uwTick
 COMMON         0x0000000020000930        0x4 /usr/lib/gcc/arm-none-eabi/7.3.1/../../../arm-none-eabi/lib/thumb/v7e-m/fpv4-sp/hard/libc.a(lib_a-reent.o)
                0x0000000020000930                errno
                0x0000000020000934                . = ALIGN (0x4)
                0x0000000020000934                _ebss = .
                0x0000000020000934                __bss_end__ = _ebss

._user_heap_stack
                0x0000000020000934      0x604 load address 0x000000000800519c
                0x0000000020000938                . = ALIGN (0x8)
 *fill*         0x0000000020000934        0x4 
                0x0000000020000938                PROVIDE (end = .)
                [!provide]                        PROVIDE (_end = .)
                0x0000000020000b38                . = (. + _Min_Heap_Size)
 *fill*         0x0000000020000938      0x200 
                0x0000000020000f38                . = (. + _Min_Stack_Size)
 *fill*         0x0000000020000b38      0x400 
                0x0000000020000f38                . = ALIGN (0x8)

/DISCARD/
 libc.a(*)
 libm.a(*)
 libgcc.a(*)

.ARM.attributes
                0x0000000000000000       0x30
 *(.ARM.attributes)
 .ARM.attributes
                0x0000000000000000       0x22 /usr/lib/gcc/arm-none-eabi/7.3.1/thumb/v7e-m/fpv4-sp/hard/crti.o
 .ARM.attributes
                0x0000000000000022       0x34 /usr/lib/gcc/arm-none-eabi/7.3.1/thumb/v7e-m/fpv4-sp/hard/crtbegin.o
 .ARM.attributes
                0x0000000000000056       0x39 ../../app/main.o
 .ARM.attributes
                0x000000000000008f       0x39 ../../app/gpio.o
 .ARM.attributes
                0x00000000000000c8       0x39 ../../app/usart.o
 .ARM.attributes
                0x0000000000000101       0x39 ../../app/stm32g4xx_it.o
 .ARM.attributes
                0x000000000000013a       0x39 ../../app/stm32g4xx_hal_msp.o
 .ARM.attributes
                0x0000000000000173       0x39 ../../app/stm32g4xx_hal_gpio.o
 .ARM.attributes
                0x00000000000001ac       0x39 ../../app/stm32g4xx_hal_uart.o
 .ARM.attributes
                0x00000000000001e5       0x39 ../../app/stm32g4xx_hal_uart_ex.o
 .ARM.attributes
                0x000000000000021e       0x39 ../../app/stm32g4xx_hal.o
 .ARM.attributes
                0x0000000000000257       0x39 ../../app/stm32g4xx_hal_rcc.o
 .ARM.attributes
                0x0000000000000290       0x39 ../../app/stm32g4xx_hal_rcc_ex.o
 .ARM.attributes
                0x00000000000002c9       0x39 ../../app/stm32g4xx_hal_pwr_ex.o
 .ARM.attributes
                0x0000000000000302       0x39 ../../app/stm32g4xx_hal_cortex.o
 .ARM.attributes
                0x000000000000033b       0x39 ../../app/system_stm32g4xx.o
 .ARM.attributes
                0x0000000000000374       0x39 ../../app/app_main.o
 .ARM.attributes
                0x00000000000003ad       0x21 ../../app/startup_stm32g474xx.o
 .ARM.attributes
                0x00000000000003ce       0x34 /usr/lib/gcc/arm-none-eabi/7.3.1/../../../arm-none-eabi/lib/thumb/v7e-m/fpv4-sp/hard/libc.a(lib_a-atexit.o)
 .ARM.attributes
                0x0000000000000402       0x34 /usr/lib/gcc/arm-none-eabi/7.3.1/../../../arm-none-eabi/lib/thumb/v7e-m/fpv4-sp/hard/libc.a(lib_a-fini.o)
 .ARM.attributes
                0x0000000000000436       0x34 /usr/lib/gcc/arm-none-eabi/7.3.1/../../../arm-none-eabi/lib/thumb/v7e-m/fpv4-sp/hard/libc.a(lib_a-impure.o)
 .ARM.attributes
                0x000000000000046a       0x34 /usr/lib/gcc/arm-none-eabi/7.3.1/../../../arm-none-eabi/lib/thumb/v7e-m/fpv4-sp/hard/libc.a(lib_a-init.o)
 .ARM.attributes
                0x000000000000049e       0x34 /usr/lib/gcc/arm-none-eabi/7.3.1/../../../arm-none-eabi/lib/thumb/v7e-m/fpv4-sp/hard/libc.a(lib_a-memset.o)
 .ARM.attributes
                0x00000000000004d2       0x34 /usr/lib/gcc/arm-none-eabi/7.3.1/../../../arm-none-eabi/lib/thumb/v7e-m/fpv4-sp/hard/libc.a(lib_a-__atexit.o)
 .ARM.attributes
                0x0000000000000506       0x34 /usr/lib/gcc/arm-none-eabi/7.3.1/../../../arm-none-eabi/lib/thumb/v7e-m/fpv4-sp/hard/libc.a(lib_a-__call_atexit.o)
 .ARM.attributes
                0x000000000000053a       0x22 /usr/lib/gcc/arm-none-eabi/7.3.1/thumb/v7e-m/fpv4-sp/hard/libgcc.a(_aeabi_uldivmod.o)
 .ARM.attributes
                0x000000000000055c       0x34 /usr/lib/gcc/arm-none-eabi/7.3.1/thumb/v7e-m/fpv4-sp/hard/libgcc.a(_udivmoddi4.o)
 .ARM.attributes
                0x0000000000000590       0x22 /usr/lib/gcc/arm-none-eabi/7.3.1/thumb/v7e-m/fpv4-sp/hard/libgcc.a(_dvmd_tls.o)
 .ARM.attributes
                0x00000000000005b2       0x34 /usr/lib/gcc/arm-none-eabi/7.3.1/thumb/v7e-m/fpv4-sp/hard/crtend.o
 .ARM.attributes
                0x00000000000005e6       0x22 /usr/lib/gcc/arm-none-eabi/7.3.1/thumb/v7e-m/fpv4-sp/hard/crtn.o
OUTPUT(../../app/compile_me.elf elf32-littlearm)

.comment        0x0000000000000000       0xae
 .comment       0x0000000000000000       0x57 /usr/lib/gcc/arm-none-eabi/7.3.1/thumb/v7e-m/fpv4-sp/hard/crtbegin.o
                                         0x58 (size before relaxing)
 .comment       0x0000000000000057       0x58 ../../app/main.o
 .comment       0x0000000000000057       0x58 ../../app/gpio.o
 .comment       0x0000000000000057       0x58 ../../app/usart.o
 .comment       0x0000000000000057       0x58 ../../app/stm32g4xx_it.o
 .comment       0x0000000000000057       0x58 ../../app/stm32g4xx_hal_msp.o
 .comment       0x0000000000000057       0x58 ../../app/stm32g4xx_hal_gpio.o
 .comment       0x0000000000000057       0x58 ../../app/stm32g4xx_hal_uart.o
 .comment       0x0000000000000057       0x58 ../../app/stm32g4xx_hal_uart_ex.o
 .comment       0x0000000000000057       0x58 ../../app/stm32g4xx_hal.o
 .comment       0x0000000000000057       0x58 ../../app/stm32g4xx_hal_rcc.o
 .comment       0x0000000000000057       0x58 ../../app/stm32g4xx_hal_rcc_ex.o
 .comment       0x0000000000000057       0x58 ../../app/stm32g4xx_hal_pwr_ex.o
 .comment       0x0000000000000057       0x58 ../../app/stm32g4xx_hal_cortex.o
 .comment       0x0000000000000057       0x58 ../../app/system_stm32g4xx.o
 .comment       0x0000000000000057       0x58 ../../app/app_main.o
 .comment       0x0000000000000057       0x57 /usr/lib/gcc/arm-none-eabi/7.3.1/../../../arm-none-eabi/lib/thumb/v7e-m/fpv4-sp/hard/libc.a(lib_a-atexit.o)
                                         0x58 (size before relaxing)
 .comment       0x00000000000000ae       0x58 /usr/lib/gcc/arm-none-eabi/7.3.1/../../../arm-none-eabi/lib/thumb/v7e-m/fpv4-sp/hard/libc.a(lib_a-fini.o)
 .comment       0x00000000000000ae       0x58 /usr/lib/gcc/arm-none-eabi/7.3.1/../../../arm-none-eabi/lib/thumb/v7e-m/fpv4-sp/hard/libc.a(lib_a-impure.o)
 .comment       0x00000000000000ae       0x58 /usr/lib/gcc/arm-none-eabi/7.3.1/../../../arm-none-eabi/lib/thumb/v7e-m/fpv4-sp/hard/libc.a(lib_a-init.o)
 .comment       0x00000000000000ae       0x58 /usr/lib/gcc/arm-none-eabi/7.3.1/../../../arm-none-eabi/lib/thumb/v7e-m/fpv4-sp/hard/libc.a(lib_a-memset.o)
 .comment       0x00000000000000ae       0x58 /usr/lib/gcc/arm-none-eabi/7.3.1/../../../arm-none-eabi/lib/thumb/v7e-m/fpv4-sp/hard/libc.a(lib_a-__atexit.o)
 .comment       0x00000000000000ae       0x58 /usr/lib/gcc/arm-none-eabi/7.3.1/../../../arm-none-eabi/lib/thumb/v7e-m/fpv4-sp/hard/libc.a(lib_a-__call_atexit.o)
 .comment       0x00000000000000ae       0x58 /usr/lib/gcc/arm-none-eabi/7.3.1/thumb/v7e-m/fpv4-sp/hard/libgcc.a(_udivmoddi4.o)
 .comment       0x00000000000000ae       0x58 /usr/lib/gcc/arm-none-eabi/7.3.1/thumb/v7e-m/fpv4-sp/hard/crtend.o

.debug_info     0x0000000000000000    0x12661
 .debug_info    0x0000000000000000      0xf86 ../../app/main.o
 .debug_info    0x0000000000000f86      0xb1f ../../app/gpio.o
 .debug_info    0x0000000000001aa5      0xf19 ../../app/usart.o
 .debug_info    0x00000000000029be      0x3cc ../../app/stm32g4xx_it.o
 .debug_info    0x0000000000002d8a      0x597 ../../app/stm32g4xx_hal_msp.o
 .debug_info    0x0000000000003321      0xc5a ../../app/stm32g4xx_hal_gpio.o
 .debug_info    0x0000000000003f7b     0x26dd ../../app/stm32g4xx_hal_uart.o
 .debug_info    0x0000000000006658     0x10a6 ../../app/stm32g4xx_hal_uart_ex.o
 .debug_info    0x00000000000076fe      0xf2e ../../app/stm32g4xx_hal.o
 .debug_info    0x000000000000862c     0x13b8 ../../app/stm32g4xx_hal_rcc.o
 .debug_info    0x00000000000099e4     0x150d ../../app/stm32g4xx_hal_rcc_ex.o
 .debug_info    0x000000000000aef1      0xdf4 ../../app/stm32g4xx_hal_pwr_ex.o
 .debug_info    0x000000000000bce5     0x1476 ../../app/stm32g4xx_hal_cortex.o
 .debug_info    0x000000000000d15b      0x79d ../../app/system_stm32g4xx.o
 .debug_info    0x000000000000d8f8      0xb53 ../../app/app_main.o
 .debug_info    0x000000000000e44b       0x22 ../../app/startup_stm32g474xx.o
 .debug_info    0x000000000000e46d      0x90c /usr/lib/gcc/arm-none-eabi/7.3.1/../../../arm-none-eabi/lib/thumb/v7e-m/fpv4-sp/hard/libc.a(lib_a-atexit.o)
 .debug_info    0x000000000000ed79       0xf3 /usr/lib/gcc/arm-none-eabi/7.3.1/../../../arm-none-eabi/lib/thumb/v7e-m/fpv4-sp/hard/libc.a(lib_a-fini.o)
 .debug_info    0x000000000000ee6c      0x8a9 /usr/lib/gcc/arm-none-eabi/7.3.1/../../../arm-none-eabi/lib/thumb/v7e-m/fpv4-sp/hard/libc.a(lib_a-impure.o)
 .debug_info    0x000000000000f715      0x109 /usr/lib/gcc/arm-none-eabi/7.3.1/../../../arm-none-eabi/lib/thumb/v7e-m/fpv4-sp/hard/libc.a(lib_a-init.o)
 .debug_info    0x000000000000f81e      0xe22 /usr/lib/gcc/arm-none-eabi/7.3.1/../../../arm-none-eabi/lib/thumb/v7e-m/fpv4-sp/hard/libc.a(lib_a-memset.o)
 .debug_info    0x0000000000010640      0x937 /usr/lib/gcc/arm-none-eabi/7.3.1/../../../arm-none-eabi/lib/thumb/v7e-m/fpv4-sp/hard/libc.a(lib_a-__atexit.o)
 .debug_info    0x0000000000010f77      0x993 /usr/lib/gcc/arm-none-eabi/7.3.1/../../../arm-none-eabi/lib/thumb/v7e-m/fpv4-sp/hard/libc.a(lib_a-__call_atexit.o)
 .debug_info    0x000000000001190a       0x26 /usr/lib/gcc/arm-none-eabi/7.3.1/thumb/v7e-m/fpv4-sp/hard/libgcc.a(_aeabi_uldivmod.o)
 .debug_info    0x0000000000011930      0xd0b /usr/lib/gcc/arm-none-eabi/7.3.1/thumb/v7e-m/fpv4-sp/hard/libgcc.a(_udivmoddi4.o)
 .debug_info    0x000000000001263b       0x26 /usr/lib/gcc/arm-none-eabi/7.3.1/thumb/v7e-m/fpv4-sp/hard/libgcc.a(_dvmd_tls.o)

.debug_abbrev   0x0000000000000000     0x2b28
 .debug_abbrev  0x0000000000000000      0x215 ../../app/main.o
 .debug_abbrev  0x0000000000000215      0x16b ../../app/gpio.o
 .debug_abbrev  0x0000000000000380      0x1ca ../../app/usart.o
 .debug_abbrev  0x000000000000054a      0x117 ../../app/stm32g4xx_it.o
 .debug_abbrev  0x0000000000000661      0x13a ../../app/stm32g4xx_hal_msp.o
 .debug_abbrev  0x000000000000079b      0x22f ../../app/stm32g4xx_hal_gpio.o
 .debug_abbrev  0x00000000000009ca      0x2a9 ../../app/stm32g4xx_hal_uart.o
 .debug_abbrev  0x0000000000000c73      0x242 ../../app/stm32g4xx_hal_uart_ex.o
 .debug_abbrev  0x0000000000000eb5      0x209 ../../app/stm32g4xx_hal.o
 .debug_abbrev  0x00000000000010be      0x255 ../../app/stm32g4xx_hal_rcc.o
 .debug_abbrev  0x0000000000001313      0x25b ../../app/stm32g4xx_hal_rcc_ex.o
 .debug_abbrev  0x000000000000156e      0x241 ../../app/stm32g4xx_hal_pwr_ex.o
 .debug_abbrev  0x00000000000017af      0x36a ../../app/stm32g4xx_hal_cortex.o
 .debug_abbrev  0x0000000000001b19      0x146 ../../app/system_stm32g4xx.o
 .debug_abbrev  0x0000000000001c5f      0x176 ../../app/app_main.o
 .debug_abbrev  0x0000000000001dd5       0x12 ../../app/startup_stm32g474xx.o
 .debug_abbrev  0x0000000000001de7      0x201 /usr/lib/gcc/arm-none-eabi/7.3.1/../../../arm-none-eabi/lib/thumb/v7e-m/fpv4-sp/hard/libc.a(lib_a-atexit.o)
 .debug_abbrev  0x0000000000001fe8       0xbd /usr/lib/gcc/arm-none-eabi/7.3.1/../../../arm-none-eabi/lib/thumb/v7e-m/fpv4-sp/hard/libc.a(lib_a-fini.o)
 .debug_abbrev  0x00000000000020a5      0x192 /usr/lib/gcc/arm-none-eabi/7.3.1/../../../arm-none-eabi/lib/thumb/v7e-m/fpv4-sp/hard/libc.a(lib_a-impure.o)
 .debug_abbrev  0x0000000000002237       0xba /usr/lib/gcc/arm-none-eabi/7.3.1/../../../arm-none-eabi/lib/thumb/v7e-m/fpv4-sp/hard/libc.a(lib_a-init.o)
 .debug_abbrev  0x00000000000022f1      0x1de /usr/lib/gcc/arm-none-eabi/7.3.1/../../../arm-none-eabi/lib/thumb/v7e-m/fpv4-sp/hard/libc.a(lib_a-memset.o)
 .debug_abbrev  0x00000000000024cf      0x212 /usr/lib/gcc/arm-none-eabi/7.3.1/../../../arm-none-eabi/lib/thumb/v7e-m/fpv4-sp/hard/libc.a(lib_a-__atexit.o)
 .debug_abbrev  0x00000000000026e1      0x286 /usr/lib/gcc/arm-none-eabi/7.3.1/../../../arm-none-eabi/lib/thumb/v7e-m/fpv4-sp/hard/libc.a(lib_a-__call_atexit.o)
 .debug_abbrev  0x0000000000002967       0x14 /usr/lib/gcc/arm-none-eabi/7.3.1/thumb/v7e-m/fpv4-sp/hard/libgcc.a(_aeabi_uldivmod.o)
 .debug_abbrev  0x000000000000297b      0x199 /usr/lib/gcc/arm-none-eabi/7.3.1/thumb/v7e-m/fpv4-sp/hard/libgcc.a(_udivmoddi4.o)
 .debug_abbrev  0x0000000000002b14       0x14 /usr/lib/gcc/arm-none-eabi/7.3.1/thumb/v7e-m/fpv4-sp/hard/libgcc.a(_dvmd_tls.o)

.debug_loc      0x0000000000000000     0x6c82
 .debug_loc     0x0000000000000000       0x59 ../../app/main.o
 .debug_loc     0x0000000000000059       0x39 ../../app/gpio.o
 .debug_loc     0x0000000000000092       0xf8 ../../app/usart.o
 .debug_loc     0x000000000000018a       0x40 ../../app/stm32g4xx_it.o
 .debug_loc     0x00000000000001ca       0x38 ../../app/stm32g4xx_hal_msp.o
 .debug_loc     0x0000000000000202      0x5b4 ../../app/stm32g4xx_hal_gpio.o
 .debug_loc     0x00000000000007b6     0x20fe ../../app/stm32g4xx_hal_uart.o
 .debug_loc     0x00000000000028b4      0x5a5 ../../app/stm32g4xx_hal_uart_ex.o
 .debug_loc     0x0000000000002e59      0x3a1 ../../app/stm32g4xx_hal.o
 .debug_loc     0x00000000000031fa      0x7de ../../app/stm32g4xx_hal_rcc.o
 .debug_loc     0x00000000000039d8      0xf64 ../../app/stm32g4xx_hal_rcc_ex.o
 .debug_loc     0x000000000000493c      0x748 ../../app/stm32g4xx_hal_pwr_ex.o
 .debug_loc     0x0000000000005084      0x89c ../../app/stm32g4xx_hal_cortex.o
 .debug_loc     0x0000000000005920       0x80 ../../app/system_stm32g4xx.o
 .debug_loc     0x00000000000059a0       0x20 ../../app/app_main.o
 .debug_loc     0x00000000000059c0       0x2c /usr/lib/gcc/arm-none-eabi/7.3.1/../../../arm-none-eabi/lib/thumb/v7e-m/fpv4-sp/hard/libc.a(lib_a-atexit.o)
 .debug_loc     0x00000000000059ec       0x5c /usr/lib/gcc/arm-none-eabi/7.3.1/../../../arm-none-eabi/lib/thumb/v7e-m/fpv4-sp/hard/libc.a(lib_a-fini.o)
 .debug_loc     0x0000000000005a48       0xa2 /usr/lib/gcc/arm-none-eabi/7.3.1/../../../arm-none-eabi/lib/thumb/v7e-m/fpv4-sp/hard/libc.a(lib_a-init.o)
 .debug_loc     0x0000000000005aea      0x175 /usr/lib/gcc/arm-none-eabi/7.3.1/../../../arm-none-eabi/lib/thumb/v7e-m/fpv4-sp/hard/libc.a(lib_a-memset.o)
 .debug_loc     0x0000000000005c5f      0x112 /usr/lib/gcc/arm-none-eabi/7.3.1/../../../arm-none-eabi/lib/thumb/v7e-m/fpv4-sp/hard/libc.a(lib_a-__atexit.o)
 .debug_loc     0x0000000000005d71       0xc6 /usr/lib/gcc/arm-none-eabi/7.3.1/../../../arm-none-eabi/lib/thumb/v7e-m/fpv4-sp/hard/libc.a(lib_a-__call_atexit.o)
 .debug_loc     0x0000000000005e37      0xe4b /usr/lib/gcc/arm-none-eabi/7.3.1/thumb/v7e-m/fpv4-sp/hard/libgcc.a(_udivmoddi4.o)

.debug_aranges  0x0000000000000000      0xa30
 .debug_aranges
                0x0000000000000000       0x38 ../../app/main.o
 .debug_aranges
                0x0000000000000038       0x20 ../../app/gpio.o
 .debug_aranges
                0x0000000000000058       0x30 ../../app/usart.o
 .debug_aranges
                0x0000000000000088       0x68 ../../app/stm32g4xx_it.o
 .debug_aranges
                0x00000000000000f0       0x20 ../../app/stm32g4xx_hal_msp.o
 .debug_aranges
                0x0000000000000110       0x58 ../../app/stm32g4xx_hal_gpio.o
 .debug_aranges
                0x0000000000000168      0x230 ../../app/stm32g4xx_hal_uart.o
 .debug_aranges
                0x0000000000000398       0x88 ../../app/stm32g4xx_hal_uart_ex.o
 .debug_aranges
                0x0000000000000420      0x130 ../../app/stm32g4xx_hal.o
 .debug_aranges
                0x0000000000000550       0x98 ../../app/stm32g4xx_hal_rcc.o
 .debug_aranges
                0x00000000000005e8       0xb0 ../../app/stm32g4xx_hal_rcc_ex.o
 .debug_aranges
                0x0000000000000698      0x140 ../../app/stm32g4xx_hal_pwr_ex.o
 .debug_aranges
                0x00000000000007d8       0xa8 ../../app/stm32g4xx_hal_cortex.o
 .debug_aranges
                0x0000000000000880       0x28 ../../app/system_stm32g4xx.o
 .debug_aranges
                0x00000000000008a8       0x20 ../../app/app_main.o
 .debug_aranges
                0x00000000000008c8       0x28 ../../app/startup_stm32g474xx.o
 .debug_aranges
                0x00000000000008f0       0x20 /usr/lib/gcc/arm-none-eabi/7.3.1/../../../arm-none-eabi/lib/thumb/v7e-m/fpv4-sp/hard/libc.a(lib_a-atexit.o)
 .debug_aranges
                0x0000000000000910       0x20 /usr/lib/gcc/arm-none-eabi/7.3.1/../../../arm-none-eabi/lib/thumb/v7e-m/fpv4-sp/hard/libc.a(lib_a-fini.o)
 .debug_aranges
                0x0000000000000930       0x18 /usr/lib/gcc/arm-none-eabi/7.3.1/../../../arm-none-eabi/lib/thumb/v7e-m/fpv4-sp/hard/libc.a(lib_a-impure.o)
 .debug_aranges
                0x0000000000000948       0x20 /usr/lib/gcc/arm-none-eabi/7.3.1/../../../arm-none-eabi/lib/thumb/v7e-m/fpv4-sp/hard/libc.a(lib_a-init.o)
 .debug_aranges
                0x0000000000000968       0x20 /usr/lib/gcc/arm-none-eabi/7.3.1/../../../arm-none-eabi/lib/thumb/v7e-m/fpv4-sp/hard/libc.a(lib_a-memset.o)
 .debug_aranges
                0x0000000000000988       0x20 /usr/lib/gcc/arm-none-eabi/7.3.1/../../../arm-none-eabi/lib/thumb/v7e-m/fpv4-sp/hard/libc.a(lib_a-__atexit.o)
 .debug_aranges
                0x00000000000009a8       0x28 /usr/lib/gcc/arm-none-eabi/7.3.1/../../../arm-none-eabi/lib/thumb/v7e-m/fpv4-sp/hard/libc.a(lib_a-__call_atexit.o)
 .debug_aranges
                0x00000000000009d0       0x20 /usr/lib/gcc/arm-none-eabi/7.3.1/thumb/v7e-m/fpv4-sp/hard/libgcc.a(_aeabi_uldivmod.o)
 .debug_aranges
                0x00000000000009f0       0x20 /usr/lib/gcc/arm-none-eabi/7.3.1/thumb/v7e-m/fpv4-sp/hard/libgcc.a(_udivmoddi4.o)
 .debug_aranges
                0x0000000000000a10       0x20 /usr/lib/gcc/arm-none-eabi/7.3.1/thumb/v7e-m/fpv4-sp/hard/libgcc.a(_dvmd_tls.o)

.debug_ranges   0x0000000000000000      0x9c8
 .debug_ranges  0x0000000000000000       0x28 ../../app/main.o
 .debug_ranges  0x0000000000000028       0x10 ../../app/gpio.o
 .debug_ranges  0x0000000000000038       0x20 ../../app/usart.o
 .debug_ranges  0x0000000000000058       0x58 ../../app/stm32g4xx_it.o
 .debug_ranges  0x00000000000000b0       0x10 ../../app/stm32g4xx_hal_msp.o
 .debug_ranges  0x00000000000000c0       0x48 ../../app/stm32g4xx_hal_gpio.o
 .debug_ranges  0x0000000000000108      0x220 ../../app/stm32g4xx_hal_uart.o
 .debug_ranges  0x0000000000000328       0x78 ../../app/stm32g4xx_hal_uart_ex.o
 .debug_ranges  0x00000000000003a0      0x120 ../../app/stm32g4xx_hal.o
 .debug_ranges  0x00000000000004c0       0xa0 ../../app/stm32g4xx_hal_rcc.o
 .debug_ranges  0x0000000000000560       0xc0 ../../app/stm32g4xx_hal_rcc_ex.o
 .debug_ranges  0x0000000000000620      0x130 ../../app/stm32g4xx_hal_pwr_ex.o
 .debug_ranges  0x0000000000000750      0x110 ../../app/stm32g4xx_hal_cortex.o
 .debug_ranges  0x0000000000000860       0x18 ../../app/system_stm32g4xx.o
 .debug_ranges  0x0000000000000878       0x10 ../../app/app_main.o
 .debug_ranges  0x0000000000000888       0x20 ../../app/startup_stm32g474xx.o
 .debug_ranges  0x00000000000008a8       0x40 /usr/lib/gcc/arm-none-eabi/7.3.1/../../../arm-none-eabi/lib/thumb/v7e-m/fpv4-sp/hard/libc.a(lib_a-__call_atexit.o)
 .debug_ranges  0x00000000000008e8       0xe0 /usr/lib/gcc/arm-none-eabi/7.3.1/thumb/v7e-m/fpv4-sp/hard/libgcc.a(_udivmoddi4.o)

.debug_line     0x0000000000000000     0x55d7
 .debug_line    0x0000000000000000      0x290 ../../app/main.o
 .debug_line    0x0000000000000290      0x1df ../../app/gpio.o
 .debug_line    0x000000000000046f      0x239 ../../app/usart.o
 .debug_line    0x00000000000006a8      0x22d ../../app/stm32g4xx_it.o
 .debug_line    0x00000000000008d5      0x1b1 ../../app/stm32g4xx_hal_msp.o
 .debug_line    0x0000000000000a86      0x45e ../../app/stm32g4xx_hal_gpio.o
 .debug_line    0x0000000000000ee4     0x113a ../../app/stm32g4xx_hal_uart.o
 .debug_line    0x000000000000201e      0x5b4 ../../app/stm32g4xx_hal_uart_ex.o
 .debug_line    0x00000000000025d2      0x4be ../../app/stm32g4xx_hal.o
 .debug_line    0x0000000000002a90      0x6ac ../../app/stm32g4xx_hal_rcc.o
 .debug_line    0x000000000000313c      0x9ca ../../app/stm32g4xx_hal_rcc_ex.o
 .debug_line    0x0000000000003b06      0x6d0 ../../app/stm32g4xx_hal_pwr_ex.o
 .debug_line    0x00000000000041d6      0x4dc ../../app/stm32g4xx_hal_cortex.o
 .debug_line    0x00000000000046b2      0x1bc ../../app/system_stm32g4xx.o
 .debug_line    0x000000000000486e      0x1d5 ../../app/app_main.o
 .debug_line    0x0000000000004a43       0x77 ../../app/startup_stm32g474xx.o
 .debug_line    0x0000000000004aba      0x12d /usr/lib/gcc/arm-none-eabi/7.3.1/../../../arm-none-eabi/lib/thumb/v7e-m/fpv4-sp/hard/libc.a(lib_a-atexit.o)
 .debug_line    0x0000000000004be7       0xa5 /usr/lib/gcc/arm-none-eabi/7.3.1/../../../arm-none-eabi/lib/thumb/v7e-m/fpv4-sp/hard/libc.a(lib_a-fini.o)
 .debug_line    0x0000000000004c8c       0xda /usr/lib/gcc/arm-none-eabi/7.3.1/../../../arm-none-eabi/lib/thumb/v7e-m/fpv4-sp/hard/libc.a(lib_a-impure.o)
 .debug_line    0x0000000000004d66       0xbf /usr/lib/gcc/arm-none-eabi/7.3.1/../../../arm-none-eabi/lib/thumb/v7e-m/fpv4-sp/hard/libc.a(lib_a-init.o)
 .debug_line    0x0000000000004e25      0x1c4 /usr/lib/gcc/arm-none-eabi/7.3.1/../../../arm-none-eabi/lib/thumb/v7e-m/fpv4-sp/hard/libc.a(lib_a-memset.o)
 .debug_line    0x0000000000004fe9      0x14d /usr/lib/gcc/arm-none-eabi/7.3.1/../../../arm-none-eabi/lib/thumb/v7e-m/fpv4-sp/hard/libc.a(lib_a-__atexit.o)
 .debug_line    0x0000000000005136      0x177 /usr/lib/gcc/arm-none-eabi/7.3.1/../../../arm-none-eabi/lib/thumb/v7e-m/fpv4-sp/hard/libc.a(lib_a-__call_atexit.o)
 .debug_line    0x00000000000052ad       0x63 /usr/lib/gcc/arm-none-eabi/7.3.1/thumb/v7e-m/fpv4-sp/hard/libgcc.a(_aeabi_uldivmod.o)
 .debug_line    0x0000000000005310      0x264 /usr/lib/gcc/arm-none-eabi/7.3.1/thumb/v7e-m/fpv4-sp/hard/libgcc.a(_udivmoddi4.o)
 .debug_line    0x0000000000005574       0x63 /usr/lib/gcc/arm-none-eabi/7.3.1/thumb/v7e-m/fpv4-sp/hard/libgcc.a(_dvmd_tls.o)

.debug_str      0x0000000000000000     0x551b
 .debug_str     0x0000000000000000      0xad1 ../../app/main.o
                                        0xcee (size before relaxing)
 .debug_str     0x0000000000000ad1      0x7f8 ../../app/gpio.o
                                        0xc26 (size before relaxing)
 .debug_str     0x00000000000012c9       0xb5 ../../app/usart.o
                                        0xb4e (size before relaxing)
 .debug_str     0x000000000000137e       0xe2 ../../app/stm32g4xx_it.o
                                        0x499 (size before relaxing)
 .debug_str     0x0000000000001460       0x4a ../../app/stm32g4xx_hal_msp.o
                                        0x55a (size before relaxing)
 .debug_str     0x00000000000014aa      0x13a ../../app/stm32g4xx_hal_gpio.o
                                        0x766 (size before relaxing)
 .debug_str     0x00000000000015e4      0x8a5 ../../app/stm32g4xx_hal_uart.o
                                       0x1311 (size before relaxing)
 .debug_str     0x0000000000001e89      0x1dd ../../app/stm32g4xx_hal_uart_ex.o
                                        0xbe7 (size before relaxing)
 .debug_str     0x0000000000002066      0x3f0 ../../app/stm32g4xx_hal.o
                                       0x1016 (size before relaxing)
 .debug_str     0x0000000000002456      0x287 ../../app/stm32g4xx_hal_rcc.o
                                        0xa20 (size before relaxing)
 .debug_str     0x00000000000026dd      0x372 ../../app/stm32g4xx_hal_rcc_ex.o
                                        0xc8b (size before relaxing)
 .debug_str     0x0000000000002a4f      0x4d3 ../../app/stm32g4xx_hal_pwr_ex.o
                                        0x9fa (size before relaxing)
 .debug_str     0x0000000000002f22      0x42e ../../app/stm32g4xx_hal_cortex.o
                                        0xf73 (size before relaxing)
 .debug_str     0x0000000000003350       0x3d ../../app/system_stm32g4xx.o
                                        0x5b5 (size before relaxing)
 .debug_str     0x000000000000338d      0x260 ../../app/app_main.o
                                        0xaa9 (size before relaxing)
 .debug_str     0x00000000000035ed       0x24 ../../app/startup_stm32g474xx.o
                                         0x4c (size before relaxing)
 .debug_str     0x0000000000003611      0x558 /usr/lib/gcc/arm-none-eabi/7.3.1/../../../arm-none-eabi/lib/thumb/v7e-m/fpv4-sp/hard/libc.a(lib_a-atexit.o)
                                        0x629 (size before relaxing)
 .debug_str     0x0000000000003b69       0xc4 /usr/lib/gcc/arm-none-eabi/7.3.1/../../../arm-none-eabi/lib/thumb/v7e-m/fpv4-sp/hard/libc.a(lib_a-fini.o)
                                        0x238 (size before relaxing)
 .debug_str     0x0000000000003c2d       0x97 /usr/lib/gcc/arm-none-eabi/7.3.1/../../../arm-none-eabi/lib/thumb/v7e-m/fpv4-sp/hard/libc.a(lib_a-impure.o)
                                        0x5de (size before relaxing)
 .debug_str     0x0000000000003cc4       0x99 /usr/lib/gcc/arm-none-eabi/7.3.1/../../../arm-none-eabi/lib/thumb/v7e-m/fpv4-sp/hard/libc.a(lib_a-init.o)
                                        0x262 (size before relaxing)
 .debug_str     0x0000000000003d5d      0x30c /usr/lib/gcc/arm-none-eabi/7.3.1/../../../arm-none-eabi/lib/thumb/v7e-m/fpv4-sp/hard/libc.a(lib_a-memset.o)
                                        0x90b (size before relaxing)
 .debug_str     0x0000000000004069       0x52 /usr/lib/gcc/arm-none-eabi/7.3.1/../../../arm-none-eabi/lib/thumb/v7e-m/fpv4-sp/hard/libc.a(lib_a-__atexit.o)
                                        0x647 (size before relaxing)
 .debug_str     0x00000000000040bb       0x77 /usr/lib/gcc/arm-none-eabi/7.3.1/../../../arm-none-eabi/lib/thumb/v7e-m/fpv4-sp/hard/libc.a(lib_a-__call_atexit.o)
                                        0x65a (size before relaxing)
 .debug_str     0x0000000000004132       0x79 /usr/lib/gcc/arm-none-eabi/7.3.1/thumb/v7e-m/fpv4-sp/hard/libgcc.a(_aeabi_uldivmod.o)
                                         0x87 (size before relaxing)
 .debug_str     0x00000000000041ab     0x133d /usr/lib/gcc/arm-none-eabi/7.3.1/thumb/v7e-m/fpv4-sp/hard/libgcc.a(_udivmoddi4.o)
                                       0x1421 (size before relaxing)
 .debug_str     0x00000000000054e8       0x33 /usr/lib/gcc/arm-none-eabi/7.3.1/thumb/v7e-m/fpv4-sp/hard/libgcc.a(_dvmd_tls.o)
                                         0x8b (size before relaxing)

.debug_frame    0x0000000000000000     0x18ec
 .debug_frame   0x0000000000000000       0x70 ../../app/main.o
 .debug_frame   0x0000000000000070       0x38 ../../app/gpio.o
 .debug_frame   0x00000000000000a8       0x68 ../../app/usart.o
 .debug_frame   0x0000000000000110       0xc8 ../../app/stm32g4xx_it.o
 .debug_frame   0x00000000000001d8       0x2c ../../app/stm32g4xx_hal_msp.o
 .debug_frame   0x0000000000000204      0x11c ../../app/stm32g4xx_hal_gpio.o
 .debug_frame   0x0000000000000320      0x6ec ../../app/stm32g4xx_hal_uart.o
 .debug_frame   0x0000000000000a0c      0x1b0 ../../app/stm32g4xx_hal_uart_ex.o
 .debug_frame   0x0000000000000bbc      0x2c0 ../../app/stm32g4xx_hal.o
 .debug_frame   0x0000000000000e7c      0x1f0 ../../app/stm32g4xx_hal_rcc.o
 .debug_frame   0x000000000000106c      0x1d8 ../../app/stm32g4xx_hal_rcc_ex.o
 .debug_frame   0x0000000000001244      0x2e8 ../../app/stm32g4xx_hal_pwr_ex.o
 .debug_frame   0x000000000000152c      0x1c4 ../../app/stm32g4xx_hal_cortex.o
 .debug_frame   0x00000000000016f0       0x30 ../../app/system_stm32g4xx.o
 .debug_frame   0x0000000000001720       0x2c ../../app/app_main.o
 .debug_frame   0x000000000000174c       0x20 /usr/lib/gcc/arm-none-eabi/7.3.1/../../../arm-none-eabi/lib/thumb/v7e-m/fpv4-sp/hard/libc.a(lib_a-atexit.o)
 .debug_frame   0x000000000000176c       0x34 /usr/lib/gcc/arm-none-eabi/7.3.1/../../../arm-none-eabi/lib/thumb/v7e-m/fpv4-sp/hard/libc.a(lib_a-fini.o)
 .debug_frame   0x00000000000017a0       0x2c /usr/lib/gcc/arm-none-eabi/7.3.1/../../../arm-none-eabi/lib/thumb/v7e-m/fpv4-sp/hard/libc.a(lib_a-init.o)
 .debug_frame   0x00000000000017cc       0x38 /usr/lib/gcc/arm-none-eabi/7.3.1/../../../arm-none-eabi/lib/thumb/v7e-m/fpv4-sp/hard/libc.a(lib_a-memset.o)
 .debug_frame   0x0000000000001804       0x38 /usr/lib/gcc/arm-none-eabi/7.3.1/../../../arm-none-eabi/lib/thumb/v7e-m/fpv4-sp/hard/libc.a(lib_a-__atexit.o)
 .debug_frame   0x000000000000183c       0x50 /usr/lib/gcc/arm-none-eabi/7.3.1/../../../arm-none-eabi/lib/thumb/v7e-m/fpv4-sp/hard/libc.a(lib_a-__call_atexit.o)
 .debug_frame   0x000000000000188c       0x2c /usr/lib/gcc/arm-none-eabi/7.3.1/thumb/v7e-m/fpv4-sp/hard/libgcc.a(_aeabi_uldivmod.o)
 .debug_frame   0x00000000000018b8       0x34 /usr/lib/gcc/arm-none-eabi/7.3.1/thumb/v7e-m/fpv4-sp/hard/libgcc.a(_udivmoddi4.o)

.stabstr        0x0000000000000000       0x76
 .stabstr       0x0000000000000000       0x76 /usr/lib/gcc/arm-none-eabi/7.3.1/../../../arm-none-eabi/lib/thumb/v7e-m/fpv4-sp/hard/libnosys.a(getpid.o)

Cross Reference Table

Symbol                                            File
ADC1_2_IRQHandler                                 ../../app/startup_stm32g474xx.o
ADC3_IRQHandler                                   ../../app/startup_stm32g474xx.o
ADC4_IRQHandler                                   ../../app/startup_stm32g474xx.o
ADC5_IRQHandler                                   ../../app/startup_stm32g474xx.o
AHBPrescTable                                     ../../app/system_stm32g4xx.o
                                                  ../../app/stm32g4xx_hal_rcc.o
APBPrescTable                                     ../../app/system_stm32g4xx.o
                                                  ../../app/stm32g4xx_hal_rcc.o
BusFault_Handler                                  ../../app/stm32g4xx_it.o
COMP1_2_3_IRQHandler                              ../../app/startup_stm32g474xx.o
COMP4_5_6_IRQHandler                              ../../app/startup_stm32g474xx.o
COMP7_IRQHandler                                  ../../app/startup_stm32g474xx.o
CORDIC_IRQHandler                                 ../../app/startup_stm32g474xx.o
CRS_IRQHandler                                    ../../app/startup_stm32g474xx.o
DMA1_Channel1_IRQHandler                          ../../app/startup_stm32g474xx.o
DMA1_Channel2_IRQHandler                          ../../app/startup_stm32g474xx.o
DMA1_Channel3_IRQHandler                          ../../app/startup_stm32g474xx.o
DMA1_Channel4_IRQHandler                          ../../app/startup_stm32g474xx.o
DMA1_Channel5_IRQHandler                          ../../app/startup_stm32g474xx.o
DMA1_Channel6_IRQHandler                          ../../app/startup_stm32g474xx.o
DMA1_Channel7_IRQHandler                          ../../app/startup_stm32g474xx.o
DMA1_Channel8_IRQHandler                          ../../app/startup_stm32g474xx.o
DMA2_Channel1_IRQHandler                          ../../app/startup_stm32g474xx.o
DMA2_Channel2_IRQHandler                          ../../app/startup_stm32g474xx.o
DMA2_Channel3_IRQHandler                          ../../app/startup_stm32g474xx.o
DMA2_Channel4_IRQHandler                          ../../app/startup_stm32g474xx.o
DMA2_Channel5_IRQHandler                          ../../app/startup_stm32g474xx.o
DMA2_Channel6_IRQHandler                          ../../app/startup_stm32g474xx.o
DMA2_Channel7_IRQHandler                          ../../app/startup_stm32g474xx.o
DMA2_Channel8_IRQHandler                          ../../app/startup_stm32g474xx.o
DMAMUX_OVR_IRQHandler                             ../../app/startup_stm32g474xx.o
DebugMon_Handler                                  ../../app/stm32g4xx_it.o
Default_Handler                                   ../../app/startup_stm32g474xx.o
EXTI0_IRQHandler                                  ../../app/startup_stm32g474xx.o
EXTI15_10_IRQHandler                              ../../app/stm32g4xx_it.o
EXTI1_IRQHandler                                  ../../app/startup_stm32g474xx.o
EXTI2_IRQHandler                                  ../../app/startup_stm32g474xx.o
EXTI3_IRQHandler                                  ../../app/startup_stm32g474xx.o
EXTI4_IRQHandler                                  ../../app/startup_stm32g474xx.o
EXTI9_5_IRQHandler                                ../../app/startup_stm32g474xx.o
Error_Handler                                     ../../app/main.o
                                                  ../../app/usart.o
FDCAN1_IT0_IRQHandler                             ../../app/startup_stm32g474xx.o
FDCAN1_IT1_IRQHandler                             ../../app/startup_stm32g474xx.o
FDCAN2_IT0_IRQHandler                             ../../app/startup_stm32g474xx.o
FDCAN2_IT1_IRQHandler                             ../../app/startup_stm32g474xx.o
FDCAN3_IT0_IRQHandler                             ../../app/startup_stm32g474xx.o
FDCAN3_IT1_IRQHandler                             ../../app/startup_stm32g474xx.o
FLASH_FlushCaches                                 ../../app/stm32g4xx_hal_flash_ex.o
                                                  ../../app/stm32g4xx_hal_flash.o
FLASH_IRQHandler                                  ../../app/startup_stm32g474xx.o
FLASH_PageErase                                   ../../app/stm32g4xx_hal_flash_ex.o
                                                  ../../app/stm32g4xx_hal_flash.o
FLASH_WaitForLastOperation                        ../../app/stm32g4xx_hal_flash.o
                                                  ../../app/stm32g4xx_hal_flash_ex.o
FMAC_IRQHandler                                   ../../app/startup_stm32g474xx.o
FMC_IRQHandler                                    ../../app/startup_stm32g474xx.o
FPU_IRQHandler                                    ../../app/startup_stm32g474xx.o
HAL_DBGMCU_DisableDBGSleepMode                    ../../app/stm32g4xx_hal.o
HAL_DBGMCU_DisableDBGStandbyMode                  ../../app/stm32g4xx_hal.o
HAL_DBGMCU_DisableDBGStopMode                     ../../app/stm32g4xx_hal.o
HAL_DBGMCU_EnableDBGSleepMode                     ../../app/stm32g4xx_hal.o
HAL_DBGMCU_EnableDBGStandbyMode                   ../../app/stm32g4xx_hal.o
HAL_DBGMCU_EnableDBGStopMode                      ../../app/stm32g4xx_hal.o
HAL_DMAEx_ConfigMuxRequestGenerator               ../../app/stm32g4xx_hal_dma_ex.o
HAL_DMAEx_ConfigMuxSync                           ../../app/stm32g4xx_hal_dma_ex.o
HAL_DMAEx_DisableMuxRequestGenerator              ../../app/stm32g4xx_hal_dma_ex.o
HAL_DMAEx_EnableMuxRequestGenerator               ../../app/stm32g4xx_hal_dma_ex.o
HAL_DMAEx_MUX_IRQHandler                          ../../app/stm32g4xx_hal_dma_ex.o
HAL_DMA_Abort                                     ../../app/stm32g4xx_hal_dma.o
                                                  ../../app/stm32g4xx_hal_uart.o
HAL_DMA_Abort_IT                                  ../../app/stm32g4xx_hal_dma.o
                                                  ../../app/stm32g4xx_hal_uart.o
HAL_DMA_DeInit                                    ../../app/stm32g4xx_hal_dma.o
HAL_DMA_GetError                                  ../../app/stm32g4xx_hal_dma.o
                                                  ../../app/stm32g4xx_hal_uart.o
HAL_DMA_GetState                                  ../../app/stm32g4xx_hal_dma.o
HAL_DMA_IRQHandler                                ../../app/stm32g4xx_hal_dma.o
HAL_DMA_Init                                      ../../app/stm32g4xx_hal_dma.o
HAL_DMA_PollForTransfer                           ../../app/stm32g4xx_hal_dma.o
HAL_DMA_RegisterCallback                          ../../app/stm32g4xx_hal_dma.o
HAL_DMA_Start                                     ../../app/stm32g4xx_hal_dma.o
HAL_DMA_Start_IT                                  ../../app/stm32g4xx_hal_dma.o
                                                  ../../app/stm32g4xx_hal_uart.o
HAL_DMA_UnRegisterCallback                        ../../app/stm32g4xx_hal_dma.o
HAL_DeInit                                        ../../app/stm32g4xx_hal.o
HAL_Delay                                         ../../app/stm32g4xx_hal.o
                                                  ../../app/app_main.o
                                                  ../../app/main.o
HAL_EXTI_ClearConfigLine                          ../../app/stm32g4xx_hal_exti.o
HAL_EXTI_ClearPending                             ../../app/stm32g4xx_hal_exti.o
HAL_EXTI_GenerateSWI                              ../../app/stm32g4xx_hal_exti.o
HAL_EXTI_GetConfigLine                            ../../app/stm32g4xx_hal_exti.o
HAL_EXTI_GetHandle                                ../../app/stm32g4xx_hal_exti.o
HAL_EXTI_GetPending                               ../../app/stm32g4xx_hal_exti.o
HAL_EXTI_IRQHandler                               ../../app/stm32g4xx_hal_exti.o
HAL_EXTI_RegisterCallback                         ../../app/stm32g4xx_hal_exti.o
HAL_EXTI_SetConfigLine                            ../../app/stm32g4xx_hal_exti.o
HAL_FLASHEx_DisableDebugger                       ../../app/stm32g4xx_hal_flash_ex.o
HAL_FLASHEx_DisableRunPowerDown                   ../../app/stm32g4xx_hal_flash_ramfunc.o
HAL_FLASHEx_EnableDebugger                        ../../app/stm32g4xx_hal_flash_ex.o
HAL_FLASHEx_EnableRunPowerDown                    ../../app/stm32g4xx_hal_flash_ramfunc.o
HAL_FLASHEx_EnableSecMemProtection                ../../app/stm32g4xx_hal_flash_ex.o
HAL_FLASHEx_Erase                                 ../../app/stm32g4xx_hal_flash_ex.o
HAL_FLASHEx_Erase_IT                              ../../app/stm32g4xx_hal_flash_ex.o
HAL_FLASHEx_OBGetConfig                           ../../app/stm32g4xx_hal_flash_ex.o
HAL_FLASHEx_OBProgram                             ../../app/stm32g4xx_hal_flash_ex.o
HAL_FLASHEx_OB_DBankConfig                        ../../app/stm32g4xx_hal_flash_ramfunc.o
HAL_FLASH_EndOfOperationCallback                  ../../app/stm32g4xx_hal_flash.o
HAL_FLASH_GetError                                ../../app/stm32g4xx_hal_flash.o
HAL_FLASH_IRQHandler                              ../../app/stm32g4xx_hal_flash.o
HAL_FLASH_Lock                                    ../../app/stm32g4xx_hal_flash.o
HAL_FLASH_OB_Launch                               ../../app/stm32g4xx_hal_flash.o
HAL_FLASH_OB_Lock                                 ../../app/stm32g4xx_hal_flash.o
HAL_FLASH_OB_Unlock                               ../../app/stm32g4xx_hal_flash.o
HAL_FLASH_OperationErrorCallback                  ../../app/stm32g4xx_hal_flash.o
HAL_FLASH_Program                                 ../../app/stm32g4xx_hal_flash.o
HAL_FLASH_Program_IT                              ../../app/stm32g4xx_hal_flash.o
HAL_FLASH_Unlock                                  ../../app/stm32g4xx_hal_flash.o
HAL_GPIO_DeInit                                   ../../app/stm32g4xx_hal_gpio.o
                                                  ../../app/usart.o
HAL_GPIO_EXTI_Callback                            ../../app/stm32g4xx_hal_gpio.o
HAL_GPIO_EXTI_IRQHandler                          ../../app/stm32g4xx_hal_gpio.o
                                                  ../../app/stm32g4xx_it.o
HAL_GPIO_Init                                     ../../app/stm32g4xx_hal_gpio.o
                                                  ../../app/stm32g4xx_hal_rcc_ex.o
                                                  ../../app/stm32g4xx_hal_rcc.o
                                                  ../../app/usart.o
                                                  ../../app/gpio.o
HAL_GPIO_LockPin                                  ../../app/stm32g4xx_hal_gpio.o
HAL_GPIO_ReadPin                                  ../../app/stm32g4xx_hal_gpio.o
HAL_GPIO_TogglePin                                ../../app/stm32g4xx_hal_gpio.o
HAL_GPIO_WritePin                                 ../../app/stm32g4xx_hal_gpio.o
                                                  ../../app/app_main.o
                                                  ../../app/gpio.o
                                                  ../../app/main.o
HAL_GetDEVID                                      ../../app/stm32g4xx_hal.o
HAL_GetHalVersion                                 ../../app/stm32g4xx_hal.o
HAL_GetREVID                                      ../../app/stm32g4xx_hal.o
HAL_GetTick                                       ../../app/stm32g4xx_hal.o
                                                  ../../app/stm32g4xx_hal_dma.o
                                                  ../../app/stm32g4xx_hal_flash.o
                                                  ../../app/stm32g4xx_hal_rcc_ex.o
                                                  ../../app/stm32g4xx_hal_rcc.o
                                                  ../../app/stm32g4xx_hal_uart_ex.o
                                                  ../../app/stm32g4xx_hal_uart.o
HAL_GetTickFreq                                   ../../app/stm32g4xx_hal.o
HAL_GetTickPrio                                   ../../app/stm32g4xx_hal.o
HAL_HalfDuplex_EnableReceiver                     ../../app/stm32g4xx_hal_uart.o
HAL_HalfDuplex_EnableTransmitter                  ../../app/stm32g4xx_hal_uart.o
HAL_HalfDuplex_Init                               ../../app/stm32g4xx_hal_uart.o
HAL_IncTick                                       ../../app/stm32g4xx_hal.o
                                                  ../../app/stm32g4xx_it.o
HAL_Init                                          ../../app/stm32g4xx_hal.o
                                                  ../../app/main.o
HAL_InitTick                                      ../../app/stm32g4xx_hal.o
                                                  ../../app/stm32g4xx_hal_rcc.o
HAL_LIN_Init                                      ../../app/stm32g4xx_hal_uart.o
HAL_LIN_SendBreak                                 ../../app/stm32g4xx_hal_uart.o
HAL_MPU_ConfigRegion                              ../../app/stm32g4xx_hal_cortex.o
HAL_MPU_Disable                                   ../../app/stm32g4xx_hal_cortex.o
HAL_MPU_Enable                                    ../../app/stm32g4xx_hal_cortex.o
HAL_MspDeInit                                     ../../app/stm32g4xx_hal.o
HAL_MspInit                                       ../../app/stm32g4xx_hal_msp.o
HAL_MultiProcessorEx_AddressLength_Set            ../../app/stm32g4xx_hal_uart_ex.o
HAL_MultiProcessor_DisableMuteMode                ../../app/stm32g4xx_hal_uart.o
HAL_MultiProcessor_EnableMuteMode                 ../../app/stm32g4xx_hal_uart.o
HAL_MultiProcessor_EnterMuteMode                  ../../app/stm32g4xx_hal_uart.o
HAL_MultiProcessor_Init                           ../../app/stm32g4xx_hal_uart.o
HAL_NVIC_ClearPendingIRQ                          ../../app/stm32g4xx_hal_cortex.o
HAL_NVIC_DisableIRQ                               ../../app/stm32g4xx_hal_cortex.o
HAL_NVIC_EnableIRQ                                ../../app/stm32g4xx_hal_cortex.o
                                                  ../../app/gpio.o
HAL_NVIC_GetActive                                ../../app/stm32g4xx_hal_cortex.o
HAL_NVIC_GetPendingIRQ                            ../../app/stm32g4xx_hal_cortex.o
HAL_NVIC_GetPriority                              ../../app/stm32g4xx_hal_cortex.o
HAL_NVIC_GetPriorityGrouping                      ../../app/stm32g4xx_hal_cortex.o
HAL_NVIC_SetPendingIRQ                            ../../app/stm32g4xx_hal_cortex.o
HAL_NVIC_SetPriority                              ../../app/stm32g4xx_hal_cortex.o
                                                  ../../app/stm32g4xx_hal.o
                                                  ../../app/gpio.o
HAL_NVIC_SetPriorityGrouping                      ../../app/stm32g4xx_hal_cortex.o
                                                  ../../app/stm32g4xx_hal.o
HAL_NVIC_SystemReset                              ../../app/stm32g4xx_hal_cortex.o
HAL_PWREx_ConfigPVM                               ../../app/stm32g4xx_hal_pwr_ex.o
HAL_PWREx_ControlVoltageScaling                   ../../app/stm32g4xx_hal_pwr_ex.o
                                                  ../../app/main.o
HAL_PWREx_DisableBatteryCharging                  ../../app/stm32g4xx_hal_pwr_ex.o
HAL_PWREx_DisableGPIOPullDown                     ../../app/stm32g4xx_hal_pwr_ex.o
HAL_PWREx_DisableGPIOPullUp                       ../../app/stm32g4xx_hal_pwr_ex.o
HAL_PWREx_DisableInternalWakeUpLine               ../../app/stm32g4xx_hal_pwr_ex.o
HAL_PWREx_DisableLowPowerRunMode                  ../../app/stm32g4xx_hal_pwr_ex.o
                                                  ../../app/stm32g4xx_hal_pwr.o
HAL_PWREx_DisablePVM1                             ../../app/stm32g4xx_hal_pwr_ex.o
HAL_PWREx_DisablePVM2                             ../../app/stm32g4xx_hal_pwr_ex.o
HAL_PWREx_DisablePVM3                             ../../app/stm32g4xx_hal_pwr_ex.o
HAL_PWREx_DisablePVM4                             ../../app/stm32g4xx_hal_pwr_ex.o
HAL_PWREx_DisablePullUpPullDownConfig             ../../app/stm32g4xx_hal_pwr_ex.o
HAL_PWREx_DisableSRAM2ContentRetention            ../../app/stm32g4xx_hal_pwr_ex.o
HAL_PWREx_DisableUCPDDeadBattery                  ../../app/stm32g4xx_hal_pwr_ex.o
                                                  ../../app/stm32g4xx_hal_msp.o
HAL_PWREx_DisableUCPDStandbyMode                  ../../app/stm32g4xx_hal_pwr_ex.o
HAL_PWREx_EnableBatteryCharging                   ../../app/stm32g4xx_hal_pwr_ex.o
HAL_PWREx_EnableGPIOPullDown                      ../../app/stm32g4xx_hal_pwr_ex.o
HAL_PWREx_EnableGPIOPullUp                        ../../app/stm32g4xx_hal_pwr_ex.o
HAL_PWREx_EnableInternalWakeUpLine                ../../app/stm32g4xx_hal_pwr_ex.o
HAL_PWREx_EnableLowPowerRunMode                   ../../app/stm32g4xx_hal_pwr_ex.o
                                                  ../../app/stm32g4xx_hal_pwr.o
HAL_PWREx_EnablePVM1                              ../../app/stm32g4xx_hal_pwr_ex.o
HAL_PWREx_EnablePVM2                              ../../app/stm32g4xx_hal_pwr_ex.o
HAL_PWREx_EnablePVM3                              ../../app/stm32g4xx_hal_pwr_ex.o
HAL_PWREx_EnablePVM4                              ../../app/stm32g4xx_hal_pwr_ex.o
HAL_PWREx_EnablePullUpPullDownConfig              ../../app/stm32g4xx_hal_pwr_ex.o
HAL_PWREx_EnableSRAM2ContentRetention             ../../app/stm32g4xx_hal_pwr_ex.o
HAL_PWREx_EnableUCPDDeadBattery                   ../../app/stm32g4xx_hal_pwr_ex.o
HAL_PWREx_EnableUCPDStandbyMode                   ../../app/stm32g4xx_hal_pwr_ex.o
HAL_PWREx_EnterSHUTDOWNMode                       ../../app/stm32g4xx_hal_pwr_ex.o
HAL_PWREx_EnterSTOP0Mode                          ../../app/stm32g4xx_hal_pwr_ex.o
                                                  ../../app/stm32g4xx_hal_pwr.o
HAL_PWREx_EnterSTOP1Mode                          ../../app/stm32g4xx_hal_pwr_ex.o
                                                  ../../app/stm32g4xx_hal_pwr.o
HAL_PWREx_GetVoltageRange                         ../../app/stm32g4xx_hal_pwr_ex.o
HAL_PWREx_PVD_PVM_IRQHandler                      ../../app/stm32g4xx_hal_pwr_ex.o
HAL_PWREx_PVM1Callback                            ../../app/stm32g4xx_hal_pwr_ex.o
HAL_PWREx_PVM2Callback                            ../../app/stm32g4xx_hal_pwr_ex.o
HAL_PWREx_PVM3Callback                            ../../app/stm32g4xx_hal_pwr_ex.o
HAL_PWREx_PVM4Callback                            ../../app/stm32g4xx_hal_pwr_ex.o
HAL_PWR_ConfigPVD                                 ../../app/stm32g4xx_hal_pwr.o
HAL_PWR_DeInit                                    ../../app/stm32g4xx_hal_pwr.o
HAL_PWR_DisableBkUpAccess                         ../../app/stm32g4xx_hal_pwr.o
                                                  ../../app/stm32g4xx_hal_rcc_ex.o
HAL_PWR_DisablePVD                                ../../app/stm32g4xx_hal_pwr.o
HAL_PWR_DisableSEVOnPend                          ../../app/stm32g4xx_hal_pwr.o
HAL_PWR_DisableSleepOnExit                        ../../app/stm32g4xx_hal_pwr.o
HAL_PWR_DisableWakeUpPin                          ../../app/stm32g4xx_hal_pwr.o
HAL_PWR_EnableBkUpAccess                          ../../app/stm32g4xx_hal_pwr.o
                                                  ../../app/stm32g4xx_hal_rcc_ex.o
HAL_PWR_EnablePVD                                 ../../app/stm32g4xx_hal_pwr.o
HAL_PWR_EnableSEVOnPend                           ../../app/stm32g4xx_hal_pwr.o
HAL_PWR_EnableSleepOnExit                         ../../app/stm32g4xx_hal_pwr.o
HAL_PWR_EnableWakeUpPin                           ../../app/stm32g4xx_hal_pwr.o
HAL_PWR_EnterSLEEPMode                            ../../app/stm32g4xx_hal_pwr.o
HAL_PWR_EnterSTANDBYMode                          ../../app/stm32g4xx_hal_pwr.o
HAL_PWR_EnterSTOPMode                             ../../app/stm32g4xx_hal_pwr.o
HAL_PWR_PVDCallback                               ../../app/stm32g4xx_hal_pwr.o
                                                  ../../app/stm32g4xx_hal_pwr_ex.o
HAL_RCCEx_CRSConfig                               ../../app/stm32g4xx_hal_rcc_ex.o
HAL_RCCEx_CRSGetSynchronizationInfo               ../../app/stm32g4xx_hal_rcc_ex.o
HAL_RCCEx_CRSSoftwareSynchronizationGenerate      ../../app/stm32g4xx_hal_rcc_ex.o
HAL_RCCEx_CRSWaitSynchronization                  ../../app/stm32g4xx_hal_rcc_ex.o
HAL_RCCEx_CRS_ErrorCallback                       ../../app/stm32g4xx_hal_rcc_ex.o
HAL_RCCEx_CRS_ExpectedSyncCallback                ../../app/stm32g4xx_hal_rcc_ex.o
HAL_RCCEx_CRS_IRQHandler                          ../../app/stm32g4xx_hal_rcc_ex.o
HAL_RCCEx_CRS_SyncOkCallback                      ../../app/stm32g4xx_hal_rcc_ex.o
HAL_RCCEx_CRS_SyncWarnCallback                    ../../app/stm32g4xx_hal_rcc_ex.o
HAL_RCCEx_DisableLSCO                             ../../app/stm32g4xx_hal_rcc_ex.o
HAL_RCCEx_DisableLSECSS                           ../../app/stm32g4xx_hal_rcc_ex.o
HAL_RCCEx_EnableLSCO                              ../../app/stm32g4xx_hal_rcc_ex.o
HAL_RCCEx_EnableLSECSS                            ../../app/stm32g4xx_hal_rcc_ex.o
HAL_RCCEx_EnableLSECSS_IT                         ../../app/stm32g4xx_hal_rcc_ex.o
HAL_RCCEx_GetPeriphCLKConfig                      ../../app/stm32g4xx_hal_rcc_ex.o
HAL_RCCEx_GetPeriphCLKFreq                        ../../app/stm32g4xx_hal_rcc_ex.o
HAL_RCCEx_LSECSS_Callback                         ../../app/stm32g4xx_hal_rcc_ex.o
HAL_RCCEx_LSECSS_IRQHandler                       ../../app/stm32g4xx_hal_rcc_ex.o
HAL_RCCEx_PeriphCLKConfig                         ../../app/stm32g4xx_hal_rcc_ex.o
                                                  ../../app/main.o
HAL_RCC_CSSCallback                               ../../app/stm32g4xx_hal_rcc.o
HAL_RCC_ClockConfig                               ../../app/stm32g4xx_hal_rcc.o
                                                  ../../app/main.o
HAL_RCC_DeInit                                    ../../app/stm32g4xx_hal_rcc.o
HAL_RCC_DisableLSECSS                             ../../app/stm32g4xx_hal_rcc.o
HAL_RCC_EnableCSS                                 ../../app/stm32g4xx_hal_rcc.o
HAL_RCC_EnableLSECSS                              ../../app/stm32g4xx_hal_rcc.o
HAL_RCC_GetClockConfig                            ../../app/stm32g4xx_hal_rcc.o
HAL_RCC_GetHCLKFreq                               ../../app/stm32g4xx_hal_rcc.o
HAL_RCC_GetOscConfig                              ../../app/stm32g4xx_hal_rcc.o
HAL_RCC_GetPCLK1Freq                              ../../app/stm32g4xx_hal_rcc.o
                                                  ../../app/stm32g4xx_hal_rcc_ex.o
                                                  ../../app/stm32g4xx_hal_uart.o
HAL_RCC_GetPCLK2Freq                              ../../app/stm32g4xx_hal_rcc.o
                                                  ../../app/stm32g4xx_hal_rcc_ex.o
                                                  ../../app/stm32g4xx_hal_uart.o
HAL_RCC_GetSysClockFreq                           ../../app/stm32g4xx_hal_rcc.o
                                                  ../../app/stm32g4xx_hal_rcc_ex.o
                                                  ../../app/stm32g4xx_hal_uart.o
HAL_RCC_MCOConfig                                 ../../app/stm32g4xx_hal_rcc.o
HAL_RCC_NMI_IRQHandler                            ../../app/stm32g4xx_hal_rcc.o
HAL_RCC_OscConfig                                 ../../app/stm32g4xx_hal_rcc.o
                                                  ../../app/main.o
HAL_RS485Ex_Init                                  ../../app/stm32g4xx_hal_uart_ex.o
HAL_ResumeTick                                    ../../app/stm32g4xx_hal.o
HAL_SYSCFG_CCMSRAMErase                           ../../app/stm32g4xx_hal.o
HAL_SYSCFG_CCMSRAM_WriteProtectionEnable          ../../app/stm32g4xx_hal.o
HAL_SYSCFG_DisableIOSwitchBooster                 ../../app/stm32g4xx_hal.o
HAL_SYSCFG_DisableIOSwitchVDD                     ../../app/stm32g4xx_hal.o
HAL_SYSCFG_DisableMemorySwappingBank              ../../app/stm32g4xx_hal.o
HAL_SYSCFG_DisableVREFBUF                         ../../app/stm32g4xx_hal.o
HAL_SYSCFG_EnableIOSwitchBooster                  ../../app/stm32g4xx_hal.o
HAL_SYSCFG_EnableIOSwitchVDD                      ../../app/stm32g4xx_hal.o
HAL_SYSCFG_EnableMemorySwappingBank               ../../app/stm32g4xx_hal.o
HAL_SYSCFG_EnableVREFBUF                          ../../app/stm32g4xx_hal.o
HAL_SYSCFG_VREFBUF_HighImpedanceConfig            ../../app/stm32g4xx_hal.o
HAL_SYSCFG_VREFBUF_TrimmingConfig                 ../../app/stm32g4xx_hal.o
HAL_SYSCFG_VREFBUF_VoltageScalingConfig           ../../app/stm32g4xx_hal.o
HAL_SYSTICK_CLKSourceConfig                       ../../app/stm32g4xx_hal_cortex.o
HAL_SYSTICK_Callback                              ../../app/stm32g4xx_hal_cortex.o
HAL_SYSTICK_Config                                ../../app/stm32g4xx_hal_cortex.o
                                                  ../../app/stm32g4xx_hal.o
HAL_SYSTICK_IRQHandler                            ../../app/stm32g4xx_hal_cortex.o
HAL_SetTickFreq                                   ../../app/stm32g4xx_hal.o
HAL_SuspendTick                                   ../../app/stm32g4xx_hal.o
HAL_UARTEx_DisableFifoMode                        ../../app/stm32g4xx_hal_uart_ex.o
                                                  ../../app/usart.o
HAL_UARTEx_DisableStopMode                        ../../app/stm32g4xx_hal_uart_ex.o
HAL_UARTEx_EnableFifoMode                         ../../app/stm32g4xx_hal_uart_ex.o
HAL_UARTEx_EnableStopMode                         ../../app/stm32g4xx_hal_uart_ex.o
HAL_UARTEx_RxFifoFullCallback                     ../../app/stm32g4xx_hal_uart_ex.o
                                                  ../../app/stm32g4xx_hal_uart.o
HAL_UARTEx_SetRxFifoThreshold                     ../../app/stm32g4xx_hal_uart_ex.o
                                                  ../../app/usart.o
HAL_UARTEx_SetTxFifoThreshold                     ../../app/stm32g4xx_hal_uart_ex.o
                                                  ../../app/usart.o
HAL_UARTEx_StopModeWakeUpSourceConfig             ../../app/stm32g4xx_hal_uart_ex.o
HAL_UARTEx_TxFifoEmptyCallback                    ../../app/stm32g4xx_hal_uart_ex.o
                                                  ../../app/stm32g4xx_hal_uart.o
HAL_UARTEx_WakeupCallback                         ../../app/stm32g4xx_hal_uart_ex.o
                                                  ../../app/stm32g4xx_hal_uart.o
HAL_UART_Abort                                    ../../app/stm32g4xx_hal_uart.o
HAL_UART_AbortCpltCallback                        ../../app/stm32g4xx_hal_uart.o
HAL_UART_AbortReceive                             ../../app/stm32g4xx_hal_uart.o
HAL_UART_AbortReceiveCpltCallback                 ../../app/stm32g4xx_hal_uart.o
HAL_UART_AbortReceive_IT                          ../../app/stm32g4xx_hal_uart.o
HAL_UART_AbortTransmit                            ../../app/stm32g4xx_hal_uart.o
HAL_UART_AbortTransmitCpltCallback                ../../app/stm32g4xx_hal_uart.o
HAL_UART_AbortTransmit_IT                         ../../app/stm32g4xx_hal_uart.o
HAL_UART_Abort_IT                                 ../../app/stm32g4xx_hal_uart.o
HAL_UART_DMAPause                                 ../../app/stm32g4xx_hal_uart.o
HAL_UART_DMAResume                                ../../app/stm32g4xx_hal_uart.o
HAL_UART_DMAStop                                  ../../app/stm32g4xx_hal_uart.o
HAL_UART_DeInit                                   ../../app/stm32g4xx_hal_uart.o
HAL_UART_DisableReceiverTimeout                   ../../app/stm32g4xx_hal_uart.o
HAL_UART_EnableReceiverTimeout                    ../../app/stm32g4xx_hal_uart.o
HAL_UART_ErrorCallback                            ../../app/stm32g4xx_hal_uart.o
HAL_UART_GetError                                 ../../app/stm32g4xx_hal_uart.o
HAL_UART_GetState                                 ../../app/stm32g4xx_hal_uart.o
HAL_UART_IRQHandler                               ../../app/stm32g4xx_hal_uart.o
HAL_UART_Init                                     ../../app/stm32g4xx_hal_uart.o
                                                  ../../app/usart.o
HAL_UART_MspDeInit                                ../../app/usart.o
HAL_UART_MspInit                                  ../../app/usart.o
                                                  ../../app/stm32g4xx_hal_uart_ex.o
HAL_UART_Receive                                  ../../app/stm32g4xx_hal_uart.o
HAL_UART_Receive_DMA                              ../../app/stm32g4xx_hal_uart.o
HAL_UART_Receive_IT                               ../../app/stm32g4xx_hal_uart.o