Archive member included to satisfy reference by file (symbol)

/home/key/github/STM-Linux/gcc-arm-none-eabi-9-2020-q2-update/bin/../lib/gcc/arm-none-eabi/9.3.1/../../../../arm-none-eabi/lib/thumb/v7e-m+fp/hard/libc.a(lib_a-exit.o)
                              /home/key/github/STM-Linux/gcc-arm-none-eabi-9-2020-q2-update/bin/../lib/gcc/arm-none-eabi/9.3.1/../../../../arm-none-eabi/lib/thumb/v7e-m+fp/hard/crt0.o (exit)
/home/key/github/STM-Linux/gcc-arm-none-eabi-9-2020-q2-update/bin/../lib/gcc/arm-none-eabi/9.3.1/../../../../arm-none-eabi/lib/thumb/v7e-m+fp/hard/libc.a(lib_a-impure.o)
                              /home/key/github/STM-Linux/gcc-arm-none-eabi-9-2020-q2-update/bin/../lib/gcc/arm-none-eabi/9.3.1/../../../../arm-none-eabi/lib/thumb/v7e-m+fp/hard/libc.a(lib_a-exit.o) (_global_impure_ptr)
/home/key/github/STM-Linux/gcc-arm-none-eabi-9-2020-q2-update/bin/../lib/gcc/arm-none-eabi/9.3.1/../../../../arm-none-eabi/lib/thumb/v7e-m+fp/hard/libc.a(lib_a-init.o)
                              /home/key/github/STM-Linux/gcc-arm-none-eabi-9-2020-q2-update/bin/../lib/gcc/arm-none-eabi/9.3.1/../../../../arm-none-eabi/lib/thumb/v7e-m+fp/hard/crt0.o (__libc_init_array)
/home/key/github/STM-Linux/gcc-arm-none-eabi-9-2020-q2-update/bin/../lib/gcc/arm-none-eabi/9.3.1/../../../../arm-none-eabi/lib/thumb/v7e-m+fp/hard/libc.a(lib_a-memset.o)
                              /home/key/github/STM-Linux/gcc-arm-none-eabi-9-2020-q2-update/bin/../lib/gcc/arm-none-eabi/9.3.1/../../../../arm-none-eabi/lib/thumb/v7e-m+fp/hard/crt0.o (memset)
/home/key/github/STM-Linux/gcc-arm-none-eabi-9-2020-q2-update/bin/../lib/gcc/arm-none-eabi/9.3.1/../../../../arm-none-eabi/lib/thumb/v7e-m+fp/hard/libc.a(lib_a-__call_atexit.o)
                              /home/key/github/STM-Linux/gcc-arm-none-eabi-9-2020-q2-update/bin/../lib/gcc/arm-none-eabi/9.3.1/../../../../arm-none-eabi/lib/thumb/v7e-m+fp/hard/libc.a(lib_a-exit.o) (__call_exitprocs)
/home/key/github/STM-Linux/gcc-arm-none-eabi-9-2020-q2-update/bin/../lib/gcc/arm-none-eabi/9.3.1/../../../../arm-none-eabi/lib/thumb/v7e-m+fp/hard/libc.a(lib_a-atexit.o)
                              /home/key/github/STM-Linux/gcc-arm-none-eabi-9-2020-q2-update/bin/../lib/gcc/arm-none-eabi/9.3.1/../../../../arm-none-eabi/lib/thumb/v7e-m+fp/hard/libc.a(lib_a-__call_atexit.o) (atexit)
/home/key/github/STM-Linux/gcc-arm-none-eabi-9-2020-q2-update/bin/../lib/gcc/arm-none-eabi/9.3.1/../../../../arm-none-eabi/lib/thumb/v7e-m+fp/hard/libc.a(lib_a-fini.o)
                              /home/key/github/STM-Linux/gcc-arm-none-eabi-9-2020-q2-update/bin/../lib/gcc/arm-none-eabi/9.3.1/../../../../arm-none-eabi/lib/thumb/v7e-m+fp/hard/libc.a(lib_a-__call_atexit.o) (__libc_fini_array)
/home/key/github/STM-Linux/gcc-arm-none-eabi-9-2020-q2-update/bin/../lib/gcc/arm-none-eabi/9.3.1/../../../../arm-none-eabi/lib/thumb/v7e-m+fp/hard/libc.a(lib_a-lock.o)
                              /home/key/github/STM-Linux/gcc-arm-none-eabi-9-2020-q2-update/bin/../lib/gcc/arm-none-eabi/9.3.1/../../../../arm-none-eabi/lib/thumb/v7e-m+fp/hard/libc.a(lib_a-__call_atexit.o) (__retarget_lock_acquire_recursive)
/home/key/github/STM-Linux/gcc-arm-none-eabi-9-2020-q2-update/bin/../lib/gcc/arm-none-eabi/9.3.1/../../../../arm-none-eabi/lib/thumb/v7e-m+fp/hard/libc.a(lib_a-__atexit.o)
                              /home/key/github/STM-Linux/gcc-arm-none-eabi-9-2020-q2-update/bin/../lib/gcc/arm-none-eabi/9.3.1/../../../../arm-none-eabi/lib/thumb/v7e-m+fp/hard/libc.a(lib_a-atexit.o) (__register_exitproc)
/home/key/github/STM-Linux/gcc-arm-none-eabi-9-2020-q2-update/bin/../lib/gcc/arm-none-eabi/9.3.1/../../../../arm-none-eabi/lib/thumb/v7e-m+fp/hard/libnosys.a(_exit.o)
                              /home/key/github/STM-Linux/gcc-arm-none-eabi-9-2020-q2-update/bin/../lib/gcc/arm-none-eabi/9.3.1/../../../../arm-none-eabi/lib/thumb/v7e-m+fp/hard/libc.a(lib_a-exit.o) (_exit)
/home/key/github/STM-Linux/gcc-arm-none-eabi-9-2020-q2-update/bin/../lib/gcc/arm-none-eabi/9.3.1/thumb/v7e-m+fp/hard/libgcc.a(_aeabi_uldivmod.o)
                              build/stm32g4xx_hal_uart.o (__aeabi_uldivmod)
/home/key/github/STM-Linux/gcc-arm-none-eabi-9-2020-q2-update/bin/../lib/gcc/arm-none-eabi/9.3.1/thumb/v7e-m+fp/hard/libgcc.a(_udivmoddi4.o)
                              /home/key/github/STM-Linux/gcc-arm-none-eabi-9-2020-q2-update/bin/../lib/gcc/arm-none-eabi/9.3.1/thumb/v7e-m+fp/hard/libgcc.a(_aeabi_uldivmod.o) (__udivmoddi4)
/home/key/github/STM-Linux/gcc-arm-none-eabi-9-2020-q2-update/bin/../lib/gcc/arm-none-eabi/9.3.1/thumb/v7e-m+fp/hard/libgcc.a(unwind-arm.o)
                              build/app_main.o (__aeabi_unwind_cpp_pr1)
/home/key/github/STM-Linux/gcc-arm-none-eabi-9-2020-q2-update/bin/../lib/gcc/arm-none-eabi/9.3.1/thumb/v7e-m+fp/hard/libgcc.a(libunwind.o)
                              /home/key/github/STM-Linux/gcc-arm-none-eabi-9-2020-q2-update/bin/../lib/gcc/arm-none-eabi/9.3.1/thumb/v7e-m+fp/hard/libgcc.a(unwind-arm.o) (restore_core_regs)
[...]
Memory Configuration

Name             Origin             Length             Attributes
RAM              0x0000000020000000 0x0000000000020000 xrw
FLASH            0x0000000008000000 0x0000000000080000 xr
*default*        0x0000000000000000 0xffffffffffffffff

Linker script and memory map

LOAD /home/key/github/STM-Linux/gcc-arm-none-eabi-9-2020-q2-update/bin/../lib/gcc/arm-none-eabi/9.3.1/thumb/v7e-m+fp/hard/crti.o
LOAD /home/key/github/STM-Linux/gcc-arm-none-eabi-9-2020-q2-update/bin/../lib/gcc/arm-none-eabi/9.3.1/thumb/v7e-m+fp/hard/crtbegin.o
LOAD /home/key/github/STM-Linux/gcc-arm-none-eabi-9-2020-q2-update/bin/../lib/gcc/arm-none-eabi/9.3.1/../../../../arm-none-eabi/lib/thumb/v7e-m+fp/hard/crt0.o
LOAD build/main.o
LOAD build/gpio.o
LOAD build/usart.o
LOAD build/stm32g4xx_it.o
LOAD build/stm32g4xx_hal_msp.o
LOAD build/stm32g4xx_hal_gpio.o
LOAD build/stm32g4xx_hal_uart.o
LOAD build/stm32g4xx_hal_uart_ex.o
LOAD build/stm32g4xx_hal.o
LOAD build/stm32g4xx_hal_rcc.o
LOAD build/stm32g4xx_hal_rcc_ex.o
LOAD build/stm32g4xx_hal_flash.o
LOAD build/stm32g4xx_hal_flash_ex.o
LOAD build/stm32g4xx_hal_flash_ramfunc.o
LOAD build/stm32g4xx_hal_exti.o
LOAD build/stm32g4xx_hal_dma.o
LOAD build/stm32g4xx_hal_dma_ex.o
LOAD build/stm32g4xx_hal_pwr.o
LOAD build/stm32g4xx_hal_pwr_ex.o
LOAD build/stm32g4xx_hal_cortex.o
LOAD build/stm32g4xx_hal_tim.o
LOAD build/stm32g4xx_hal_tim_ex.o
LOAD build/system_stm32g4xx.o
LOAD build/app_main.o
LOAD build/startup_stm32g474xx.o
LOAD /home/key/github/STM-Linux/gcc-arm-none-eabi-9-2020-q2-update/bin/../lib/gcc/arm-none-eabi/9.3.1/../../../../arm-none-eabi/lib/thumb/v7e-m+fp/hard/libc.a
LOAD /home/key/github/STM-Linux/gcc-arm-none-eabi-9-2020-q2-update/bin/../lib/gcc/arm-none-eabi/9.3.1/../../../../arm-none-eabi/lib/thumb/v7e-m+fp/hard/libm.a
LOAD /home/key/github/STM-Linux/gcc-arm-none-eabi-9-2020-q2-update/bin/../lib/gcc/arm-none-eabi/9.3.1/../../../../arm-none-eabi/lib/thumb/v7e-m+fp/hard/libnosys.a
START GROUP
LOAD /home/key/github/STM-Linux/gcc-arm-none-eabi-9-2020-q2-update/bin/../lib/gcc/arm-none-eabi/9.3.1/thumb/v7e-m+fp/hard/libgcc.a
LOAD /home/key/github/STM-Linux/gcc-arm-none-eabi-9-2020-q2-update/bin/../lib/gcc/arm-none-eabi/9.3.1/../../../../arm-none-eabi/lib/thumb/v7e-m+fp/hard/libc.a
END GROUP
START GROUP
LOAD /home/key/github/STM-Linux/gcc-arm-none-eabi-9-2020-q2-update/bin/../lib/gcc/arm-none-eabi/9.3.1/thumb/v7e-m+fp/hard/libgcc.a
LOAD /home/key/github/STM-Linux/gcc-arm-none-eabi-9-2020-q2-update/bin/../lib/gcc/arm-none-eabi/9.3.1/../../../../arm-none-eabi/lib/thumb/v7e-m+fp/hard/libc.a
LOAD /home/key/github/STM-Linux/gcc-arm-none-eabi-9-2020-q2-update/bin/../lib/gcc/arm-none-eabi/9.3.1/../../../../arm-none-eabi/lib/thumb/v7e-m+fp/hard/libnosys.a
END GROUP
LOAD /home/key/github/STM-Linux/gcc-arm-none-eabi-9-2020-q2-update/bin/../lib/gcc/arm-none-eabi/9.3.1/thumb/v7e-m+fp/hard/crtend.o
LOAD /home/key/github/STM-Linux/gcc-arm-none-eabi-9-2020-q2-update/bin/../lib/gcc/arm-none-eabi/9.3.1/thumb/v7e-m+fp/hard/crtn.o
                0x0000000020020000                _estack = 0x20020000
                0x0000000000000200                _Min_Heap_Size = 0x200
                0x0000000000000400                _Min_Stack_Size = 0x400

.isr_vector     0x0000000008000000      0x1d8
                0x0000000008000000                . = ALIGN (0x4)
 *(.isr_vector)
 .isr_vector    0x0000000008000000      0x1d8 build/startup_stm32g474xx.o
                0x0000000008000000                g_pfnVectors
                0x00000000080001d8                . = ALIGN (0x4)

.text           0x00000000080001d8     0x3b10
                0x00000000080001d8                . = ALIGN (0x4)
 *(.text)
 .text          0x00000000080001d8       0x40 /home/key/github/STM-Linux/gcc-arm-none-eabi-9-2020-q2-update/bin/../lib/gcc/arm-none-eabi/9.3.1/thumb/v7e-m+fp/hard/crtbegin.o
 .text          0x0000000008000218       0x30 /home/key/github/STM-Linux/gcc-arm-none-eabi-9-2020-q2-update/bin/../lib/gcc/arm-none-eabi/9.3.1/thumb/v7e-m+fp/hard/libgcc.a(_aeabi_uldivmod.o)
                0x0000000008000218                __aeabi_uldivmod
 .text          0x0000000008000248      0x2c4 /home/key/github/STM-Linux/gcc-arm-none-eabi-9-2020-q2-update/bin/../lib/gcc/arm-none-eabi/9.3.1/thumb/v7e-m+fp/hard/libgcc.a(_udivmoddi4.o)
                0x0000000008000248                __udivmoddi4
 .text          0x000000000800050c      0x9b8 /home/key/github/STM-Linux/gcc-arm-none-eabi-9-2020-q2-update/bin/../lib/gcc/arm-none-eabi/9.3.1/thumb/v7e-m+fp/hard/libgcc.a(unwind-arm.o)
                0x00000000080007b4                _Unwind_GetCFA
                0x00000000080007b8                __gnu_Unwind_RaiseException
                0x0000000008000818                __gnu_Unwind_ForcedUnwind
                0x000000000800082c                __gnu_Unwind_Resume
                0x0000000008000870                __gnu_Unwind_Resume_or_Rethrow
                0x0000000008000880                _Unwind_Complete
                0x0000000008000884                _Unwind_DeleteException
                0x0000000008000890                _Unwind_VRS_Get
                0x00000000080008d8                _Unwind_VRS_Set
                0x0000000008000920                __gnu_Unwind_Backtrace
                0x0000000008000c40                __aeabi_unwind_cpp_pr0
                0x0000000008000c44                __aeabi_unwind_cpp_pr1
                0x0000000008000c48                __aeabi_unwind_cpp_pr2
                0x0000000008000c4c                _Unwind_VRS_Pop
 .text          0x0000000008000ec4      0x1ac /home/key/github/STM-Linux/gcc-arm-none-eabi-9-2020-q2-update/bin/../lib/gcc/arm-none-eabi/9.3.1/thumb/v7e-m+fp/hard/libgcc.a(libunwind.o)
                0x0000000008000ec4                __restore_core_regs
                0x0000000008000ec4                restore_core_regs
                0x0000000008000edc                __gnu_Unwind_Restore_VFP
                0x0000000008000ee4                __gnu_Unwind_Save_VFP
                0x0000000008000eec                __gnu_Unwind_Restore_VFP_D
                0x0000000008000ef4                __gnu_Unwind_Save_VFP_D
                0x0000000008000efc                __gnu_Unwind_Restore_VFP_D_16_to_31
                0x0000000008000f04                __gnu_Unwind_Save_VFP_D_16_to_31
                0x0000000008000f0c                __gnu_Unwind_Restore_WMMXD
                0x0000000008000f50                __gnu_Unwind_Save_WMMXD
                0x0000000008000f94                __gnu_Unwind_Restore_WMMXC
                0x0000000008000fa8                __gnu_Unwind_Save_WMMXC
                0x0000000008000fbc                ___Unwind_RaiseException
                0x0000000008000fbc                _Unwind_RaiseException
                0x0000000008000fe0                ___Unwind_Resume
                0x0000000008000fe0                _Unwind_Resume
                0x0000000008001004                _Unwind_Resume_or_Rethrow
                0x0000000008001004                ___Unwind_Resume_or_Rethrow
                0x0000000008001028                ___Unwind_ForcedUnwind
                0x0000000008001028                _Unwind_ForcedUnwind
                0x000000000800104c                _Unwind_Backtrace
                0x000000000800104c                ___Unwind_Backtrace
 .text          0x0000000008001070      0x340 /home/key/github/STM-Linux/gcc-arm-none-eabi-9-2020-q2-update/bin/../lib/gcc/arm-none-eabi/9.3.1/thumb/v7e-m+fp/hard/libgcc.a(pr-support.o)
                0x00000000080010c8                __gnu_unwind_execute
                0x0000000008001364                __gnu_unwind_frame
                0x0000000008001390                _Unwind_GetRegionStart
                0x000000000800139c                _Unwind_GetLanguageSpecificData
 .text          0x00000000080013b0        0x4 /home/key/github/STM-Linux/gcc-arm-none-eabi-9-2020-q2-update/bin/../lib/gcc/arm-none-eabi/9.3.1/thumb/v7e-m+fp/hard/libgcc.a(_dvmd_tls.o)
                0x00000000080013b0                __aeabi_ldiv0
                0x00000000080013b0                __aeabi_idiv0
 .text          0x00000000080013b4      0x134 /home/key/github/STM-Linux/gcc-arm-none-eabi-9-2020-q2-update/bin/../lib/gcc/arm-none-eabi/9.3.1/../../../../arm-none-eabi/lib/thumb/v7e-m+fp/hard/libc.a(lib_a-memcpy.o)
                0x00000000080013b4                memcpy
 *(.text*)
 .text.SystemClock_Config
                0x00000000080014e8       0x76 build/main.o
                0x00000000080014e8                SystemClock_Config
 .text.main     0x000000000800155e       0x46 build/main.o
                0x000000000800155e                main
 .text.Error_Handler
                0x00000000080015a4        0x2 build/main.o
                0x00000000080015a4                Error_Handler
 .text.assert_failed
                0x00000000080015a6        0x2 build/main.o
                0x00000000080015a6                assert_failed
 .text.MX_GPIO_Init
                0x00000000080015a8      0x140 build/gpio.o
                0x00000000080015a8                MX_GPIO_Init
 .text.MX_LPUART1_UART_Init
                0x00000000080016e8       0x64 build/usart.o
                0x00000000080016e8                MX_LPUART1_UART_Init
 .text.HAL_UART_MspInit
                0x000000000800174c       0x68 build/usart.o
                0x000000000800174c                HAL_UART_MspInit
 .text.NMI_Handler
                0x00000000080017b4        0x2 build/stm32g4xx_it.o
                0x00000000080017b4                NMI_Handler
 .text.HardFault_Handler
                0x00000000080017b6        0x2 build/stm32g4xx_it.o
                0x00000000080017b6                HardFault_Handler
 .text.MemManage_Handler
                0x00000000080017b8        0x2 build/stm32g4xx_it.o
                0x00000000080017b8                MemManage_Handler
 .text.BusFault_Handler
                0x00000000080017ba        0x2 build/stm32g4xx_it.o
                0x00000000080017ba                BusFault_Handler
 .text.UsageFault_Handler
                0x00000000080017bc        0x2 build/stm32g4xx_it.o
                0x00000000080017bc                UsageFault_Handler
 .text.SVC_Handler
                0x00000000080017be        0x2 build/stm32g4xx_it.o
                0x00000000080017be                SVC_Handler
 .text.DebugMon_Handler
                0x00000000080017c0        0x2 build/stm32g4xx_it.o
                0x00000000080017c0                DebugMon_Handler
 .text.PendSV_Handler
                0x00000000080017c2        0x2 build/stm32g4xx_it.o
                0x00000000080017c2                PendSV_Handler
 .text.SysTick_Handler
                0x00000000080017c4        0x8 build/stm32g4xx_it.o
                0x00000000080017c4                SysTick_Handler
 .text.EXTI15_10_IRQHandler
                0x00000000080017cc        0xc build/stm32g4xx_it.o
                0x00000000080017cc                EXTI15_10_IRQHandler
 .text.HAL_MspInit
                0x00000000080017d8       0x38 build/stm32g4xx_hal_msp.o
                0x00000000080017d8                HAL_MspInit
 .text.HAL_GPIO_Init
                0x0000000008001810      0x2d0 build/stm32g4xx_hal_gpio.o
                0x0000000008001810                HAL_GPIO_Init
 .text.HAL_GPIO_WritePin
                0x0000000008001ae0       0x34 build/stm32g4xx_hal_gpio.o
                0x0000000008001ae0                HAL_GPIO_WritePin
 .text.HAL_GPIO_EXTI_Callback
                0x0000000008001b14        0x2 build/stm32g4xx_hal_gpio.o
                0x0000000008001b14                HAL_GPIO_EXTI_Callback
 *fill*         0x0000000008001b16        0x2 
 .text.HAL_GPIO_EXTI_IRQHandler
                0x0000000008001b18       0x1c build/stm32g4xx_hal_gpio.o
                0x0000000008001b18                HAL_GPIO_EXTI_IRQHandler
 .text.UART_SetConfig
                0x0000000008001b34      0x4ac build/stm32g4xx_hal_uart.o
                0x0000000008001b34                UART_SetConfig
 .text.UART_AdvFeatureConfig
                0x0000000008001fe0      0x1f4 build/stm32g4xx_hal_uart.o
                0x0000000008001fe0                UART_AdvFeatureConfig
 .text.UART_WaitOnFlagUntilTimeout
                0x00000000080021d4       0xac build/stm32g4xx_hal_uart.o
                0x00000000080021d4                UART_WaitOnFlagUntilTimeout
 .text.UART_CheckIdleState
                0x0000000008002280       0x72 build/stm32g4xx_hal_uart.o
                0x0000000008002280                UART_CheckIdleState
 *fill*         0x00000000080022f2        0x2 
 .text.HAL_UART_Init
                0x00000000080022f4       0xf4 build/stm32g4xx_hal_uart.o
                0x00000000080022f4                HAL_UART_Init
 .text.UARTEx_SetNbDataToProcess
                0x00000000080023e8       0x70 build/stm32g4xx_hal_uart_ex.o
 .text.HAL_UARTEx_DisableFifoMode
                0x0000000008002458       0x84 build/stm32g4xx_hal_uart_ex.o
                0x0000000008002458                HAL_UARTEx_DisableFifoMode
 .text.HAL_UARTEx_SetTxFifoThreshold
                0x00000000080024dc       0xbc build/stm32g4xx_hal_uart_ex.o
                0x00000000080024dc                HAL_UARTEx_SetTxFifoThreshold
 .text.HAL_UARTEx_SetRxFifoThreshold
                0x0000000008002598       0xbc build/stm32g4xx_hal_uart_ex.o
                0x0000000008002598                HAL_UARTEx_SetRxFifoThreshold
 .text.HAL_InitTick
                0x0000000008002654       0x50 build/stm32g4xx_hal.o
                0x0000000008002654                HAL_InitTick
 .text.HAL_Init
                0x00000000080026a4       0x1e build/stm32g4xx_hal.o
                0x00000000080026a4                HAL_Init
 *fill*         0x00000000080026c2        0x2 
 .text.HAL_IncTick
                0x00000000080026c4       0x18 build/stm32g4xx_hal.o
                0x00000000080026c4                HAL_IncTick
 .text.HAL_GetTick
                0x00000000080026dc        0xc build/stm32g4xx_hal.o
                0x00000000080026dc                HAL_GetTick
 .text.HAL_Delay
                0x00000000080026e8       0x28 build/stm32g4xx_hal.o
                0x00000000080026e8                HAL_Delay
 .text.RCC_GetSysClockFreqFromPLLSource
                0x0000000008002710       0x58 build/stm32g4xx_hal_rcc.o
 .text.HAL_RCC_OscConfig
                0x0000000008002768      0x63c build/stm32g4xx_hal_rcc.o
                0x0000000008002768                HAL_RCC_OscConfig
 .text.HAL_RCC_GetSysClockFreq
                0x0000000008002da4       0x88 build/stm32g4xx_hal_rcc.o
                0x0000000008002da4                HAL_RCC_GetSysClockFreq
 .text.HAL_RCC_ClockConfig
                0x0000000008002e2c      0x2b8 build/stm32g4xx_hal_rcc.o
                0x0000000008002e2c                HAL_RCC_ClockConfig
 .text.HAL_RCC_GetHCLKFreq
                0x00000000080030e4        0xc build/stm32g4xx_hal_rcc.o
                0x00000000080030e4                HAL_RCC_GetHCLKFreq
 .text.HAL_RCC_GetPCLK1Freq
                0x00000000080030f0       0x24 build/stm32g4xx_hal_rcc.o
                0x00000000080030f0                HAL_RCC_GetPCLK1Freq
 .text.HAL_RCC_GetPCLK2Freq
                0x0000000008003114       0x24 build/stm32g4xx_hal_rcc.o
                0x0000000008003114                HAL_RCC_GetPCLK2Freq
 .text.HAL_RCCEx_PeriphCLKConfig
                0x0000000008003138      0x604 build/stm32g4xx_hal_rcc_ex.o
                0x0000000008003138                HAL_RCCEx_PeriphCLKConfig
 .text.HAL_PWREx_ControlVoltageScaling
                0x000000000800373c      0x12c build/stm32g4xx_hal_pwr_ex.o
                0x000000000800373c                HAL_PWREx_ControlVoltageScaling
 .text.HAL_PWREx_DisableUCPDDeadBattery
                0x0000000008003868       0x10 build/stm32g4xx_hal_pwr_ex.o
                0x0000000008003868                HAL_PWREx_DisableUCPDDeadBattery
 .text.HAL_NVIC_SetPriorityGrouping
                0x0000000008003878       0x3c build/stm32g4xx_hal_cortex.o
                0x0000000008003878                HAL_NVIC_SetPriorityGrouping
 .text.HAL_NVIC_SetPriority
                0x00000000080038b4       0x8c build/stm32g4xx_hal_cortex.o
                0x00000000080038b4                HAL_NVIC_SetPriority
 .text.HAL_NVIC_EnableIRQ
                0x0000000008003940       0x30 build/stm32g4xx_hal_cortex.o
                0x0000000008003940                HAL_NVIC_EnableIRQ
 .text.HAL_SYSTICK_Config
                0x0000000008003970       0x2c build/stm32g4xx_hal_cortex.o
                0x0000000008003970                HAL_SYSTICK_Config
 .text.SystemInit
                0x000000000800399c       0x1c build/system_stm32g4xx.o
                0x000000000800399c                SystemInit
 .text.app_main
                0x00000000080039b8       0x2e build/app_main.o
                0x00000000080039b8                app_main
 *fill*         0x00000000080039e6        0x2 
 .text.Reset_Handler
                0x00000000080039e8       0x50 build/startup_stm32g474xx.o
                0x00000000080039e8                Reset_Handler
 .text.Default_Handler
                0x0000000008003a38        0x2 build/startup_stm32g474xx.o
                0x0000000008003a38                RTC_Alarm_IRQHandler
                0x0000000008003a38                EXTI2_IRQHandler
                0x0000000008003a38                TIM8_TRG_COM_IRQHandler
                0x0000000008003a38                TIM8_CC_IRQHandler
                0x0000000008003a38                HRTIM1_Master_IRQHandler
                0x0000000008003a38                SPI4_IRQHandler
                0x0000000008003a38                FDCAN3_IT0_IRQHandler
                0x0000000008003a38                TIM1_CC_IRQHandler
                0x0000000008003a38                HRTIM1_FLT_IRQHandler
                0x0000000008003a38                HRTIM1_TIMF_IRQHandler
                0x0000000008003a38                USB_HP_IRQHandler
                0x0000000008003a38                CORDIC_IRQHandler
                0x0000000008003a38                HRTIM1_TIMD_IRQHandler
                0x0000000008003a38                DMA2_Channel8_IRQHandler
                0x0000000008003a38                EXTI3_IRQHandler
                0x0000000008003a38                I2C3_ER_IRQHandler
                0x0000000008003a38                EXTI0_IRQHandler
                0x0000000008003a38                I2C2_EV_IRQHandler
                0x0000000008003a38                FPU_IRQHandler
                0x0000000008003a38                FDCAN1_IT1_IRQHandler
                0x0000000008003a38                TIM1_UP_TIM16_IRQHandler
                0x0000000008003a38                ADC1_2_IRQHandler
                0x0000000008003a38                HRTIM1_TIME_IRQHandler
                0x0000000008003a38                SPI1_IRQHandler
                0x0000000008003a38                TIM6_DAC_IRQHandler
                0x0000000008003a38                HRTIM1_TIMC_IRQHandler
                0x0000000008003a38                TIM8_UP_IRQHandler
                0x0000000008003a38                DMA2_Channel2_IRQHandler
                0x0000000008003a38                DMA1_Channel4_IRQHandler
                0x0000000008003a38                TIM20_TRG_COM_IRQHandler
                0x0000000008003a38                USART3_IRQHandler
                0x0000000008003a38                DMA1_Channel7_IRQHandler
                0x0000000008003a38                UART5_IRQHandler
                0x0000000008003a38                ADC3_IRQHandler
                0x0000000008003a38                TIM4_IRQHandler
                0x0000000008003a38                DMA2_Channel1_IRQHandler
                0x0000000008003a38                QUADSPI_IRQHandler
                0x0000000008003a38                I2C1_EV_IRQHandler
                0x0000000008003a38                DMA1_Channel6_IRQHandler
                0x0000000008003a38                UART4_IRQHandler
                0x0000000008003a38                DMA2_Channel4_IRQHandler
                0x0000000008003a38                TIM3_IRQHandler
                0x0000000008003a38                RCC_IRQHandler
                0x0000000008003a38                TIM20_UP_IRQHandler
                0x0000000008003a38                DMA1_Channel1_IRQHandler
                0x0000000008003a38                Default_Handler
                0x0000000008003a38                DMA2_Channel7_IRQHandler
                0x0000000008003a38                RTC_TAMP_LSECSS_IRQHandler
                0x0000000008003a38                FMAC_IRQHandler
                0x0000000008003a38                DMA1_Channel8_IRQHandler
                0x0000000008003a38                HRTIM1_TIMA_IRQHandler
                0x0000000008003a38                TIM7_DAC_IRQHandler
                0x0000000008003a38                FDCAN3_IT1_IRQHandler
                0x0000000008003a38                TIM5_IRQHandler
                0x0000000008003a38                UCPD1_IRQHandler
                0x0000000008003a38                I2C3_EV_IRQHandler
                0x0000000008003a38                EXTI9_5_IRQHandler
                0x0000000008003a38                RTC_WKUP_IRQHandler
                0x0000000008003a38                PVD_PVM_IRQHandler
                0x0000000008003a38                SPI2_IRQHandler
                0x0000000008003a38                ADC5_IRQHandler
                0x0000000008003a38                DMA2_Channel5_IRQHandler
                0x0000000008003a38                CRS_IRQHandler
                0x0000000008003a38                DMA1_Channel5_IRQHandler
                0x0000000008003a38                USB_LP_IRQHandler
                0x0000000008003a38                EXTI4_IRQHandler
                0x0000000008003a38                RNG_IRQHandler
                0x0000000008003a38                HRTIM1_TIMB_IRQHandler
                0x0000000008003a38                TIM1_TRG_COM_TIM17_IRQHandler
                0x0000000008003a38                FDCAN2_IT1_IRQHandler
                0x0000000008003a38                DMA1_Channel3_IRQHandler
                0x0000000008003a38                ADC4_IRQHandler
                0x0000000008003a38                WWDG_IRQHandler
                0x0000000008003a38                I2C4_EV_IRQHandler
                0x0000000008003a38                FDCAN2_IT0_IRQHandler
                0x0000000008003a38                LPUART1_IRQHandler
                0x0000000008003a38                DMA2_Channel6_IRQHandler
                0x0000000008003a38                FDCAN1_IT0_IRQHandler
                0x0000000008003a38                TIM2_IRQHandler
                0x0000000008003a38                COMP7_IRQHandler
                0x0000000008003a38                COMP1_2_3_IRQHandler
                0x0000000008003a38                EXTI1_IRQHandler
                0x0000000008003a38                USART2_IRQHandler
                0x0000000008003a38                COMP4_5_6_IRQHandler
                0x0000000008003a38                TIM20_BRK_IRQHandler
                0x0000000008003a38                I2C2_ER_IRQHandler
                0x0000000008003a38                DMA1_Channel2_IRQHandler
                0x0000000008003a38                TIM8_BRK_IRQHandler
                0x0000000008003a38                FLASH_IRQHandler
                0x0000000008003a38                TIM20_CC_IRQHandler
                0x0000000008003a38                USART1_IRQHandler
                0x0000000008003a38                SPI3_IRQHandler
                0x0000000008003a38                I2C1_ER_IRQHandler
                0x0000000008003a38                FMC_IRQHandler
                0x0000000008003a38                LPTIM1_IRQHandler
                0x0000000008003a38                DMAMUX_OVR_IRQHandler
                0x0000000008003a38                I2C4_ER_IRQHandler
                0x0000000008003a38                USBWakeUp_IRQHandler
                0x0000000008003a38                SAI1_IRQHandler
                0x0000000008003a38                DMA2_Channel3_IRQHandler
                0x0000000008003a38                TIM1_BRK_TIM15_IRQHandler
 *fill*         0x0000000008003a3a        0x2 
 .text.__libc_init_array
                0x0000000008003a3c       0x48 /home/key/github/STM-Linux/gcc-arm-none-eabi-9-2020-q2-update/bin/../lib/gcc/arm-none-eabi/9.3.1/../../../../arm-none-eabi/lib/thumb/v7e-m+fp/hard/libc.a(lib_a-init.o)
                0x0000000008003a3c                __libc_init_array
 .text.memset   0x0000000008003a84       0xa0 /home/key/github/STM-Linux/gcc-arm-none-eabi-9-2020-q2-update/bin/../lib/gcc/arm-none-eabi/9.3.1/../../../../arm-none-eabi/lib/thumb/v7e-m+fp/hard/libc.a(lib_a-memset.o)
                0x0000000008003a84                memset
 .text.startup.register_fini
                0x0000000008003b24       0x14 /home/key/github/STM-Linux/gcc-arm-none-eabi-9-2020-q2-update/bin/../lib/gcc/arm-none-eabi/9.3.1/../../../../arm-none-eabi/lib/thumb/v7e-m+fp/hard/libc.a(lib_a-__call_atexit.o)
 .text.atexit   0x0000000008003b38        0xc /home/key/github/STM-Linux/gcc-arm-none-eabi-9-2020-q2-update/bin/../lib/gcc/arm-none-eabi/9.3.1/../../../../arm-none-eabi/lib/thumb/v7e-m+fp/hard/libc.a(lib_a-atexit.o)
                0x0000000008003b38                atexit
 .text.__libc_fini_array
                0x0000000008003b44       0x2c /home/key/github/STM-Linux/gcc-arm-none-eabi-9-2020-q2-update/bin/../lib/gcc/arm-none-eabi/9.3.1/../../../../arm-none-eabi/lib/thumb/v7e-m+fp/hard/libc.a(lib_a-fini.o)
                0x0000000008003b44                __libc_fini_array
 .text.__retarget_lock_acquire_recursive
                0x0000000008003b70        0x4 /home/key/github/STM-Linux/gcc-arm-none-eabi-9-2020-q2-update/bin/../lib/gcc/arm-none-eabi/9.3.1/../../../../arm-none-eabi/lib/thumb/v7e-m+fp/hard/libc.a(lib_a-lock.o)
                0x0000000008003b70                __retarget_lock_acquire_recursive
 .text.__retarget_lock_release_recursive
                0x0000000008003b74        0x4 /home/key/github/STM-Linux/gcc-arm-none-eabi-9-2020-q2-update/bin/../lib/gcc/arm-none-eabi/9.3.1/../../../../arm-none-eabi/lib/thumb/v7e-m+fp/hard/libc.a(lib_a-lock.o)
                0x0000000008003b74                __retarget_lock_release_recursive
 .text.__register_exitproc
                0x0000000008003b78       0x8c /home/key/github/STM-Linux/gcc-arm-none-eabi-9-2020-q2-update/bin/../lib/gcc/arm-none-eabi/9.3.1/../../../../arm-none-eabi/lib/thumb/v7e-m+fp/hard/libc.a(lib_a-__atexit.o)
                0x0000000008003b78                __register_exitproc
 .text._exit    0x0000000008003c04        0x4 /home/key/github/STM-Linux/gcc-arm-none-eabi-9-2020-q2-update/bin/../lib/gcc/arm-none-eabi/9.3.1/../../../../arm-none-eabi/lib/thumb/v7e-m+fp/hard/libnosys.a(_exit.o)
                0x0000000008003c04                _exit
 .text.abort    0x0000000008003c08       0x10 /home/key/github/STM-Linux/gcc-arm-none-eabi-9-2020-q2-update/bin/../lib/gcc/arm-none-eabi/9.3.1/../../../../arm-none-eabi/lib/thumb/v7e-m+fp/hard/libc.a(lib_a-abort.o)
                0x0000000008003c08                abort
 .text._raise_r
                0x0000000008003c18       0x58 /home/key/github/STM-Linux/gcc-arm-none-eabi-9-2020-q2-update/bin/../lib/gcc/arm-none-eabi/9.3.1/../../../../arm-none-eabi/lib/thumb/v7e-m+fp/hard/libc.a(lib_a-signal.o)
                0x0000000008003c18                _raise_r
 .text.raise    0x0000000008003c70       0x10 /home/key/github/STM-Linux/gcc-arm-none-eabi-9-2020-q2-update/bin/../lib/gcc/arm-none-eabi/9.3.1/../../../../arm-none-eabi/lib/thumb/v7e-m+fp/hard/libc.a(lib_a-signal.o)
                0x0000000008003c70                raise
 .text._kill_r  0x0000000008003c80       0x2c /home/key/github/STM-Linux/gcc-arm-none-eabi-9-2020-q2-update/bin/../lib/gcc/arm-none-eabi/9.3.1/../../../../arm-none-eabi/lib/thumb/v7e-m+fp/hard/libc.a(lib_a-signalr.o)
                0x0000000008003c80                _kill_r
 .text._getpid_r
                0x0000000008003cac        0x4 /home/key/github/STM-Linux/gcc-arm-none-eabi-9-2020-q2-update/bin/../lib/gcc/arm-none-eabi/9.3.1/../../../../arm-none-eabi/lib/thumb/v7e-m+fp/hard/libc.a(lib_a-signalr.o)
                0x0000000008003cac                _getpid_r
 .text._getpid  0x0000000008003cb0       0x10 /home/key/github/STM-Linux/gcc-arm-none-eabi-9-2020-q2-update/bin/../lib/gcc/arm-none-eabi/9.3.1/../../../../arm-none-eabi/lib/thumb/v7e-m+fp/hard/libnosys.a(getpid.o)
                0x0000000008003cb0                _getpid
 .text._kill    0x0000000008003cc0       0x10 /home/key/github/STM-Linux/gcc-arm-none-eabi-9-2020-q2-update/bin/../lib/gcc/arm-none-eabi/9.3.1/../../../../arm-none-eabi/lib/thumb/v7e-m+fp/hard/libnosys.a(kill.o)
                0x0000000008003cc0                _kill
 *(.glue_7)
 .glue_7        0x0000000008003cd0        0x0 linker stubs
 *(.glue_7t)
 .glue_7t       0x0000000008003cd0        0x0 linker stubs
 *(.eh_frame)
 .eh_frame      0x0000000008003cd0        0x0 /home/key/github/STM-Linux/gcc-arm-none-eabi-9-2020-q2-update/bin/../lib/gcc/arm-none-eabi/9.3.1/thumb/v7e-m+fp/hard/crtbegin.o
 *(.init)
 .init          0x0000000008003cd0        0x4 /home/key/github/STM-Linux/gcc-arm-none-eabi-9-2020-q2-update/bin/../lib/gcc/arm-none-eabi/9.3.1/thumb/v7e-m+fp/hard/crti.o
                0x0000000008003cd0                _init
 .init          0x0000000008003cd4        0x8 /home/key/github/STM-Linux/gcc-arm-none-eabi-9-2020-q2-update/bin/../lib/gcc/arm-none-eabi/9.3.1/thumb/v7e-m+fp/hard/crtn.o
 *(.fini)
 .fini          0x0000000008003cdc        0x4 /home/key/github/STM-Linux/gcc-arm-none-eabi-9-2020-q2-update/bin/../lib/gcc/arm-none-eabi/9.3.1/thumb/v7e-m+fp/hard/crti.o
                0x0000000008003cdc                _fini
 .fini          0x0000000008003ce0        0x8 /home/key/github/STM-Linux/gcc-arm-none-eabi-9-2020-q2-update/bin/../lib/gcc/arm-none-eabi/9.3.1/thumb/v7e-m+fp/hard/crtn.o
                0x0000000008003ce8                . = ALIGN (0x4)
                0x0000000008003ce8                _etext = .

.vfp11_veneer   0x0000000008003ce8        0x0
 .vfp11_veneer  0x0000000008003ce8        0x0 linker stubs

.v4_bx          0x0000000008003ce8        0x0
 .v4_bx         0x0000000008003ce8        0x0 linker stubs

.iplt           0x0000000008003ce8        0x0
 .iplt          0x0000000008003ce8        0x0 /home/key/github/STM-Linux/gcc-arm-none-eabi-9-2020-q2-update/bin/../lib/gcc/arm-none-eabi/9.3.1/thumb/v7e-m+fp/hard/crtbegin.o

.rodata         0x0000000008003ce8      0x1d4
                0x0000000008003ce8                . = ALIGN (0x4)
 *(.rodata)
 .rodata        0x0000000008003ce8        0x8 build/stm32g4xx_hal_uart_ex.o
 *(.rodata*)
 .rodata.HAL_GPIO_Init.str1.4
                0x0000000008003cf0       0x36 build/stm32g4xx_hal_gpio.o
 *fill*         0x0000000008003d26        0x2 
 .rodata.HAL_UART_DeInit.str1.4
                0x0000000008003d28       0x36 build/stm32g4xx_hal_uart.o
 *fill*         0x0000000008003d5e        0x2 
 .rodata.UARTPrescTable
                0x0000000008003d60       0x18 build/stm32g4xx_hal_uart.o
                0x0000000008003d60                UARTPrescTable
 .rodata.UARTEx_SetNbDataToProcess.str1.4
                0x0000000008003d78        0x9 build/stm32g4xx_hal_uart_ex.o
 *fill*         0x0000000008003d81        0x3 
 .rodata.UARTEx_Wakeup_AddressConfig.str1.4
                0x0000000008003d84       0x39 build/stm32g4xx_hal_uart_ex.o
 *fill*         0x0000000008003dbd        0x3 
 .rodata.HAL_RCC_OscConfig.str1.4
                0x0000000008003dc0       0x35 build/stm32g4xx_hal_rcc.o
 *fill*         0x0000000008003df5        0x3 
 .rodata.HAL_RCCEx_PeriphCLKConfig.str1.4
                0x0000000008003df8       0x38 build/stm32g4xx_hal_rcc_ex.o
 .rodata.HAL_PWREx_ControlVoltageScaling.str1.4
                0x0000000008003e30       0x38 build/stm32g4xx_hal_pwr_ex.o
 .rodata.HAL_NVIC_SetPriorityGrouping.str1.4
                0x0000000008003e68       0x38 build/stm32g4xx_hal_cortex.o
 .rodata.AHBPrescTable
                0x0000000008003ea0       0x10 build/system_stm32g4xx.o
                0x0000000008003ea0                AHBPrescTable
 .rodata.APBPrescTable
                0x0000000008003eb0        0x8 build/system_stm32g4xx.o
                0x0000000008003eb0                APBPrescTable
 .rodata._global_impure_ptr
                0x0000000008003eb8        0x4 /home/key/github/STM-Linux/gcc-arm-none-eabi-9-2020-q2-update/bin/../lib/gcc/arm-none-eabi/9.3.1/../../../../arm-none-eabi/lib/thumb/v7e-m+fp/hard/libc.a(lib_a-impure.o)
                0x0000000008003eb8                _global_impure_ptr
                0x0000000008003ebc                . = ALIGN (0x4)

.ARM.extab      0x0000000008003ebc       0x24
 *(.ARM.extab* .gnu.linkonce.armextab.*)
 .ARM.extab.text.app_main
                0x0000000008003ebc        0xc build/app_main.o
 .ARM.extab     0x0000000008003ec8       0x18 /home/key/github/STM-Linux/gcc-arm-none-eabi-9-2020-q2-update/bin/../lib/gcc/arm-none-eabi/9.3.1/thumb/v7e-m+fp/hard/libgcc.a(pr-support.o)

.ARM            0x0000000008003ee0       0xc8
                0x0000000008003ee0                __exidx_start = .
 *(.ARM.exidx*)
 .ARM.exidx.text.app_main
                0x0000000008003f98       0x10 build/app_main.o
                                          0x8 (size before relaxing)
 .ARM.exidx     0x0000000008003ee0        0x8 /home/key/github/STM-Linux/gcc-arm-none-eabi-9-2020-q2-update/bin/../lib/gcc/arm-none-eabi/9.3.1/thumb/v7e-m+fp/hard/libgcc.a(_udivmoddi4.o)
 .ARM.exidx     0x0000000008003ee8       0x78 /home/key/github/STM-Linux/gcc-arm-none-eabi-9-2020-q2-update/bin/../lib/gcc/arm-none-eabi/9.3.1/thumb/v7e-m+fp/hard/libgcc.a(unwind-arm.o)
                                         0xd8 (size before relaxing)
 .ARM.exidx     0x0000000008003f60       0x38 /home/key/github/STM-Linux/gcc-arm-none-eabi-9-2020-q2-update/bin/../lib/gcc/arm-none-eabi/9.3.1/thumb/v7e-m+fp/hard/libgcc.a(pr-support.o)
                0x0000000008003fa8                __exidx_end = .

.rel.dyn        0x0000000008003fa8        0x0
 .rel.iplt      0x0000000008003fa8        0x0 /home/key/github/STM-Linux/gcc-arm-none-eabi-9-2020-q2-update/bin/../lib/gcc/arm-none-eabi/9.3.1/thumb/v7e-m+fp/hard/crtbegin.o

.preinit_array  0x0000000008003fa8        0x0
                0x0000000008003fa8                PROVIDE (__preinit_array_start = .)
 *(.preinit_array*)
                0x0000000008003fa8                PROVIDE (__preinit_array_end = .)

.init_array     0x0000000008003fa8        0x8
                0x0000000008003fa8                PROVIDE (__init_array_start = .)
 *(SORT_BY_NAME(.init_array.*))
 .init_array.00000
                0x0000000008003fa8        0x4 /home/key/github/STM-Linux/gcc-arm-none-eabi-9-2020-q2-update/bin/../lib/gcc/arm-none-eabi/9.3.1/../../../../arm-none-eabi/lib/thumb/v7e-m+fp/hard/libc.a(lib_a-__call_atexit.o)
 *(.init_array*)
 .init_array    0x0000000008003fac        0x4 /home/key/github/STM-Linux/gcc-arm-none-eabi-9-2020-q2-update/bin/../lib/gcc/arm-none-eabi/9.3.1/thumb/v7e-m+fp/hard/crtbegin.o
                0x0000000008003fb0                PROVIDE (__init_array_end = .)

.fini_array     0x0000000008003fb0        0x4
                0x0000000008003fb0                PROVIDE (__fini_array_start = .)
 *(SORT_BY_NAME(.fini_array.*))
 *(.fini_array*)
 .fini_array    0x0000000008003fb0        0x4 /home/key/github/STM-Linux/gcc-arm-none-eabi-9-2020-q2-update/bin/../lib/gcc/arm-none-eabi/9.3.1/thumb/v7e-m+fp/hard/crtbegin.o
                0x0000000008003fb4                PROVIDE (__fini_array_end = .)
                0x0000000008003fb4                _sidata = LOADADDR (.data)

.data           0x0000000020000000      0x43c load address 0x0000000008003fb4
                0x0000000020000000                . = ALIGN (0x4)
                0x0000000020000000                _sdata = .
 *(.data)
 *(.data*)
 .data.uwTickFreq
                0x0000000020000000        0x4 build/stm32g4xx_hal.o
                0x0000000020000000                uwTickFreq
 .data.uwTickPrio
                0x0000000020000004        0x4 build/stm32g4xx_hal.o
                0x0000000020000004                uwTickPrio
 .data.SystemCoreClock
                0x0000000020000008        0x4 build/system_stm32g4xx.o
                0x0000000020000008                SystemCoreClock
 .data._impure_ptr
                0x000000002000000c        0x4 /home/key/github/STM-Linux/gcc-arm-none-eabi-9-2020-q2-update/bin/../lib/gcc/arm-none-eabi/9.3.1/../../../../arm-none-eabi/lib/thumb/v7e-m+fp/hard/libc.a(lib_a-impure.o)
                0x000000002000000c                _impure_ptr
 .data.impure_data
                0x0000000020000010      0x428 /home/key/github/STM-Linux/gcc-arm-none-eabi-9-2020-q2-update/bin/../lib/gcc/arm-none-eabi/9.3.1/../../../../arm-none-eabi/lib/thumb/v7e-m+fp/hard/libc.a(lib_a-impure.o)
 .data.__atexit_recursive_mutex
                0x0000000020000438        0x4 /home/key/github/STM-Linux/gcc-arm-none-eabi-9-2020-q2-update/bin/../lib/gcc/arm-none-eabi/9.3.1/../../../../arm-none-eabi/lib/thumb/v7e-m+fp/hard/libc.a(lib_a-__call_atexit.o)
                0x0000000020000438                __atexit_recursive_mutex
                0x000000002000043c                . = ALIGN (0x4)
                0x000000002000043c                _edata = .

.igot.plt       0x000000002000043c        0x0 load address 0x00000000080043f0
 .igot.plt      0x000000002000043c        0x0 /home/key/github/STM-Linux/gcc-arm-none-eabi-9-2020-q2-update/bin/../lib/gcc/arm-none-eabi/9.3.1/thumb/v7e-m+fp/hard/crtbegin.o
                0x000000002000043c                . = ALIGN (0x4)

.bss            0x000000002000043c       0xd4 load address 0x00000000080043f0
                0x000000002000043c                _sbss = .
                0x000000002000043c                __bss_start__ = _sbss
 *(.bss)
 .bss           0x000000002000043c       0x1c /home/key/github/STM-Linux/gcc-arm-none-eabi-9-2020-q2-update/bin/../lib/gcc/arm-none-eabi/9.3.1/thumb/v7e-m+fp/hard/crtbegin.o
 *(.bss*)
 *(COMMON)
 COMMON         0x0000000020000458       0x8c build/usart.o
                0x0000000020000458                hlpuart1
 COMMON         0x00000000200004e4        0x4 build/stm32g4xx_hal.o
                0x00000000200004e4                uwTick
 COMMON         0x00000000200004e8       0x21 /home/key/github/STM-Linux/gcc-arm-none-eabi-9-2020-q2-update/bin/../lib/gcc/arm-none-eabi/9.3.1/../../../../arm-none-eabi/lib/thumb/v7e-m+fp/hard/libc.a(lib_a-lock.o)
                0x00000000200004e8                __lock___atexit_recursive_mutex
                0x00000000200004ec                __lock___arc4random_mutex
                0x00000000200004f0                __lock___env_recursive_mutex
                0x00000000200004f4                __lock___sinit_recursive_mutex
                0x00000000200004f8                __lock___malloc_recursive_mutex
                0x00000000200004fc                __lock___at_quick_exit_mutex
                0x0000000020000500                __lock___dd_hash_mutex
                0x0000000020000504                __lock___tz_mutex
                0x0000000020000508                __lock___sfp_recursive_mutex
 *fill*         0x0000000020000509        0x3 
 COMMON         0x000000002000050c        0x4 /home/key/github/STM-Linux/gcc-arm-none-eabi-9-2020-q2-update/bin/../lib/gcc/arm-none-eabi/9.3.1/../../../../arm-none-eabi/lib/thumb/v7e-m+fp/hard/libc.a(lib_a-reent.o)
                0x000000002000050c                errno
                0x0000000020000510                . = ALIGN (0x4)
                0x0000000020000510                _ebss = .
                0x0000000020000510                __bss_end__ = _ebss

._user_heap_stack
                0x0000000020000510      0x600 load address 0x00000000080043f0
                0x0000000020000510                . = ALIGN (0x8)
                0x0000000020000510                PROVIDE (end = .)
                [!provide]                        PROVIDE (_end = .)
                0x0000000020000710                . = (. + _Min_Heap_Size)
 *fill*         0x0000000020000510      0x200 
                0x0000000020000b10                . = (. + _Min_Stack_Size)
 *fill*         0x0000000020000710      0x400 
                0x0000000020000b10                . = ALIGN (0x8)

/DISCARD/
 libc.a(*)
 libm.a(*)
 libgcc.a(*)

.ARM.attributes
                0x0000000000000000       0x30
 *(.ARM.attributes)
 .ARM.attributes
                0x0000000000000000       0x1e /home/key/github/STM-Linux/gcc-arm-none-eabi-9-2020-q2-update/bin/../lib/gcc/arm-none-eabi/9.3.1/thumb/v7e-m+fp/hard/crti.o
 .ARM.attributes
                0x000000000000001e       0x34 /home/key/github/STM-Linux/gcc-arm-none-eabi-9-2020-q2-update/bin/../lib/gcc/arm-none-eabi/9.3.1/thumb/v7e-m+fp/hard/crtbegin.o
 .ARM.attributes
                0x0000000000000052       0x34 build/main.o
 .ARM.attributes
                0x0000000000000086       0x34 build/gpio.o
 .ARM.attributes
                0x00000000000000ba       0x34 build/usart.o
 .ARM.attributes
                0x00000000000000ee       0x34 build/stm32g4xx_it.o
 .ARM.attributes
                0x0000000000000122       0x34 build/stm32g4xx_hal_msp.o
 .ARM.attributes
                0x0000000000000156       0x34 build/stm32g4xx_hal_gpio.o
 .ARM.attributes
                0x000000000000018a       0x34 build/stm32g4xx_hal_uart.o
 .ARM.attributes
                0x00000000000001be       0x34 build/stm32g4xx_hal_uart_ex.o
 .ARM.attributes
                0x00000000000001f2       0x34 build/stm32g4xx_hal.o
 .ARM.attributes
                0x0000000000000226       0x34 build/stm32g4xx_hal_rcc.o
 .ARM.attributes
                0x000000000000025a       0x34 build/stm32g4xx_hal_rcc_ex.o
 .ARM.attributes
                0x000000000000028e       0x34 build/stm32g4xx_hal_pwr_ex.o
 .ARM.attributes
                0x00000000000002c2       0x34 build/stm32g4xx_hal_cortex.o
 .ARM.attributes
                0x00000000000002f6       0x34 build/system_stm32g4xx.o
 .ARM.attributes
                0x000000000000032a       0x34 build/app_main.o
 .ARM.attributes
                0x000000000000035e       0x21 build/startup_stm32g474xx.o
 .ARM.attributes
                0x000000000000037f       0x32 /home/key/github/STM-Linux/gcc-arm-none-eabi-9-2020-q2-update/bin/../lib/gcc/arm-none-eabi/9.3.1/../../../../arm-none-eabi/lib/thumb/v7e-m+fp/hard/libc.a(lib_a-impure.o)
 .ARM.attributes
                0x00000000000003b1       0x34 /home/key/github/STM-Linux/gcc-arm-none-eabi-9-2020-q2-update/bin/../lib/gcc/arm-none-eabi/9.3.1/../../../../arm-none-eabi/lib/thumb/v7e-m+fp/hard/libc.a(lib_a-init.o)
 .ARM.attributes
                0x00000000000003e5       0x34 /home/key/github/STM-Linux/gcc-arm-none-eabi-9-2020-q2-update/bin/../lib/gcc/arm-none-eabi/9.3.1/../../../../arm-none-eabi/lib/thumb/v7e-m+fp/hard/libc.a(lib_a-memset.o)
 .ARM.attributes
                0x0000000000000419       0x34 /home/key/github/STM-Linux/gcc-arm-none-eabi-9-2020-q2-update/bin/../lib/gcc/arm-none-eabi/9.3.1/../../../../arm-none-eabi/lib/thumb/v7e-m+fp/hard/libc.a(lib_a-__call_atexit.o)
 .ARM.attributes
                0x000000000000044d       0x34 /home/key/github/STM-Linux/gcc-arm-none-eabi-9-2020-q2-update/bin/../lib/gcc/arm-none-eabi/9.3.1/../../../../arm-none-eabi/lib/thumb/v7e-m+fp/hard/libc.a(lib_a-atexit.o)
 .ARM.attributes
                0x0000000000000481       0x34 /home/key/github/STM-Linux/gcc-arm-none-eabi-9-2020-q2-update/bin/../lib/gcc/arm-none-eabi/9.3.1/../../../../arm-none-eabi/lib/thumb/v7e-m+fp/hard/libc.a(lib_a-fini.o)
 .ARM.attributes
                0x00000000000004b5       0x34 /home/key/github/STM-Linux/gcc-arm-none-eabi-9-2020-q2-update/bin/../lib/gcc/arm-none-eabi/9.3.1/../../../../arm-none-eabi/lib/thumb/v7e-m+fp/hard/libc.a(lib_a-lock.o)
 .ARM.attributes
                0x00000000000004e9       0x34 /home/key/github/STM-Linux/gcc-arm-none-eabi-9-2020-q2-update/bin/../lib/gcc/arm-none-eabi/9.3.1/../../../../arm-none-eabi/lib/thumb/v7e-m+fp/hard/libc.a(lib_a-__atexit.o)
 .ARM.attributes
                0x000000000000051d       0x1e /home/key/github/STM-Linux/gcc-arm-none-eabi-9-2020-q2-update/bin/../lib/gcc/arm-none-eabi/9.3.1/thumb/v7e-m+fp/hard/libgcc.a(_aeabi_uldivmod.o)
 .ARM.attributes
                0x000000000000053b       0x34 /home/key/github/STM-Linux/gcc-arm-none-eabi-9-2020-q2-update/bin/../lib/gcc/arm-none-eabi/9.3.1/thumb/v7e-m+fp/hard/libgcc.a(_udivmoddi4.o)
 .ARM.attributes
                0x000000000000056f       0x1e /home/key/github/STM-Linux/gcc-arm-none-eabi-9-2020-q2-update/bin/../lib/gcc/arm-none-eabi/9.3.1/thumb/v7e-m+fp/hard/libgcc.a(_dvmd_tls.o)
 .ARM.attributes
                0x000000000000058d       0x1e /home/key/github/STM-Linux/gcc-arm-none-eabi-9-2020-q2-update/bin/../lib/gcc/arm-none-eabi/9.3.1/thumb/v7e-m+fp/hard/crtn.o
OUTPUT(build/stm32g474_blinky.elf elf32-littlearm)
LOAD linker stubs
LOAD /home/key/github/STM-Linux/gcc-arm-none-eabi-9-2020-q2-update/bin/../lib/gcc/arm-none-eabi/9.3.1/../../../../arm-none-eabi/lib/thumb/v7e-m+fp/hard/libc.a
LOAD /home/key/github/STM-Linux/gcc-arm-none-eabi-9-2020-q2-update/bin/../lib/gcc/arm-none-eabi/9.3.1/../../../../arm-none-eabi/lib/thumb/v7e-m+fp/hard/libm.a
LOAD /home/key/github/STM-Linux/gcc-arm-none-eabi-9-2020-q2-update/bin/../lib/gcc/arm-none-eabi/9.3.1/thumb/v7e-m+fp/hard/libgcc.a

.debug_info     0x0000000000000000     0xf49b
 .debug_info    0x0000000000000000     0x106f build/main.o
 .debug_info    0x000000000000106f      0xb8b build/gpio.o
 .debug_info    0x0000000000001bfa     0x1006 build/usart.o
 .debug_info    0x0000000000002c00      0x3f9 build/stm32g4xx_it.o
 .debug_info    0x0000000000002ff9      0x5e6 build/stm32g4xx_hal_msp.o
 .debug_info    0x00000000000035df      0xd4f build/stm32g4xx_hal_gpio.o
 .debug_info    0x000000000000432e     0x2a91 build/stm32g4xx_hal_uart.o
 .debug_info    0x0000000000006dbf     0x11de build/stm32g4xx_hal_uart_ex.o
 .debug_info    0x0000000000007f9d     0x100a build/stm32g4xx_hal.o
 .debug_info    0x0000000000008fa7     0x1503 build/stm32g4xx_hal_rcc.o
 .debug_info    0x000000000000a4aa     0x1668 build/stm32g4xx_hal_rcc_ex.o
 .debug_info    0x000000000000bb12      0xee7 build/stm32g4xx_hal_pwr_ex.o
 .debug_info    0x000000000000c9f9     0x1668 build/stm32g4xx_hal_cortex.o
 .debug_info    0x000000000000e061      0x81d build/system_stm32g4xx.o
 .debug_info    0x000000000000e87e      0xbfb build/app_main.o
 .debug_info    0x000000000000f479       0x22 build/startup_stm32g474xx.o

.debug_abbrev   0x0000000000000000     0x20c7
 .debug_abbrev  0x0000000000000000      0x23a build/main.o
 .debug_abbrev  0x000000000000023a      0x187 build/gpio.o
 .debug_abbrev  0x00000000000003c1      0x1f1 build/usart.o
 .debug_abbrev  0x00000000000005b2      0x129 build/stm32g4xx_it.o
 .debug_abbrev  0x00000000000006db      0x154 build/stm32g4xx_hal_msp.o
 .debug_abbrev  0x000000000000082f      0x26e build/stm32g4xx_hal_gpio.o
 .debug_abbrev  0x0000000000000a9d      0x2d7 build/stm32g4xx_hal_uart.o
 .debug_abbrev  0x0000000000000d74      0x28d build/stm32g4xx_hal_uart_ex.o
 .debug_abbrev  0x0000000000001001      0x23c build/stm32g4xx_hal.o
 .debug_abbrev  0x000000000000123d      0x28c build/stm32g4xx_hal_rcc.o
 .debug_abbrev  0x00000000000014c9      0x29c build/stm32g4xx_hal_rcc_ex.o
 .debug_abbrev  0x0000000000001765      0x27b build/stm32g4xx_hal_pwr_ex.o
 .debug_abbrev  0x00000000000019e0      0x3db build/stm32g4xx_hal_cortex.o
 .debug_abbrev  0x0000000000001dbb      0x16a build/system_stm32g4xx.o
 .debug_abbrev  0x0000000000001f25      0x190 build/app_main.o
 .debug_abbrev  0x00000000000020b5       0x12 build/startup_stm32g474xx.o

.debug_loc      0x0000000000000000     0x6650
 .debug_loc     0x0000000000000000       0x59 build/main.o
 .debug_loc     0x0000000000000059       0x39 build/gpio.o
 .debug_loc     0x0000000000000092      0x108 build/usart.o
 .debug_loc     0x000000000000019a       0x40 build/stm32g4xx_it.o
 .debug_loc     0x00000000000001da       0x38 build/stm32g4xx_hal_msp.o
 .debug_loc     0x0000000000000212      0x685 build/stm32g4xx_hal_gpio.o
 .debug_loc     0x0000000000000897     0x24df build/stm32g4xx_hal_uart.o
 .debug_loc     0x0000000000002d76      0x65c build/stm32g4xx_hal_uart_ex.o
 .debug_loc     0x00000000000033d2      0x408 build/stm32g4xx_hal.o
 .debug_loc     0x00000000000037da      0x9a1 build/stm32g4xx_hal_rcc.o
 .debug_loc     0x000000000000417b     0x1191 build/stm32g4xx_hal_rcc_ex.o
 .debug_loc     0x000000000000530c      0x83c build/stm32g4xx_hal_pwr_ex.o
 .debug_loc     0x0000000000005b48      0xa58 build/stm32g4xx_hal_cortex.o
 .debug_loc     0x00000000000065a0       0x90 build/system_stm32g4xx.o
 .debug_loc     0x0000000000006630       0x20 build/app_main.o

.debug_aranges  0x0000000000000000      0x8f0
 .debug_aranges
                0x0000000000000000       0x38 build/main.o
 .debug_aranges
                0x0000000000000038       0x20 build/gpio.o
 .debug_aranges
                0x0000000000000058       0x30 build/usart.o
 .debug_aranges
                0x0000000000000088       0x68 build/stm32g4xx_it.o
 .debug_aranges
                0x00000000000000f0       0x20 build/stm32g4xx_hal_msp.o
 .debug_aranges
                0x0000000000000110       0x58 build/stm32g4xx_hal_gpio.o
 .debug_aranges
                0x0000000000000168      0x230 build/stm32g4xx_hal_uart.o
 .debug_aranges
                0x0000000000000398       0x88 build/stm32g4xx_hal_uart_ex.o
 .debug_aranges
                0x0000000000000420      0x130 build/stm32g4xx_hal.o
 .debug_aranges
                0x0000000000000550       0x98 build/stm32g4xx_hal_rcc.o
 .debug_aranges
                0x00000000000005e8       0xb0 build/stm32g4xx_hal_rcc_ex.o
 .debug_aranges
                0x0000000000000698      0x140 build/stm32g4xx_hal_pwr_ex.o
 .debug_aranges
                0x00000000000007d8       0xa8 build/stm32g4xx_hal_cortex.o
 .debug_aranges
                0x0000000000000880       0x28 build/system_stm32g4xx.o
 .debug_aranges
                0x00000000000008a8       0x20 build/app_main.o
 .debug_aranges
                0x00000000000008c8       0x28 build/startup_stm32g474xx.o

.debug_ranges   0x0000000000000000      0x8a8
 .debug_ranges  0x0000000000000000       0x28 build/main.o
 .debug_ranges  0x0000000000000028       0x10 build/gpio.o
 .debug_ranges  0x0000000000000038       0x20 build/usart.o
 .debug_ranges  0x0000000000000058       0x58 build/stm32g4xx_it.o
 .debug_ranges  0x00000000000000b0       0x10 build/stm32g4xx_hal_msp.o
 .debug_ranges  0x00000000000000c0       0x48 build/stm32g4xx_hal_gpio.o
 .debug_ranges  0x0000000000000108      0x220 build/stm32g4xx_hal_uart.o
 .debug_ranges  0x0000000000000328       0x78 build/stm32g4xx_hal_uart_ex.o
 .debug_ranges  0x00000000000003a0      0x120 build/stm32g4xx_hal.o
 .debug_ranges  0x00000000000004c0       0xa0 build/stm32g4xx_hal_rcc.o
 .debug_ranges  0x0000000000000560       0xc0 build/stm32g4xx_hal_rcc_ex.o
 .debug_ranges  0x0000000000000620      0x130 build/stm32g4xx_hal_pwr_ex.o
 .debug_ranges  0x0000000000000750      0x110 build/stm32g4xx_hal_cortex.o
 .debug_ranges  0x0000000000000860       0x18 build/system_stm32g4xx.o
 .debug_ranges  0x0000000000000878       0x10 build/app_main.o
 .debug_ranges  0x0000000000000888       0x20 build/startup_stm32g474xx.o

.debug_line     0x0000000000000000     0x91e2
 .debug_line    0x0000000000000000      0x3c8 build/main.o
 .debug_line    0x00000000000003c8      0x325 build/gpio.o
 .debug_line    0x00000000000006ed      0x38d build/usart.o
 .debug_line    0x0000000000000a7a      0x317 build/stm32g4xx_it.o
 .debug_line    0x0000000000000d91      0x242 build/stm32g4xx_hal_msp.o
 .debug_line    0x0000000000000fd3      0x894 build/stm32g4xx_hal_gpio.o
 .debug_line    0x0000000000001867     0x2914 build/stm32g4xx_hal_uart.o
 .debug_line    0x000000000000417b      0x95a build/stm32g4xx_hal_uart_ex.o
 .debug_line    0x0000000000004ad5      0x74c build/stm32g4xx_hal.o
 .debug_line    0x0000000000005221     0x1007 build/stm32g4xx_hal_rcc.o
 .debug_line    0x0000000000006228     0x152c build/stm32g4xx_hal_rcc_ex.o
 .debug_line    0x0000000000007754      0xbbb build/stm32g4xx_hal_pwr_ex.o
 .debug_line    0x000000000000830f      0x90c build/stm32g4xx_hal_cortex.o
 .debug_line    0x0000000000008c1b      0x2d7 build/system_stm32g4xx.o
 .debug_line    0x0000000000008ef2      0x279 build/app_main.o
 .debug_line    0x000000000000916b       0x77 build/startup_stm32g474xx.o

.debug_str      0x0000000000000000     0x35e8
 .debug_str     0x0000000000000000      0xabd build/main.o
                                        0xcd5 (size before relaxing)
 .debug_str     0x0000000000000abd      0x7f8 build/gpio.o
                                        0xc0d (size before relaxing)
 .debug_str     0x00000000000012b5       0xb5 build/usart.o
                                        0xb35 (size before relaxing)
 .debug_str     0x000000000000136a       0xe2 build/stm32g4xx_it.o
                                        0x480 (size before relaxing)
 .debug_str     0x000000000000144c       0x4a build/stm32g4xx_hal_msp.o
                                        0x541 (size before relaxing)
 .debug_str     0x0000000000001496      0x13a build/stm32g4xx_hal_gpio.o
                                        0x74d (size before relaxing)
 .debug_str     0x00000000000015d0      0x8a5 build/stm32g4xx_hal_uart.o
                                       0x12f8 (size before relaxing)
 .debug_str     0x0000000000001e75      0x1dd build/stm32g4xx_hal_uart_ex.o
                                        0xbce (size before relaxing)
 .debug_str     0x0000000000002052      0x3f0 build/stm32g4xx_hal.o
                                        0xffd (size before relaxing)
 .debug_str     0x0000000000002442      0x287 build/stm32g4xx_hal_rcc.o
                                        0xa07 (size before relaxing)
 .debug_str     0x00000000000026c9      0x372 build/stm32g4xx_hal_rcc_ex.o
                                        0xc72 (size before relaxing)
 .debug_str     0x0000000000002a3b      0x4d3 build/stm32g4xx_hal_pwr_ex.o
                                        0x9e1 (size before relaxing)
 .debug_str     0x0000000000002f0e      0x42e build/stm32g4xx_hal_cortex.o
                                        0xf5a (size before relaxing)
 .debug_str     0x000000000000333c       0x3d build/system_stm32g4xx.o
                                        0x59c (size before relaxing)
 .debug_str     0x0000000000003379      0x24b build/app_main.o
                                        0xa90 (size before relaxing)
 .debug_str     0x00000000000035c4       0x24 build/startup_stm32g474xx.o
                                         0x48 (size before relaxing)

.comment        0x0000000000000000       0x4c
 .comment       0x0000000000000000       0x4c build/main.o
                                         0x4d (size before relaxing)
 .comment       0x000000000000004c       0x4d build/gpio.o
 .comment       0x000000000000004c       0x4d build/usart.o
 .comment       0x000000000000004c       0x4d build/stm32g4xx_it.o
 .comment       0x000000000000004c       0x4d build/stm32g4xx_hal_msp.o
 .comment       0x000000000000004c       0x4d build/stm32g4xx_hal_gpio.o
 .comment       0x000000000000004c       0x4d build/stm32g4xx_hal_uart.o
 .comment       0x000000000000004c       0x4d build/stm32g4xx_hal_uart_ex.o
 .comment       0x000000000000004c       0x4d build/stm32g4xx_hal.o
 .comment       0x000000000000004c       0x4d build/stm32g4xx_hal_rcc.o
 .comment       0x000000000000004c       0x4d build/stm32g4xx_hal_rcc_ex.o
 .comment       0x000000000000004c       0x4d build/stm32g4xx_hal_pwr_ex.o
 .comment       0x000000000000004c       0x4d build/stm32g4xx_hal_cortex.o
 .comment       0x000000000000004c       0x4d build/system_stm32g4xx.o
 .comment       0x000000000000004c       0x4d build/app_main.o

.debug_frame    0x0000000000000000     0x17b0
 .debug_frame   0x0000000000000000       0x68 build/main.o
 .debug_frame   0x0000000000000068       0x34 build/gpio.o
 .debug_frame   0x000000000000009c       0x60 build/usart.o
 .debug_frame   0x00000000000000fc       0xc0 build/stm32g4xx_it.o
 .debug_frame   0x00000000000001bc       0x2c build/stm32g4xx_hal_msp.o
 .debug_frame   0x00000000000001e8       0xfc build/stm32g4xx_hal_gpio.o
 .debug_frame   0x00000000000002e4      0x644 build/stm32g4xx_hal_uart.o
 .debug_frame   0x0000000000000928      0x17c build/stm32g4xx_hal_uart_ex.o
 .debug_frame   0x0000000000000aa4      0x298 build/stm32g4xx_hal.o
 .debug_frame   0x0000000000000d3c      0x1b4 build/stm32g4xx_hal_rcc.o
 .debug_frame   0x0000000000000ef0      0x1b0 build/stm32g4xx_hal_rcc_ex.o
 .debug_frame   0x00000000000010a0      0x2c0 build/stm32g4xx_hal_pwr_ex.o
 .debug_frame   0x0000000000001360      0x194 build/stm32g4xx_hal_cortex.o
 .debug_frame   0x00000000000014f4       0x30 build/system_stm32g4xx.o
 .debug_frame   0x0000000000001524       0x28 build/app_main.o
 .debug_frame   0x000000000000154c       0x2c /home/key/github/STM-Linux/gcc-arm-none-eabi-9-2020-q2-update/bin/../lib/gcc/arm-none-eabi/9.3.1/../../../../arm-none-eabi/lib/thumb/v7e-m+fp/hard/libc.a(lib_a-init.o)
 .debug_frame   0x0000000000001578       0x38 /home/key/github/STM-Linux/gcc-arm-none-eabi-9-2020-q2-update/bin/../lib/gcc/arm-none-eabi/9.3.1/../../../../arm-none-eabi/lib/thumb/v7e-m+fp/hard/libc.a(lib_a-memset.o)
 .debug_frame   0x00000000000015b0       0x68 /home/key/github/STM-Linux/gcc-arm-none-eabi-9-2020-q2-update/bin/../lib/gcc/arm-none-eabi/9.3.1/../../../../arm-none-eabi/lib/thumb/v7e-m+fp/hard/libc.a(lib_a-__call_atexit.o)
 .debug_frame   0x0000000000001618       0x20 /home/key/github/STM-Linux/gcc-arm-none-eabi-9-2020-q2-update/bin/../lib/gcc/arm-none-eabi/9.3.1/../../../../arm-none-eabi/lib/thumb/v7e-m+fp/hard/libc.a(lib_a-atexit.o)
 .debug_frame   0x0000000000001638       0x34 /home/key/github/STM-Linux/gcc-arm-none-eabi-9-2020-q2-update/bin/../lib/gcc/arm-none-eabi/9.3.1/../../../../arm-none-eabi/lib/thumb/v7e-m+fp/hard/libc.a(lib_a-fini.o)
 .debug_frame   0x000000000000166c       0xb0 /home/key/github/STM-Linux/gcc-arm-none-eabi-9-2020-q2-update/bin/../lib/gcc/arm-none-eabi/9.3.1/../../../../arm-none-eabi/lib/thumb/v7e-m+fp/hard/libc.a(lib_a-lock.o)
 .debug_frame   0x000000000000171c       0x34 /home/key/github/STM-Linux/gcc-arm-none-eabi-9-2020-q2-update/bin/../lib/gcc/arm-none-eabi/9.3.1/../../../../arm-none-eabi/lib/thumb/v7e-m+fp/hard/libc.a(lib_a-__atexit.o)
 .debug_frame   0x0000000000001750       0x2c /home/key/github/STM-Linux/gcc-arm-none-eabi-9-2020-q2-update/bin/../lib/gcc/arm-none-eabi/9.3.1/thumb/v7e-m+fp/hard/libgcc.a(_aeabi_uldivmod.o)
 .debug_frame   0x000000000000177c       0x34 /home/key/github/STM-Linux/gcc-arm-none-eabi-9-2020-q2-update/bin/../lib/gcc/arm-none-eabi/9.3.1/thumb/v7e-m+fp/hard/libgcc.a(_udivmoddi4.o)

.stabstr        0x0000000000000000       0x76
 .stabstr       0x0000000000000000       0x76 /home/key/github/STM-Linux/gcc-arm-none-eabi-9-2020-q2-update/bin/../lib/gcc/arm-none-eabi/9.3.1/../../../../arm-none-eabi/lib/thumb/v7e-m+fp/hard/libnosys.a(getpid.o)

Cross Reference Table

Symbol                                            File
ADC1_2_IRQHandler                                 build/startup_stm32g474xx.o
ADC3_IRQHandler                                   build/startup_stm32g474xx.o
ADC4_IRQHandler                                   build/startup_stm32g474xx.o
ADC5_IRQHandler                                   build/startup_stm32g474xx.o
AHBPrescTable                                     build/system_stm32g4xx.o
                                                  build/stm32g4xx_hal_rcc.o
APBPrescTable                                     build/system_stm32g4xx.o
                                                  build/stm32g4xx_hal_rcc.o
BusFault_Handler                                  build/stm32g4xx_it.o
COMP1_2_3_IRQHandler                              build/startup_stm32g474xx.o
COMP4_5_6_IRQHandler                              build/startup_stm32g474xx.o
COMP7_IRQHandler                                  build/startup_stm32g474xx.o
CORDIC_IRQHandler                                 build/startup_stm32g474xx.o
CRS_IRQHandler                                    build/startup_stm32g474xx.o
DMA1_Channel1_IRQHandler                          build/startup_stm32g474xx.o
DMA1_Channel2_IRQHandler                          build/startup_stm32g474xx.o
DMA1_Channel3_IRQHandler                          build/startup_stm32g474xx.o
DMA1_Channel4_IRQHandler                          build/startup_stm32g474xx.o
DMA1_Channel5_IRQHandler                          build/startup_stm32g474xx.o
DMA1_Channel6_IRQHandler                          build/startup_stm32g474xx.o
DMA1_Channel7_IRQHandler                          build/startup_stm32g474xx.o
DMA1_Channel8_IRQHandler                          build/startup_stm32g474xx.o
DMA2_Channel1_IRQHandler                          build/startup_stm32g474xx.o
DMA2_Channel2_IRQHandler                          build/startup_stm32g474xx.o
DMA2_Channel3_IRQHandler                          build/startup_stm32g474xx.o
DMA2_Channel4_IRQHandler                          build/startup_stm32g474xx.o
DMA2_Channel5_IRQHandler                          build/startup_stm32g474xx.o
DMA2_Channel6_IRQHandler                          build/startup_stm32g474xx.o
DMA2_Channel7_IRQHandler                          build/startup_stm32g474xx.o
DMA2_Channel8_IRQHandler                          build/startup_stm32g474xx.o
DMAMUX_OVR_IRQHandler                             build/startup_stm32g474xx.o
DebugMon_Handler                                  build/stm32g4xx_it.o
Default_Handler                                   build/startup_stm32g474xx.o
EXTI0_IRQHandler                                  build/startup_stm32g474xx.o
EXTI15_10_IRQHandler                              build/stm32g4xx_it.o
EXTI1_IRQHandler                                  build/startup_stm32g474xx.o
EXTI2_IRQHandler                                  build/startup_stm32g474xx.o
EXTI3_IRQHandler                                  build/startup_stm32g474xx.o
EXTI4_IRQHandler                                  build/startup_stm32g474xx.o
EXTI9_5_IRQHandler                                build/startup_stm32g474xx.o
Error_Handler                                     build/main.o
                                                  build/usart.o
FDCAN1_IT0_IRQHandler                             build/startup_stm32g474xx.o
FDCAN1_IT1_IRQHandler                             build/startup_stm32g474xx.o
FDCAN2_IT0_IRQHandler                             build/startup_stm32g474xx.o
FDCAN2_IT1_IRQHandler                             build/startup_stm32g474xx.o
FDCAN3_IT0_IRQHandler                             build/startup_stm32g474xx.o
FDCAN3_IT1_IRQHandler                             build/startup_stm32g474xx.o
FLASH_FlushCaches                                 build/stm32g4xx_hal_flash_ex.o
                                                  build/stm32g4xx_hal_flash.o
FLASH_IRQHandler                                  build/startup_stm32g474xx.o
FLASH_PageErase                                   build/stm32g4xx_hal_flash_ex.o
                                                  build/stm32g4xx_hal_flash.o
FLASH_WaitForLastOperation                        build/stm32g4xx_hal_flash.o
                                                  build/stm32g4xx_hal_flash_ex.o
FMAC_IRQHandler                                   build/startup_stm32g474xx.o
FMC_IRQHandler                                    build/startup_stm32g474xx.o
FPU_IRQHandler                                    build/startup_stm32g474xx.o
HAL_DBGMCU_DisableDBGSleepMode                    build/stm32g4xx_hal.o
HAL_DBGMCU_DisableDBGStandbyMode                  build/stm32g4xx_hal.o
HAL_DBGMCU_DisableDBGStopMode                     build/stm32g4xx_hal.o
HAL_DBGMCU_EnableDBGSleepMode                     build/stm32g4xx_hal.o
HAL_DBGMCU_EnableDBGStandbyMode                   build/stm32g4xx_hal.o
HAL_DBGMCU_EnableDBGStopMode                      build/stm32g4xx_hal.o
HAL_DMAEx_ConfigMuxRequestGenerator               build/stm32g4xx_hal_dma_ex.o
HAL_DMAEx_ConfigMuxSync                           build/stm32g4xx_hal_dma_ex.o
HAL_DMAEx_DisableMuxRequestGenerator              build/stm32g4xx_hal_dma_ex.o
HAL_DMAEx_EnableMuxRequestGenerator               build/stm32g4xx_hal_dma_ex.o
HAL_DMAEx_MUX_IRQHandler                          build/stm32g4xx_hal_dma_ex.o
HAL_DMA_Abort                                     build/stm32g4xx_hal_dma.o
                                                  build/stm32g4xx_hal_uart.o
HAL_DMA_Abort_IT                                  build/stm32g4xx_hal_dma.o
                                                  build/stm32g4xx_hal_uart.o
HAL_DMA_DeInit                                    build/stm32g4xx_hal_dma.o
HAL_DMA_GetError                                  build/stm32g4xx_hal_dma.o
                                                  build/stm32g4xx_hal_uart.o
HAL_DMA_GetState                                  build/stm32g4xx_hal_dma.o
HAL_DMA_IRQHandler                                build/stm32g4xx_hal_dma.o
HAL_DMA_Init                                      build/stm32g4xx_hal_dma.o
HAL_DMA_PollForTransfer                           build/stm32g4xx_hal_dma.o
HAL_DMA_RegisterCallback                          build/stm32g4xx_hal_dma.o
HAL_DMA_Start                                     build/stm32g4xx_hal_dma.o
HAL_DMA_Start_IT                                  build/stm32g4xx_hal_dma.o
                                                  build/stm32g4xx_hal_uart.o
HAL_DMA_UnRegisterCallback                        build/stm32g4xx_hal_dma.o
HAL_DeInit                                        build/stm32g4xx_hal.o
HAL_Delay                                         build/stm32g4xx_hal.o
                                                  build/app_main.o
                                                  build/main.o
HAL_EXTI_ClearConfigLine                          build/stm32g4xx_hal_exti.o
HAL_EXTI_ClearPending                             build/stm32g4xx_hal_exti.o
HAL_EXTI_GenerateSWI                              build/stm32g4xx_hal_exti.o
HAL_EXTI_GetConfigLine                            build/stm32g4xx_hal_exti.o
HAL_EXTI_GetHandle                                build/stm32g4xx_hal_exti.o
HAL_EXTI_GetPending                               build/stm32g4xx_hal_exti.o
HAL_EXTI_IRQHandler                               build/stm32g4xx_hal_exti.o
HAL_EXTI_RegisterCallback                         build/stm32g4xx_hal_exti.o
HAL_EXTI_SetConfigLine                            build/stm32g4xx_hal_exti.o
HAL_FLASHEx_DisableDebugger                       build/stm32g4xx_hal_flash_ex.o
HAL_FLASHEx_DisableRunPowerDown                   build/stm32g4xx_hal_flash_ramfunc.o
HAL_FLASHEx_EnableDebugger                        build/stm32g4xx_hal_flash_ex.o
HAL_FLASHEx_EnableRunPowerDown                    build/stm32g4xx_hal_flash_ramfunc.o
HAL_FLASHEx_EnableSecMemProtection                build/stm32g4xx_hal_flash_ex.o
HAL_FLASHEx_Erase                                 build/stm32g4xx_hal_flash_ex.o
HAL_FLASHEx_Erase_IT                              build/stm32g4xx_hal_flash_ex.o
HAL_FLASHEx_OBGetConfig                           build/stm32g4xx_hal_flash_ex.o
HAL_FLASHEx_OBProgram                             build/stm32g4xx_hal_flash_ex.o
HAL_FLASHEx_OB_DBankConfig                        build/stm32g4xx_hal_flash_ramfunc.o
HAL_FLASH_EndOfOperationCallback                  build/stm32g4xx_hal_flash.o
HAL_FLASH_GetError                                build/stm32g4xx_hal_flash.o
HAL_FLASH_IRQHandler                              build/stm32g4xx_hal_flash.o
HAL_FLASH_Lock                                    build/stm32g4xx_hal_flash.o
HAL_FLASH_OB_Launch                               build/stm32g4xx_hal_flash.o
HAL_FLASH_OB_Lock                                 build/stm32g4xx_hal_flash.o
HAL_FLASH_OB_Unlock                               build/stm32g4xx_hal_flash.o
HAL_FLASH_OperationErrorCallback                  build/stm32g4xx_hal_flash.o
HAL_FLASH_Program                                 build/stm32g4xx_hal_flash.o
HAL_FLASH_Program_IT                              build/stm32g4xx_hal_flash.o
HAL_FLASH_Unlock                                  build/stm32g4xx_hal_flash.o
HAL_GPIO_DeInit                                   build/stm32g4xx_hal_gpio.o
                                                  build/usart.o
HAL_GPIO_EXTI_Callback                            build/stm32g4xx_hal_gpio.o
HAL_GPIO_EXTI_IRQHandler                          build/stm32g4xx_hal_gpio.o
                                                  build/stm32g4xx_it.o
HAL_GPIO_Init                                     build/stm32g4xx_hal_gpio.o
                                                  build/stm32g4xx_hal_rcc_ex.o
                                                  build/stm32g4xx_hal_rcc.o
                                                  build/usart.o
                                                  build/gpio.o
HAL_GPIO_LockPin                                  build/stm32g4xx_hal_gpio.o
HAL_GPIO_ReadPin                                  build/stm32g4xx_hal_gpio.o
HAL_GPIO_TogglePin                                build/stm32g4xx_hal_gpio.o
HAL_GPIO_WritePin                                 build/stm32g4xx_hal_gpio.o
                                                  build/app_main.o
                                                  build/gpio.o
                                                  build/main.o
HAL_GetDEVID                                      build/stm32g4xx_hal.o
HAL_GetHalVersion                                 build/stm32g4xx_hal.o
HAL_GetREVID                                      build/stm32g4xx_hal.o
HAL_GetTick                                       build/stm32g4xx_hal.o
                                                  build/stm32g4xx_hal_dma.o
                                                  build/stm32g4xx_hal_flash.o
                                                  build/stm32g4xx_hal_rcc_ex.o
                                                  build/stm32g4xx_hal_rcc.o
                                                  build/stm32g4xx_hal_uart_ex.o
                                                  build/stm32g4xx_hal_uart.o
HAL_GetTickFreq                                   build/stm32g4xx_hal.o
HAL_GetTickPrio                                   build/stm32g4xx_hal.o
HAL_HalfDuplex_EnableReceiver                     build/stm32g4xx_hal_uart.o
HAL_HalfDuplex_EnableTransmitter                  build/stm32g4xx_hal_uart.o
HAL_HalfDuplex_Init                               build/stm32g4xx_hal_uart.o
HAL_IncTick                                       build/stm32g4xx_hal.o
                                                  build/stm32g4xx_it.o
HAL_Init                                          build/stm32g4xx_hal.o
                                                  build/main.o
HAL_InitTick                                      build/stm32g4xx_hal.o
                                                  build/stm32g4xx_hal_rcc.o
HAL_LIN_Init                                      build/stm32g4xx_hal_uart.o
HAL_LIN_SendBreak                                 build/stm32g4xx_hal_uart.o
HAL_MPU_ConfigRegion                              build/stm32g4xx_hal_cortex.o
HAL_MPU_Disable                                   build/stm32g4xx_hal_cortex.o
HAL_MPU_Enable                                    build/stm32g4xx_hal_cortex.o
HAL_MspDeInit                                     build/stm32g4xx_hal.o
HAL_MspInit                                       build/stm32g4xx_hal_msp.o
HAL_MultiProcessorEx_AddressLength_Set            build/stm32g4xx_hal_uart_ex.o
HAL_MultiProcessor_DisableMuteMode                build/stm32g4xx_hal_uart.o
HAL_MultiProcessor_EnableMuteMode                 build/stm32g4xx_hal_uart.o
HAL_MultiProcessor_EnterMuteMode                  build/stm32g4xx_hal_uart.o
HAL_MultiProcessor_Init                           build/stm32g4xx_hal_uart.o
HAL_NVIC_ClearPendingIRQ                          build/stm32g4xx_hal_cortex.o
HAL_NVIC_DisableIRQ                               build/stm32g4xx_hal_cortex.o
HAL_NVIC_EnableIRQ                                build/stm32g4xx_hal_cortex.o
                                                  build/gpio.o
HAL_NVIC_GetActive                                build/stm32g4xx_hal_cortex.o
HAL_NVIC_GetPendingIRQ                            build/stm32g4xx_hal_cortex.o
HAL_NVIC_GetPriority                              build/stm32g4xx_hal_cortex.o
HAL_NVIC_GetPriorityGrouping                      build/stm32g4xx_hal_cortex.o
HAL_NVIC_SetPendingIRQ                            build/stm32g4xx_hal_cortex.o
HAL_NVIC_SetPriority                              build/stm32g4xx_hal_cortex.o
                                                  build/stm32g4xx_hal.o
                                                  build/gpio.o
HAL_NVIC_SetPriorityGrouping                      build/stm32g4xx_hal_cortex.o
                                                  build/stm32g4xx_hal.o
HAL_NVIC_SystemReset                              build/stm32g4xx_hal_cortex.o
HAL_PWREx_ConfigPVM                               build/stm32g4xx_hal_pwr_ex.o
HAL_PWREx_ControlVoltageScaling                   build/stm32g4xx_hal_pwr_ex.o
                                                  build/main.o
HAL_PWREx_DisableBatteryCharging                  build/stm32g4xx_hal_pwr_ex.o
HAL_PWREx_DisableGPIOPullDown                     build/stm32g4xx_hal_pwr_ex.o
HAL_PWREx_DisableGPIOPullUp                       build/stm32g4xx_hal_pwr_ex.o
HAL_PWREx_DisableInternalWakeUpLine               build/stm32g4xx_hal_pwr_ex.o
HAL_PWREx_DisableLowPowerRunMode                  build/stm32g4xx_hal_pwr_ex.o
                                                  build/stm32g4xx_hal_pwr.o
HAL_PWREx_DisablePVM1                             build/stm32g4xx_hal_pwr_ex.o
HAL_PWREx_DisablePVM2                             build/stm32g4xx_hal_pwr_ex.o
HAL_PWREx_DisablePVM3                             build/stm32g4xx_hal_pwr_ex.o
HAL_PWREx_DisablePVM4                             build/stm32g4xx_hal_pwr_ex.o
HAL_PWREx_DisablePullUpPullDownConfig             build/stm32g4xx_hal_pwr_ex.o
HAL_PWREx_DisableSRAM2ContentRetention            build/stm32g4xx_hal_pwr_ex.o
HAL_PWREx_DisableUCPDDeadBattery                  build/stm32g4xx_hal_pwr_ex.o
                                                  build/stm32g4xx_hal_msp.o
HAL_PWREx_DisableUCPDStandbyMode                  build/stm32g4xx_hal_pwr_ex.o
HAL_PWREx_EnableBatteryCharging                   build/stm32g4xx_hal_pwr_ex.o
HAL_PWREx_EnableGPIOPullDown                      build/stm32g4xx_hal_pwr_ex.o
HAL_PWREx_EnableGPIOPullUp                        build/stm32g4xx_hal_pwr_ex.o
HAL_PWREx_EnableInternalWakeUpLine                build/stm32g4xx_hal_pwr_ex.o
HAL_PWREx_EnableLowPowerRunMode                   build/stm32g4xx_hal_pwr_ex.o
                                                  build/stm32g4xx_hal_pwr.o
HAL_PWREx_EnablePVM1                              build/stm32g4xx_hal_pwr_ex.o
HAL_PWREx_EnablePVM2                              build/stm32g4xx_hal_pwr_ex.o
HAL_PWREx_EnablePVM3                              build/stm32g4xx_hal_pwr_ex.o
HAL_PWREx_EnablePVM4                              build/stm32g4xx_hal_pwr_ex.o
HAL_PWREx_EnablePullUpPullDownConfig              build/stm32g4xx_hal_pwr_ex.o
HAL_PWREx_EnableSRAM2ContentRetention             build/stm32g4xx_hal_pwr_ex.o
HAL_PWREx_EnableUCPDDeadBattery                   build/stm32g4xx_hal_pwr_ex.o
HAL_PWREx_EnableUCPDStandbyMode                   build/stm32g4xx_hal_pwr_ex.o
HAL_PWREx_EnterSHUTDOWNMode                       build/stm32g4xx_hal_pwr_ex.o
HAL_PWREx_EnterSTOP0Mode                          build/stm32g4xx_hal_pwr_ex.o
                                                  build/stm32g4xx_hal_pwr.o
HAL_PWREx_EnterSTOP1Mode                          build/stm32g4xx_hal_pwr_ex.o
                                                  build/stm32g4xx_hal_pwr.o
HAL_PWREx_GetVoltageRange                         build/stm32g4xx_hal_pwr_ex.o
HAL_PWREx_PVD_PVM_IRQHandler                      build/stm32g4xx_hal_pwr_ex.o
HAL_PWREx_PVM1Callback                            build/stm32g4xx_hal_pwr_ex.o
HAL_PWREx_PVM2Callback                            build/stm32g4xx_hal_pwr_ex.o
HAL_PWREx_PVM3Callback                            build/stm32g4xx_hal_pwr_ex.o
HAL_PWREx_PVM4Callback                            build/stm32g4xx_hal_pwr_ex.o
HAL_PWR_ConfigPVD                                 build/stm32g4xx_hal_pwr.o
HAL_PWR_DeInit                                    build/stm32g4xx_hal_pwr.o
HAL_PWR_DisableBkUpAccess                         build/stm32g4xx_hal_pwr.o
                                                  build/stm32g4xx_hal_rcc_ex.o
HAL_PWR_DisablePVD                                build/stm32g4xx_hal_pwr.o
HAL_PWR_DisableSEVOnPend                          build/stm32g4xx_hal_pwr.o
HAL_PWR_DisableSleepOnExit                        build/stm32g4xx_hal_pwr.o
HAL_PWR_DisableWakeUpPin                          build/stm32g4xx_hal_pwr.o
HAL_PWR_EnableBkUpAccess                          build/stm32g4xx_hal_pwr.o
                                                  build/stm32g4xx_hal_rcc_ex.o
HAL_PWR_EnablePVD                                 build/stm32g4xx_hal_pwr.o
HAL_PWR_EnableSEVOnPend                           build/stm32g4xx_hal_pwr.o
HAL_PWR_EnableSleepOnExit                         build/stm32g4xx_hal_pwr.o
HAL_PWR_EnableWakeUpPin                           build/stm32g4xx_hal_pwr.o
HAL_PWR_EnterSLEEPMode                            build/stm32g4xx_hal_pwr.o
HAL_PWR_EnterSTANDBYMode                          build/stm32g4xx_hal_pwr.o
HAL_PWR_EnterSTOPMode                             build/stm32g4xx_hal_pwr.o
HAL_PWR_PVDCallback                               build/stm32g4xx_hal_pwr.o
                                                  build/stm32g4xx_hal_pwr_ex.o
HAL_RCCEx_CRSConfig                               build/stm32g4xx_hal_rcc_ex.o
HAL_RCCEx_CRSGetSynchronizationInfo               build/stm32g4xx_hal_rcc_ex.o
HAL_RCCEx_CRSSoftwareSynchronizationGenerate      build/stm32g4xx_hal_rcc_ex.o
HAL_RCCEx_CRSWaitSynchronization                  build/stm32g4xx_hal_rcc_ex.o
HAL_RCCEx_CRS_ErrorCallback                       build/stm32g4xx_hal_rcc_ex.o
HAL_RCCEx_CRS_ExpectedSyncCallback                build/stm32g4xx_hal_rcc_ex.o
HAL_RCCEx_CRS_IRQHandler                          build/stm32g4xx_hal_rcc_ex.o
HAL_RCCEx_CRS_SyncOkCallback                      build/stm32g4xx_hal_rcc_ex.o
HAL_RCCEx_CRS_SyncWarnCallback                    build/stm32g4xx_hal_rcc_ex.o
HAL_RCCEx_DisableLSCO                             build/stm32g4xx_hal_rcc_ex.o
HAL_RCCEx_DisableLSECSS                           build/stm32g4xx_hal_rcc_ex.o
HAL_RCCEx_EnableLSCO                              build/stm32g4xx_hal_rcc_ex.o
HAL_RCCEx_EnableLSECSS                            build/stm32g4xx_hal_rcc_ex.o
HAL_RCCEx_EnableLSECSS_IT                         build/stm32g4xx_hal_rcc_ex.o
HAL_RCCEx_GetPeriphCLKConfig                      build/stm32g4xx_hal_rcc_ex.o
HAL_RCCEx_GetPeriphCLKFreq                        build/stm32g4xx_hal_rcc_ex.o
HAL_RCCEx_LSECSS_Callback                         build/stm32g4xx_hal_rcc_ex.o
HAL_RCCEx_LSECSS_IRQHandler                       build/stm32g4xx_hal_rcc_ex.o
HAL_RCCEx_PeriphCLKConfig                         build/stm32g4xx_hal_rcc_ex.o
                                                  build/main.o
HAL_RCC_CSSCallback                               build/stm32g4xx_hal_rcc.o
HAL_RCC_ClockConfig                               build/stm32g4xx_hal_rcc.o
                                                  build/main.o
HAL_RCC_DeInit                                    build/stm32g4xx_hal_rcc.o
HAL_RCC_DisableLSECSS                             build/stm32g4xx_hal_rcc.o
HAL_RCC_EnableCSS                                 build/stm32g4xx_hal_rcc.o
HAL_RCC_EnableLSECSS                              build/stm32g4xx_hal_rcc.o
HAL_RCC_GetClockConfig                            build/stm32g4xx_hal_rcc.o
HAL_RCC_GetHCLKFreq                               build/stm32g4xx_hal_rcc.o
HAL_RCC_GetOscConfig                              build/stm32g4xx_hal_rcc.o
HAL_RCC_GetPCLK1Freq                              build/stm32g4xx_hal_rcc.o
                                                  build/stm32g4xx_hal_rcc_ex.o
                                                  build/stm32g4xx_hal_uart.o
HAL_RCC_GetPCLK2Freq                              build/stm32g4xx_hal_rcc.o
                                                  build/stm32g4xx_hal_rcc_ex.o
                                                  build/stm32g4xx_hal_uart.o
HAL_RCC_GetSysClockFreq                           build/stm32g4xx_hal_rcc.o
                                                  build/stm32g4xx_hal_rcc_ex.o
                                                  build/stm32g4xx_hal_uart.o
HAL_RCC_MCOConfig                                 build/stm32g4xx_hal_rcc.o
HAL_RCC_NMI_IRQHandler                            build/stm32g4xx_hal_rcc.o
HAL_RCC_OscConfig                                 build/stm32g4xx_hal_rcc.o
                                                  build/main.o
HAL_RS485Ex_Init                                  build/stm32g4xx_hal_uart_ex.o
HAL_ResumeTick                                    build/stm32g4xx_hal.o
HAL_SYSCFG_CCMSRAMErase                           build/stm32g4xx_hal.o
HAL_SYSCFG_CCMSRAM_WriteProtectionEnable          build/stm32g4xx_hal.o
HAL_SYSCFG_DisableIOSwitchBooster                 build/stm32g4xx_hal.o
HAL_SYSCFG_DisableIOSwitchVDD                     build/stm32g4xx_hal.o
HAL_SYSCFG_DisableMemorySwappingBank              build/stm32g4xx_hal.o
HAL_SYSCFG_DisableVREFBUF                         build/stm32g4xx_hal.o
HAL_SYSCFG_EnableIOSwitchBooster                  build/stm32g4xx_hal.o
HAL_SYSCFG_EnableIOSwitchVDD                      build/stm32g4xx_hal.o
HAL_SYSCFG_EnableMemorySwappingBank               build/stm32g4xx_hal.o
HAL_SYSCFG_EnableVREFBUF                          build/stm32g4xx_hal.o
HAL_SYSCFG_VREFBUF_HighImpedanceConfig            build/stm32g4xx_hal.o
HAL_SYSCFG_VREFBUF_TrimmingConfig                 build/stm32g4xx_hal.o
HAL_SYSCFG_VREFBUF_VoltageScalingConfig           build/stm32g4xx_hal.o
HAL_SYSTICK_CLKSourceConfig                       build/stm32g4xx_hal_cortex.o
HAL_SYSTICK_Callback                              build/stm32g4xx_hal_cortex.o
HAL_SYSTICK_Config                                build/stm32g4xx_hal_cortex.o
                                                  build/stm32g4xx_hal.o
HAL_SYSTICK_IRQHandler                            build/stm32g4xx_hal_cortex.o
HAL_SetTickFreq                                   build/stm32g4xx_hal.o
HAL_SuspendTick                                   build/stm32g4xx_hal.o
HAL_UARTEx_DisableFifoMode                        build/stm32g4xx_hal_uart_ex.o
                                                  build/usart.o
HAL_UARTEx_DisableStopMode                        build/stm32g4xx_hal_uart_ex.o
HAL_UARTEx_EnableFifoMode                         build/stm32g4xx_hal_uart_ex.o
HAL_UARTEx_EnableStopMode                         build/stm32g4xx_hal_uart_ex.o
HAL_UARTEx_RxFifoFullCallback                     build/stm32g4xx_hal_uart_ex.o
                                                  build/stm32g4xx_hal_uart.o
HAL_UARTEx_SetRxFifoThreshold                     build/stm32g4xx_hal_uart_ex.o
                                                  build/usart.o
HAL_UARTEx_SetTxFifoThreshold                     build/stm32g4xx_hal_uart_ex.o
                                                  build/usart.o
HAL_UARTEx_StopModeWakeUpSourceConfig             build/stm32g4xx_hal_uart_ex.o
HAL_UARTEx_TxFifoEmptyCallback                    build/stm32g4xx_hal_uart_ex.o
                                                  build/stm32g4xx_hal_uart.o
HAL_UARTEx_WakeupCallback                         build/stm32g4xx_hal_uart_ex.o
                                                  build/stm32g4xx_hal_uart.o
HAL_UART_Abort                                    build/stm32g4xx_hal_uart.o
HAL_UART_AbortCpltCallback                        build/stm32g4xx_hal_uart.o
HAL_UART_AbortReceive                             build/stm32g4xx_hal_uart.o
HAL_UART_AbortReceiveCpltCallback                 build/stm32g4xx_hal_uart.o
HAL_UART_AbortReceive_IT                          build/stm32g4xx_hal_uart.o
HAL_UART_AbortTransmit                            build/stm32g4xx_hal_uart.o
HAL_UART_AbortTransmitCpltCallback                build/stm32g4xx_hal_uart.o
HAL_UART_AbortTransmit_IT                         build/stm32g4xx_hal_uart.o
HAL_UART_Abort_IT                                 build/stm32g4xx_hal_uart.o
HAL_UART_DMAPause                                 build/stm32g4xx_hal_uart.o
HAL_UART_DMAResume                                build/stm32g4xx_hal_uart.o
HAL_UART_DMAStop                                  build/stm32g4xx_hal_uart.o
HAL_UART_DeInit                                   build/stm32g4xx_hal_uart.o
HAL_UART_DisableReceiverTimeout                   build/stm32g4xx_hal_uart.o
HAL_UART_EnableReceiverTimeout                    build/stm32g4xx_hal_uart.o
HAL_UART_ErrorCallback                            build/stm32g4xx_hal_uart.o
HAL_UART_GetError                                 build/stm32g4xx_hal_uart.o
HAL_UART_GetState                                 build/stm32g4xx_hal_uart.o
HAL_UART_IRQHandler                               build/stm32g4xx_hal_uart.o
HAL_UART_Init                                     build/stm32g4xx_hal_uart.o
                                                  build/usart.o
HAL_UART_MspDeInit                                build/usart.o
HAL_UART_MspInit                                  build/usart.o
                                                  build/stm32g4xx_hal_uart_ex.o
HAL_UART_Receive                                  build/stm32g4xx_hal_uart.o
HAL_UART_Receive_DMA                              build/stm32g4xx_hal_uart.o
HAL_UART_Receive_IT                               build/stm32g4xx_hal_uart.o
HAL_UART_ReceiverTimeout_Config                   build/stm32g4xx_hal_uart.o
HAL_UART_RxCpltCallback                           build/stm32g4xx_hal_uart.o
HAL_UART_RxHalfCpltCallback                       build/stm32g4xx_hal_uart.o
HAL_UART_Transmit                                 build/stm32g4xx_hal_uart.o
HAL_UART_Transmit_DMA                             build/stm32g4xx_hal_uart.o
HAL_UART_Transmit_IT                              build/stm32g4xx_hal_uart.o
HAL_UART_TxCpltCallback                           build/stm32g4xx_hal_uart.o
HAL_UART_TxHalfCpltCallback                       build/stm32g4xx_hal_uart.o
HRTIM1_FLT_IRQHandler                             build/startup_stm32g474xx.o
HRTIM1_Master_IRQHandler                          build/startup_stm32g474xx.o
HRTIM1_TIMA_IRQHandler                            build/startup_stm32g474xx.o
HRTIM1_TIMB_IRQHandler                            build/startup_stm32g474xx.o
HRTIM1_TIMC_IRQHandler                            build/startup_stm32g474xx.o
HRTIM1_TIMD_IRQHandler                            build/startup_stm32g474xx.o
HRTIM1_TIME_IRQHandler                            build/startup_stm32g474xx.o
HRTIM1_TIMF_IRQHandler                            build/startup_stm32g474xx.o
HardFault_Handler                                 build/stm32g4xx_it.o
I2C1_ER_IRQHandler                                build/startup_stm32g474xx.o
I2C1_EV_IRQHandler                                build/startup_stm32g474xx.o
I2C2_ER_IRQHandler                                build/startup_stm32g474xx.o
I2C2_EV_IRQHandler                                build/startup_stm32g474xx.o
I2C3_ER_IRQHandler                                build/startup_stm32g474xx.o
I2C3_EV_IRQHandler                                build/startup_stm32g474xx.o
I2C4_ER_IRQHandler                                build/startup_stm32g474xx.o
I2C4_EV_IRQHandler                                build/startup_stm32g474xx.o
LPTIM1_IRQHandler                                 build/startup_stm32g474xx.o
LPUART1_IRQHandler                                build/startup_stm32g474xx.o
MX_GPIO_Init                                      build/gpio.o
                                                  build/main.o
MX_LPUART1_UART_Init                              build/usart.o
                                                  build/main.o
MemManage_Handler                                 build/stm32g4xx_it.o
NMI_Handler                                       build/stm32g4xx_it.o
PVD_PVM_IRQHandler                                build/startup_stm32g474xx.o
PendSV_Handler                                    build/stm32g4xx_it.o
QUADSPI_IRQHandler                                build/startup_stm32g474xx.o
RCC_IRQHandler                                    build/startup_stm32g474xx.o
RNG_IRQHandler                                    build/startup_stm32g474xx.o
RTC_Alarm_IRQHandler                              build/startup_stm32g474xx.o
RTC_TAMP_LSECSS_IRQHandler                        build/startup_stm32g474xx.o
RTC_WKUP_IRQHandler                               build/startup_stm32g474xx.o
Reset_Handler                                     build/startup_stm32g474xx.o
SAI1_IRQHandler                                   build/startup_stm32g474xx.o
SPI1_IRQHandler                                   build/startup_stm32g474xx.o
SPI2_IRQHandler                                   build/startup_stm32g474xx.o
SPI3_IRQHandler                                   build/startup_stm32g474xx.o
SPI4_IRQHandler                                   build/startup_stm32g474xx.o
SVC_Handler                                       build/stm32g4xx_it.o
SysTick_Handler                                   build/stm32g4xx_it.o
SystemClock_Config                                build/main.o
SystemCoreClock                                   build/system_stm32g4xx.o
                                                  build/stm32g4xx_hal_pwr_ex.o
                                                  build/stm32g4xx_hal_flash_ramfunc.o
                                                  build/stm32g4xx_hal_rcc.o
                                                  build/stm32g4xx_hal.o
SystemCoreClockUpdate                             build/system_stm32g4xx.o
SystemInit                                        build/system_stm32g4xx.o
                                                  build/startup_stm32g474xx.o
TIM1_BRK_TIM15_IRQHandler                         build/startup_stm32g474xx.o
TIM1_CC_IRQHandler                                build/startup_stm32g474xx.o
TIM1_TRG_COM_TIM17_IRQHandler                     build/startup_stm32g474xx.o
TIM1_UP_TIM16_IRQHandler                          build/startup_stm32g474xx.o
TIM20_BRK_IRQHandler                              build/startup_stm32g474xx.o
TIM20_CC_IRQHandler                               build/startup_stm32g474xx.o
TIM20_TRG_COM_IRQHandler                          build/startup_stm32g474xx.o
TIM20_UP_IRQHandler                               build/startup_stm32g474xx.o
TIM2_IRQHandler                                   build/startup_stm32g474xx.o
TIM3_IRQHandler                                   build/startup_stm32g474xx.o
TIM4_IRQHandler                                   build/startup_stm32g474xx.o
TIM5_IRQHandler                                   build/startup_stm32g474xx.o
TIM6_DAC_IRQHandler                               build/startup_stm32g474xx.o
TIM7_DAC_IRQHandler                               build/startup_stm32g474xx.o
TIM8_BRK_IRQHandler                               build/startup_stm32g474xx.o
TIM8_CC_IRQHandler                                build/startup_stm32g474xx.o
TIM8_TRG_COM_IRQHandler                           build/startup_stm32g474xx.o
TIM8_UP_IRQHandler                                build/startup_stm32g474xx.o
UART4_IRQHandler                                  build/startup_stm32g474xx.o
UART5_IRQHandler                                  build/startup_stm32g474xx.o
UARTPrescTable                                    build/stm32g4xx_hal_uart.o
UART_AdvFeatureConfig                             build/stm32g4xx_hal_uart.o
                                                  build/stm32g4xx_hal_uart_ex.o
UART_CheckIdleState                               build/stm32g4xx_hal_uart.o
                                                  build/stm32g4xx_hal_uart_ex.o
UART_SetConfig                                    build/stm32g4xx_hal_uart.o
                                                  build/stm32g4xx_hal_uart_ex.o
UART_WaitOnFlagUntilTimeout                       build/stm32g4xx_hal_uart.o
                                                  build/stm32g4xx_hal_uart_ex.o
UCPD1_IRQHandler                                  build/startup_stm32g474xx.o
USART1_IRQHandler                                 build/startup_stm32g474xx.o
USART2_IRQHandler                                 build/startup_stm32g474xx.o
USART3_IRQHandler                                 build/startup_stm32g474xx.o
USBWakeUp_IRQHandler                              build/startup_stm32g474xx.o
USB_HP_IRQHandler                                 build/startup_stm32g474xx.o
USB_LP_IRQHandler                                 build/startup_stm32g474xx.o
UsageFault_Handler                                build/stm32g4xx_it.o
WWDG_IRQHandler                                   build/startup_stm32g474xx.o
_Unwind_Backtrace                                 /home/key/github/STM-Linux/gcc-arm-none-eabi-9-2020-q2-update/bin/../lib/gcc/arm-none-eabi/9.3.1/thumb/v7e-m+fp/hard/libgcc.a(libunwind.o)
_Unwind_Complete                                  /home/key/github/STM-Linux/gcc-arm-none-eabi-9-2020-q2-update/bin/../lib/gcc/arm-none-eabi/9.3.1/thumb/v7e-m+fp/hard/libgcc.a(unwind-arm.o)
_Unwind_DeleteException                           /home/key/github/STM-Linux/gcc-arm-none-eabi-9-2020-q2-update/bin/../lib/gcc/arm-none-eabi/9.3.1/thumb/v7e-m+fp/hard/libgcc.a(unwind-arm.o)
_Unwind_ForcedUnwind                              /home/key/github/STM-Linux/gcc-arm-none-eabi-9-2020-q2-update/bin/../lib/gcc/arm-none-eabi/9.3.1/thumb/v7e-m+fp/hard/libgcc.a(libunwind.o)
_Unwind_GetCFA                                    /home/key/github/STM-Linux/gcc-arm-none-eabi-9-2020-q2-update/bin/../lib/gcc/arm-none-eabi/9.3.1/thumb/v7e-m+fp/hard/libgcc.a(unwind-arm.o)